Component: ARM Compiler 5.06 update 6 (build 750) Tool: armlink [4d35ed]

==============================================================================

Section Cross References

    startup_stm32h743xx.o(STACK) refers (Special) to heapauxi.o(.text) for __use_two_region_memory
    startup_stm32h743xx.o(HEAP) refers (Special) to heapauxi.o(.text) for __use_two_region_memory
    startup_stm32h743xx.o(RESET) refers (Special) to heapauxi.o(.text) for __use_two_region_memory
    startup_stm32h743xx.o(RESET) refers to startup_stm32h743xx.o(STACK) for __initial_sp
    startup_stm32h743xx.o(RESET) refers to startup_stm32h743xx.o(.text) for Reset_Handler
    startup_stm32h743xx.o(RESET) refers to stm32h7xx_it.o(i.NMI_Handler) for NMI_Handler
    startup_stm32h743xx.o(RESET) refers to stm32h7xx_it.o(i.HardFault_Handler) for HardFault_Handler
    startup_stm32h743xx.o(RESET) refers to stm32h7xx_it.o(i.MemManage_Handler) for MemManage_Handler
    startup_stm32h743xx.o(RESET) refers to stm32h7xx_it.o(i.BusFault_Handler) for BusFault_Handler
    startup_stm32h743xx.o(RESET) refers to stm32h7xx_it.o(i.UsageFault_Handler) for UsageFault_Handler
    startup_stm32h743xx.o(RESET) refers to port.o(.emb_text) for SVC_Handler
    startup_stm32h743xx.o(RESET) refers to stm32h7xx_it.o(i.DebugMon_Handler) for DebugMon_Handler
    startup_stm32h743xx.o(RESET) refers to port.o(i.SysTick_Handler) for SysTick_Handler
    startup_stm32h743xx.o(RESET) refers to stm32h7xx_it.o(i.DMA1_Stream0_IRQHandler) for DMA1_Stream0_IRQHandler
    startup_stm32h743xx.o(RESET) refers to stm32h7xx_it.o(i.DMA1_Stream1_IRQHandler) for DMA1_Stream1_IRQHandler
    startup_stm32h743xx.o(RESET) refers to stm32h7xx_it.o(i.DMA1_Stream2_IRQHandler) for DMA1_Stream2_IRQHandler
    startup_stm32h743xx.o(RESET) refers to stm32h7xx_it.o(i.DMA1_Stream3_IRQHandler) for DMA1_Stream3_IRQHandler
    startup_stm32h743xx.o(RESET) refers to stm32h7xx_it.o(i.DMA1_Stream4_IRQHandler) for DMA1_Stream4_IRQHandler
    startup_stm32h743xx.o(RESET) refers to stm32h7xx_it.o(i.TIM1_UP_IRQHandler) for TIM1_UP_IRQHandler
    startup_stm32h743xx.o(RESET) refers to stm32h7xx_it.o(i.TIM3_IRQHandler) for TIM3_IRQHandler
    startup_stm32h743xx.o(RESET) refers to stm32h7xx_it.o(i.USART2_IRQHandler) for USART2_IRQHandler
    startup_stm32h743xx.o(RESET) refers to stm32h7xx_it.o(i.SDMMC1_IRQHandler) for SDMMC1_IRQHandler
    startup_stm32h743xx.o(RESET) refers to stm32h7xx_it.o(i.UART5_IRQHandler) for UART5_IRQHandler
    startup_stm32h743xx.o(RESET) refers to stm32h7xx_it.o(i.USART6_IRQHandler) for USART6_IRQHandler
    startup_stm32h743xx.o(RESET) refers to stm32h7xx_it.o(i.UART8_IRQHandler) for UART8_IRQHandler
    startup_stm32h743xx.o(.text) refers (Special) to heapauxi.o(.text) for __use_two_region_memory
    startup_stm32h743xx.o(.text) refers to system_stm32h7xx.o(i.ExitRun0Mode) for ExitRun0Mode
    startup_stm32h743xx.o(.text) refers to system_stm32h7xx.o(i.SystemInit) for SystemInit
    startup_stm32h743xx.o(.text) refers to __main.o(!!!main) for __main
    startup_stm32h743xx.o(.text) refers to startup_stm32h743xx.o(HEAP) for Heap_Mem
    startup_stm32h743xx.o(.text) refers to startup_stm32h743xx.o(STACK) for Stack_Mem
    main.o(i.HAL_TIM_PeriodElapsedCallback) refers to stm32h7xx_hal.o(i.HAL_IncTick) for HAL_IncTick
    main.o(i.HAL_TIM_PeriodElapsedCallback) refers to queue.o(i.xQueueGiveFromISR) for xQueueGiveFromISR
    main.o(i.HAL_TIM_PeriodElapsedCallback) refers to control.o(.data) for ControlHigherTaskSwitch
    main.o(i.HAL_TIM_PeriodElapsedCallback) refers to control.o(.data) for ControlSemaphore
    main.o(i.MX_DMA_Init) refers to stm32h7xx_hal_cortex.o(i.HAL_NVIC_SetPriority) for HAL_NVIC_SetPriority
    main.o(i.MX_DMA_Init) refers to stm32h7xx_hal_cortex.o(i.HAL_NVIC_EnableIRQ) for HAL_NVIC_EnableIRQ
    main.o(i.MX_GPIO_Init) refers to rt_memclr_w.o(.text) for __aeabi_memclr4
    main.o(i.MX_GPIO_Init) refers to stm32h7xx_hal_gpio.o(i.HAL_GPIO_WritePin) for HAL_GPIO_WritePin
    main.o(i.MX_GPIO_Init) refers to stm32h7xx_hal_gpio.o(i.HAL_GPIO_Init) for HAL_GPIO_Init
    main.o(i.MX_TIM2_Init) refers to rt_memclr_w.o(.text) for __aeabi_memclr4
    main.o(i.MX_TIM2_Init) refers to stm32h7xx_hal_tim.o(i.HAL_TIM_Base_Init) for HAL_TIM_Base_Init
    main.o(i.MX_TIM2_Init) refers to stm32h7xx_hal_tim.o(i.HAL_TIM_ConfigClockSource) for HAL_TIM_ConfigClockSource
    main.o(i.MX_TIM2_Init) refers to stm32h7xx_hal_tim.o(i.HAL_TIM_PWM_Init) for HAL_TIM_PWM_Init
    main.o(i.MX_TIM2_Init) refers to stm32h7xx_hal_tim_ex.o(i.HAL_TIMEx_MasterConfigSynchronization) for HAL_TIMEx_MasterConfigSynchronization
    main.o(i.MX_TIM2_Init) refers to stm32h7xx_hal_tim.o(i.HAL_TIM_PWM_ConfigChannel) for HAL_TIM_PWM_ConfigChannel
    main.o(i.MX_TIM2_Init) refers to stm32h7xx_hal_msp.o(i.HAL_TIM_MspPostInit) for HAL_TIM_MspPostInit
    main.o(i.MX_TIM2_Init) refers to main.o(.bss) for .bss
[...]
    HardFault_Handler                        0x08005b0b   Thumb Code     2  stm32h7xx_it.o(i.HardFault_Handler)
    LEDTwinkTask                             0x08005b0d   Thumb Code    22  taskinit.o(i.LEDTwinkTask)
    MX_FATFS_Init                            0x08005b95   Thumb Code    16  fatfs.o(i.MX_FATFS_Init)
    MYZControl                               0x080060d5   Thumb Code   444  control.o(i.MYZControl)
    MemManage_Handler                        0x080062ed   Thumb Code     2  stm32h7xx_it.o(i.MemManage_Handler)
    NMI_Handler                              0x080062ef   Thumb Code     2  stm32h7xx_it.o(i.NMI_Handler)
    NavigationSolution                       0x080062f1   Thumb Code    14  navigation.o(i.NavigationSolution)
    NavigationTask                           0x08006309   Thumb Code    44  taskinit.o(i.NavigationTask)
    ReceiverDataConvert                      0x08006581   Thumb Code   378  receiver.o(i.ReceiverDataConvert)
    ReceiverSolution                         0x08006711   Thumb Code     2  receiver.o(i.ReceiverSolution)
    ReceiverTask                             0x08006715   Thumb Code    64  taskinit.o(i.ReceiverTask)
    SDMMC1_IRQHandler                        0x08006769   Thumb Code     6  stm32h7xx_it.o(i.SDMMC1_IRQHandler)
    SDMMC_CmdAppCommand                      0x08006775   Thumb Code    52  stm32h7xx_ll_sdmmc.o(i.SDMMC_CmdAppCommand)
    SDMMC_CmdAppOperCommand                  0x080067a9   Thumb Code    46  stm32h7xx_ll_sdmmc.o(i.SDMMC_CmdAppOperCommand)
    SDMMC_CmdBlockLength                     0x080067d7   Thumb Code    50  stm32h7xx_ll_sdmmc.o(i.SDMMC_CmdBlockLength)
    SDMMC_CmdBusWidth                        0x08006809   Thumb Code    52  stm32h7xx_ll_sdmmc.o(i.SDMMC_CmdBusWidth)
    SDMMC_CmdGoIdleState                     0x0800683d   Thumb Code    74  stm32h7xx_ll_sdmmc.o(i.SDMMC_CmdGoIdleState)
    SDMMC_CmdOperCond                        0x08006891   Thumb Code    40  stm32h7xx_ll_sdmmc.o(i.SDMMC_CmdOperCond)
    SDMMC_CmdReadMultiBlock                  0x080068b9   Thumb Code    52  stm32h7xx_ll_sdmmc.o(i.SDMMC_CmdReadMultiBlock)
    SDMMC_CmdReadSingleBlock                 0x080068ed   Thumb Code    52  stm32h7xx_ll_sdmmc.o(i.SDMMC_CmdReadSingleBlock)
    SDMMC_CmdSelDesel                        0x08006921   Thumb Code    52  stm32h7xx_ll_sdmmc.o(i.SDMMC_CmdSelDesel)
    SDMMC_CmdSendCID                         0x08006955   Thumb Code    44  stm32h7xx_ll_sdmmc.o(i.SDMMC_CmdSendCID)
    SDMMC_CmdSendCSD                         0x08006981   Thumb Code    48  stm32h7xx_ll_sdmmc.o(i.SDMMC_CmdSendCSD)
    SDMMC_CmdSendSCR                         0x080069b1   Thumb Code    50  stm32h7xx_ll_sdmmc.o(i.SDMMC_CmdSendSCR)
    SDMMC_CmdSendStatus                      0x080069e3   Thumb Code    52  stm32h7xx_ll_sdmmc.o(i.SDMMC_CmdSendStatus)
    SDMMC_CmdSetRelAdd                       0x08006a17   Thumb Code    50  stm32h7xx_ll_sdmmc.o(i.SDMMC_CmdSetRelAdd)
    SDMMC_CmdStatusRegister                  0x08006a49   Thumb Code    50  stm32h7xx_ll_sdmmc.o(i.SDMMC_CmdStatusRegister)
    SDMMC_CmdStopTransfer                    0x08006a7d   Thumb Code    78  stm32h7xx_ll_sdmmc.o(i.SDMMC_CmdStopTransfer)
    SDMMC_CmdWriteMultiBlock                 0x08006ad1   Thumb Code    52  stm32h7xx_ll_sdmmc.o(i.SDMMC_CmdWriteMultiBlock)
    SDMMC_CmdWriteSingleBlock                0x08006b05   Thumb Code    52  stm32h7xx_ll_sdmmc.o(i.SDMMC_CmdWriteSingleBlock)
    SDMMC_ConfigData                         0x08006b39   Thumb Code    38  stm32h7xx_ll_sdmmc.o(i.SDMMC_ConfigData)
    SDMMC_GetCmdResp1                        0x08006b61   Thumb Code   280  stm32h7xx_ll_sdmmc.o(i.SDMMC_GetCmdResp1)
    SDMMC_GetCmdResp2                        0x08006c85   Thumb Code    76  stm32h7xx_ll_sdmmc.o(i.SDMMC_GetCmdResp2)
    SDMMC_GetCmdResp3                        0x08006cd9   Thumb Code    62  stm32h7xx_ll_sdmmc.o(i.SDMMC_GetCmdResp3)
    SDMMC_GetCmdResp6                        0x08006d21   Thumb Code   130  stm32h7xx_ll_sdmmc.o(i.SDMMC_GetCmdResp6)
    SDMMC_GetCmdResp7                        0x08006dad   Thumb Code    82  stm32h7xx_ll_sdmmc.o(i.SDMMC_GetCmdResp7)
    SDMMC_GetPowerState                      0x08006e05   Thumb Code     8  stm32h7xx_ll_sdmmc.o(i.SDMMC_GetPowerState)
    SDMMC_GetResponse                        0x08006e0d   Thumb Code     6  stm32h7xx_ll_sdmmc.o(i.SDMMC_GetResponse)
    SDMMC_Init                               0x08006e15   Thumb Code    28  stm32h7xx_ll_sdmmc.o(i.SDMMC_Init)
    SDMMC_PowerState_ON                      0x08006e35   Thumb Code    12  stm32h7xx_ll_sdmmc.o(i.SDMMC_PowerState_ON)
    SDMMC_ReadFIFO                           0x08006e41   Thumb Code     6  stm32h7xx_ll_sdmmc.o(i.SDMMC_ReadFIFO)
    SDMMC_SendCommand                        0x08006e49   Thumb Code    34  stm32h7xx_ll_sdmmc.o(i.SDMMC_SendCommand)
    SDMMC_WriteFIFO                          0x08006e71   Thumb Code    10  stm32h7xx_ll_sdmmc.o(i.SDMMC_WriteFIFO)
    SD_initialize                            0x08007241   Thumb Code    88  sd_diskio.o(i.SD_initialize)
    SD_ioctl                                 0x080072a1   Thumb Code    98  sd_diskio.o(i.SD_ioctl)
    SD_read                                  0x08007309   Thumb Code   126  sd_diskio.o(i.SD_read)
    SD_status                                0x0800738d   Thumb Code     4  sd_diskio.o(i.SD_status)
    SD_write                                 0x08007391   Thumb Code   126  sd_diskio.o(i.SD_write)
    ServoSet                                 0x08007415   Thumb Code   392  control.o(i.ServoSet)
    StartDefaultTask                         0x080075c1   Thumb Code     8  main.o(i.StartDefaultTask)
    SysTick_Handler                          0x080075c9   Thumb Code    38  port.o(i.SysTick_Handler)
    SystemClock_Config                       0x080075f5   Thumb Code   158  main.o(i.SystemClock_Config)
    SystemInit                               0x0800769d   Thumb Code   206  system_stm32h7xx.o(i.SystemInit)
    TFInit                                   0x08007795   Thumb Code   104  tf.o(i.TFInit)
    TFStorageTask                            0x08007831   Thumb Code    10  taskinit.o(i.TFStorageTask)
    TIM1_UP_IRQHandler                       0x0800783d   Thumb Code     6  stm32h7xx_it.o(i.TIM1_UP_IRQHandler)
    TIM3_IRQHandler                          0x08007849   Thumb Code     6  stm32h7xx_it.o(i.TIM3_IRQHandler)
    TIM_Base_SetConfig                       0x08007855   Thumb Code   170  stm32h7xx_hal_tim.o(i.TIM_Base_SetConfig)
    TIM_ETR_SetConfig                        0x08007921   Thumb Code    18  stm32h7xx_hal_tim.o(i.TIM_ETR_SetConfig)
    TIM_OC2_SetConfig                        0x080079ed   Thumb Code   126  stm32h7xx_hal_tim.o(i.TIM_OC2_SetConfig)
    TaskInit                                 0x08007cc5   Thumb Code   164  taskinit.o(i.TaskInit)
    UART5_IRQHandler                         0x08007dcd   Thumb Code    94  stm32h7xx_it.o(i.UART5_IRQHandler)
    UART8_IRQHandler                         0x08007e45   Thumb Code     6  stm32h7xx_it.o(i.UART8_IRQHandler)
    UART_AdvFeatureConfig                    0x08007e95   Thumb Code   200  stm32h7xx_hal_uart.o(i.UART_AdvFeatureConfig)
    UART_CheckIdleState                      0x08007f5d   Thumb Code   170  stm32h7xx_hal_uart.o(i.UART_CheckIdleState)
    UART_SetConfig                           0x0800818d   Thumb Code   876  stm32h7xx_hal_uart.o(i.UART_SetConfig)
    UART_Start_Receive_DMA                   0x08008539   Thumb Code   156  stm32h7xx_hal_uart.o(i.UART_Start_Receive_DMA)
    UART_WaitOnFlagUntilTimeout              0x080085e1   Thumb Code   148  stm32h7xx_hal_uart.o(i.UART_WaitOnFlagUntilTimeout)
    USART2_IRQHandler                        0x08008675   Thumb Code     6  stm32h7xx_it.o(i.USART2_IRQHandler)
    USART6_IRQHandler                        0x08008681   Thumb Code   184  stm32h7xx_it.o(i.USART6_IRQHandler)
    UsageFault_Handler                       0x08008755   Thumb Code     2  stm32h7xx_it.o(i.UsageFault_Handler)
    disk_initialize                          0x08009095   Thumb Code    38  diskio.o(i.disk_initialize)
    disk_ioctl                               0x080090c1   Thumb Code    22  diskio.o(i.disk_ioctl)
    disk_read                                0x080090dd   Thumb Code    28  diskio.o(i.disk_read)
    disk_status                              0x080090fd   Thumb Code    18  diskio.o(i.disk_status)
    disk_write                               0x08009115   Thumb Code    28  diskio.o(i.disk_write)
    f_close                                  0x0800915d   Thumb Code    52  ff.o(i.f_close)
    f_mkfs                                   0x08009191   Thumb Code  1564  ff.o(i.f_mkfs)
    f_mount                                  0x080097b5   Thumb Code   148  ff.o(i.f_mount)
    f_open                                   0x0800984d   Thumb Code   548  ff.o(i.f_open)
    f_printf                                 0x08009a71   Thumb Code   578  ff.o(i.f_printf)
    f_sync                                   0x08009cb3   Thumb Code   170  ff.o(i.f_sync)
    f_write                                  0x08009d5d   Thumb Code   536  ff.o(i.f_write)
    fdiComProtocolReceive                    0x08009f75   Thumb Code    46  fdilink.o(i.fdiComProtocolReceive)
    fdiDecodeBuffer                          0x08009fa5   Thumb Code   476  fdi_send.o(i.fdiDecodeBuffer)
    fdiEffectFeature                         0x0800a20d   Thumb Code    12  fdilink.o(i.fdiEffectFeature)
    fdiInsertBuffer                          0x0800a219   Thumb Code    46  fdilink.o(i.fdiInsertBuffer)
    fdiResetAll                              0x0800a247   Thumb Code    14  fdilink.o(i.fdiResetAll)
    fdiRuningReceiveData                     0x0800a255   Thumb Code   196  fdilink.o(i.fdiRuningReceiveData)
    ff_convert                               0x0800a319   Thumb Code    52  ccsbcs.o(i.ff_convert)
    ff_cre_syncobj                           0x0800a351   Thumb Code    32  syscall.o(i.ff_cre_syncobj)
    ff_del_syncobj                           0x0800a371   Thumb Code    10  syscall.o(i.ff_del_syncobj)
    ff_rel_grant                             0x0800a37b   Thumb Code     4  syscall.o(i.ff_rel_grant)
    ff_req_grant                             0x0800a37f   Thumb Code    20  syscall.o(i.ff_req_grant)
    ff_wtoupper                              0x0800a395   Thumb Code   176  ccsbcs.o(i.ff_wtoupper)
    get_fattime                              0x0800a919   Thumb Code     4  fatfs.o(i.get_fattime)
    main                                     0x0800aa71   Thumb Code   202  main.o(i.main)
    osDelay                                  0x0800abc9   Thumb Code    24  cmsis_os.o(i.osDelay)
    osKernelRunning                          0x0800abe5   Thumb Code    18  cmsis_os.o(i.osKernelRunning)
    osKernelStart                            0x0800abf7   Thumb Code    10  cmsis_os.o(i.osKernelStart)
    osKernelSysTick                          0x0800ac01   Thumb Code    24  cmsis_os.o(i.osKernelSysTick)
    osMessageCreate                          0x0800ac19   Thumb Code    42  cmsis_os.o(i.osMessageCreate)
    osMessageGet                             0x0800ac45   Thumb Code   178  cmsis_os.o(i.osMessageGet)
    osMessagePut                             0x0800ad01   Thumb Code   102  cmsis_os.o(i.osMessagePut)
    osSemaphoreCreate                        0x0800ad71   Thumb Code    70  cmsis_os.o(i.osSemaphoreCreate)
    osSemaphoreDelete                        0x0800adb7   Thumb Code    24  cmsis_os.o(i.osSemaphoreDelete)
    osSemaphoreRelease                       0x0800add1   Thumb Code    76  cmsis_os.o(i.osSemaphoreRelease)
    osSemaphoreWait                          0x0800ae21   Thumb Code   112  cmsis_os.o(i.osSemaphoreWait)
    osThreadCreate                           0x0800ae99   Thumb Code    92  cmsis_os.o(i.osThreadCreate)
    pvPortMalloc                             0x0800b549   Thumb Code    70  heap_1.o(i.pvPortMalloc)
    pvTaskIncrementMutexHeldCount            0x0800b599   Thumb Code    20  tasks.o(i.pvTaskIncrementMutexHeldCount)
    pxPortInitialiseStack                    0x0800b5b1   Thumb Code    38  port.o(i.pxPortInitialiseStack)
    uxListRemove                             0x0800b7b7   Thumb Code    38  list.o(i.uxListRemove)
    vApplicationGetIdleTaskMemory            0x0800b7dd   Thumb Code    18  freertos.o(i.vApplicationGetIdleTaskMemory)
    vListInitialise                          0x0800b7f5   Thumb Code    22  list.o(i.vListInitialise)
    vListInitialiseItem                      0x0800b80b   Thumb Code     6  list.o(i.vListInitialiseItem)
    vListInsert                              0x0800b811   Thumb Code    58  list.o(i.vListInsert)
    vListInsertEnd                           0x0800b84b   Thumb Code    24  list.o(i.vListInsertEnd)
    vPortEnterCritical                       0x0800b865   Thumb Code    54  port.o(i.vPortEnterCritical)
    vPortExitCritical                        0x0800b8a5   Thumb Code    38  port.o(i.vPortExitCritical)
    vPortFree                                0x0800b8d1   Thumb Code    22  heap_1.o(i.vPortFree)
    vPortSetupTimerInterrupt                 0x0800b8e9   Thumb Code    32  port.o(i.vPortSetupTimerInterrupt)
    vPortValidateInterruptPriority           0x0800b911   Thumb Code    74  port.o(i.vPortValidateInterruptPriority)
    vQueueDelete                             0x0800b965   Thumb Code    50  queue.o(i.vQueueDelete)
    vQueueUnregisterQueue                    0x0800b999   Thumb Code    36  queue.o(i.vQueueUnregisterQueue)
    vTaskDelay                               0x0800b9c1   Thumb Code    70  tasks.o(i.vTaskDelay)
    vTaskInternalSetTimeOutState             0x0800ba11   Thumb Code    12  tasks.o(i.vTaskInternalSetTimeOutState)
    vTaskMissedYield                         0x0800ba21   Thumb Code     8  tasks.o(i.vTaskMissedYield)
    vTaskPlaceOnEventList                    0x0800ba2d   Thumb Code    48  tasks.o(i.vTaskPlaceOnEventList)
    vTaskPriorityDisinheritAfterTimeout      0x0800ba61   Thumb Code   158  tasks.o(i.vTaskPriorityDisinheritAfterTimeout)
    vTaskStartScheduler                      0x0800bb09   Thumb Code   120  tasks.o(i.vTaskStartScheduler)
    vTaskSuspendAll                          0x0800bb91   Thumb Code    10  tasks.o(i.vTaskSuspendAll)
    vTaskSwitchContext                       0x0800bba1   Thumb Code    86  tasks.o(i.vTaskSwitchContext)
    xPortStartScheduler                      0x0800bc51   Thumb Code   232  port.o(i.xPortStartScheduler)
    xQueueGenericCreate                      0x0800bd55   Thumb Code    68  queue.o(i.xQueueGenericCreate)
    xQueueGenericCreateStatic                0x0800bd99   Thumb Code   112  queue.o(i.xQueueGenericCreateStatic)
    xQueueGenericReset                       0x0800be09   Thumb Code   138  queue.o(i.xQueueGenericReset)
    xQueueGenericSend                        0x0800be99   Thumb Code   362  queue.o(i.xQueueGenericSend)
    xQueueGenericSendFromISR                 0x0800c009   Thumb Code   190  queue.o(i.xQueueGenericSendFromISR)
    xQueueGiveFromISR                        0x0800c0c7   Thumb Code   160  queue.o(i.xQueueGiveFromISR)
    xQueueReceive                            0x0800c169   Thumb Code   322  queue.o(i.xQueueReceive)
    xQueueReceiveFromISR                     0x0800c2b1   Thumb Code   154  queue.o(i.xQueueReceiveFromISR)
    xQueueSemaphoreTake                      0x0800c34d   Thumb Code   382  queue.o(i.xQueueSemaphoreTake)
    xTaskCheckForTimeOut                     0x0800c4d1   Thumb Code   122  tasks.o(i.xTaskCheckForTimeOut)
    xTaskCreate                              0x0800c551   Thumb Code   108  tasks.o(i.xTaskCreate)
    xTaskCreateStatic                        0x0800c5bd   Thumb Code    96  tasks.o(i.xTaskCreateStatic)
    xTaskGetSchedulerState                   0x0800c61d   Thumb Code    24  tasks.o(i.xTaskGetSchedulerState)
    xTaskGetTickCount                        0x0800c639   Thumb Code     6  tasks.o(i.xTaskGetTickCount)
    xTaskGetTickCountFromISR                 0x0800c645   Thumb Code    12  tasks.o(i.xTaskGetTickCountFromISR)
    xTaskIncrementTick                       0x0800c655   Thumb Code   202  tasks.o(i.xTaskIncrementTick)
    xTaskPriorityDisinherit                  0x0800c729   Thumb Code   146  tasks.o(i.xTaskPriorityDisinherit)
    xTaskPriorityInherit                     0x0800c7c5   Thumb Code   138  tasks.o(i.xTaskPriorityInherit)
    xTaskRemoveFromEventList                 0x0800c859   Thumb Code   108  tasks.o(i.xTaskRemoveFromEventList)
    xTaskResumeAll                           0x0800c8d1   Thumb Code   190  tasks.o(i.xTaskResumeAll)
    _fp_init                                 0x0800c99d   Thumb Code    10  fpinit.o(x$fpl$fpinit)
    __fplib_config_fpu_vfp                   0x0800c9a5   Thumb Code     0  fpinit.o(x$fpl$fpinit)
    __fplib_config_pureend_doubles           0x0800c9a5   Thumb Code     0  fpinit.o(x$fpl$fpinit)
    UARTPrescTable                           0x0800c9cc   Data          24  stm32h7xx_hal_uart.o(.constdata)
    D1CorePrescTable                         0x0800c9f4   Data          16  system_stm32h7xx.o(.constdata)
    SD_Driver                                0x0800ca04   Data          20  sd_diskio.o(.constdata)
    CRC8Table                                0x0800ce90   Data         256  crc_table.o(.constdata)
    CRC16Table                               0x0800cf90   Data         512  crc_table.o(.constdata)
    CRC32Table                               0x0800d190   Data        1024  crc_table.o(.constdata)
    Region$$Table$$Base                      0x0800d59c   Number         0  anon$$obj.o(Region$$Table)
    Region$$Table$$Limit                     0x0800d5bc   Number         0  anon$$obj.o(Region$$Table)
    defaultTaskHandle                        0x24000000   Data           4  main.o(.data)
    uwTickFreq                               0x24000004   Data           1  stm32h7xx_hal.o(.data)
    uwTickPrio                               0x24000008   Data           4  stm32h7xx_hal.o(.data)
    uwTick                                   0x2400000c   Data           4  stm32h7xx_hal.o(.data)
    SystemCoreClock                          0x24000010   Data           4  system_stm32h7xx.o(.data)
    SystemD2Clock                            0x24000014   Data           4  system_stm32h7xx.o(.data)
    retSD                                    0x24000020   Data           1  fatfs.o(.data)
    SDPath                                   0x24000021   Data           4  fatfs.o(.data)
    pxCurrentTCB                             0x24000030   Data           4  tasks.o(.data)
    FMUControlMode                           0x24000080   Data           1  control.o(.data)
    ControlTime                              0x24000084   Data           4  control.o(.data)
    expected_roll                            0x24000088   Data           8  control.o(.data)
    expected_pitch                           0x24000090   Data           8  control.o(.data)
    expected_yaw                             0x24000098   Data           8  control.o(.data)
    servo_roll                               0x240000a0   Data           8  control.o(.data)
    servo_pitch                              0x240000a8   Data           8  control.o(.data)
    servo_yaw                                0x240000b0   Data           8  control.o(.data)
    integtal_pitch                           0x240000b8   Data           8  control.o(.data)
    ControlSemaphore                         0x240000c0   Data           4  control.o(.data)
    ControlHigherTaskSwitch                  0x240000c4   Data           4  control.o(.data)
    NavRecLength                             0x240000c8   Data           2  navigation.o(.data)
    System_State_data                        0x240000ca   Data           4  navigation.o(.data)
    TimeData                                 0x240000d0   Data           8  navigation.o(.data)
    External_Heading_data                    0x240000d8   Data           8  navigation.o(.data)
    External_Time_data                       0x240000e0   Data           8  navigation.o(.data)
    External_Depth_data                      0x240000e8   Data           8  navigation.o(.data)
    External_Pitot_Pressure_data             0x240000f0   Data           8  navigation.o(.data)
    NavSemaphore                             0x240000f8   Data           4  navigation.o(.data)
    LEDTwinkTask_Prio                        0x240000fc   Data           4  taskinit.o(.data)
    ReceiverTask_Prio                        0x24000100   Data           4  taskinit.o(.data)
    NavigationTask_Prio                      0x24000104   Data           4  taskinit.o(.data)
    TFStorageTask_Prio                       0x24000108   Data           4  taskinit.o(.data)
    LEDTwinkTask_Ret                         0x2400010c   Data           4  taskinit.o(.data)
    LEDTwinkTask_TCB                         0x24000110   Data           4  taskinit.o(.data)
    ReceiverTask_Ret                         0x24000114   Data           4  taskinit.o(.data)
    ReceiverTask_TCB                         0x24000118   Data           4  taskinit.o(.data)
    NavigationTask_Ret                       0x2400011c   Data           4  taskinit.o(.data)
    NavigationTask_TCB                       0x24000120   Data           4  taskinit.o(.data)
    ControlTask_Ret                          0x24000124   Data           4  taskinit.o(.data)
    ControlTask_Prio                         0x24000128   Data           4  taskinit.o(.data)
    ControlTask_TCB                          0x2400012c   Data           4  taskinit.o(.data)
    TFStorageTask_Ret                        0x24000130   Data           4  taskinit.o(.data)
    TFStorageTask_TCB                        0x24000134   Data           4  taskinit.o(.data)
    TFRet                                    0x24000138   Data           1  tf.o(.data)
    ReceiverChannelNeutral                   0x2400013a   Data          32  receiver.o(.data)
    ReceiverSemaphore                        0x2400015c   Data           4  receiver.o(.data)
    ReceiverHigherTaskSwitch                 0x24000160   Data           4  receiver.o(.data)
    ReceiverRet                              0x24000164   Data           1  receiver.o(.data)
    hsd1                                     0x24000168   Data         124  main.o(.bss)
    htim2                                    0x240001e4   Data          76  main.o(.bss)
    htim3                                    0x24000230   Data          76  main.o(.bss)
    htim4                                    0x2400027c   Data          76  main.o(.bss)
    huart5                                   0x240002c8   Data         148  main.o(.bss)
    huart8                                   0x2400035c   Data         148  main.o(.bss)
    huart1                                   0x240003f0   Data         148  main.o(.bss)
    huart2                                   0x24000484   Data         148  main.o(.bss)
    huart6                                   0x24000518   Data         148  main.o(.bss)
    hdma_uart5_rx                            0x240005ac   Data         120  main.o(.bss)
    hdma_uart8_tx                            0x24000624   Data         120  main.o(.bss)
    hdma_uart8_rx                            0x2400069c   Data         120  main.o(.bss)
    hdma_usart2_rx                           0x24000714   Data         120  main.o(.bss)
    hdma_usart6_rx                           0x2400078c   Data         120  main.o(.bss)
    htim1                                    0x24000a60   Data          76  stm32h7xx_hal_timebase_tim.o(.bss)
    SDFatFS                                  0x24000aac   Data         568  fatfs.o(.bss)
    SDFile                                   0x24000ce4   Data         560  fatfs.o(.bss)
    disk                                     0x24000f34   Data          12  ff_gen_drv.o(.bss)
    xQueueRegistry                           0x24000f40   Data          64  queue.o(.bss)
    NavRecBuff                               0x24004e64   Data         400  navigation.o(.bss)
    NavRecFifoBuff                           0x24004ff4   Data         400  navigation.o(.bss)
    _FDILink                                 0x24005184   Data         304  navigation.o(.bss)
    VersionData                              0x240052b4   Data          32  navigation.o(.bss)
    IMUData                                  0x240052d8   Data          56  navigation.o(.bss)
    AHRSData                                 0x24005310   Data          48  navigation.o(.bss)
    INSGPSData                               0x24005340   Data          88  navigation.o(.bss)
    FTimeData                                0x24005398   Data          16  navigation.o(.bss)
    Position_Standard_Deviation_data         0x240053a8   Data          12  navigation.o(.bss)
    Velocity_Standard_Deviation_data         0x240053b4   Data          12  navigation.o(.bss)
    Euler_Orientation_Standard_Deviation_data 0x240053c0   Data          12  navigation.o(.bss)
    Quaternion_Orientation_Standard_Deviation_data 0x240053cc   Data          16  navigation.o(.bss)
    Raw_Sensors_data                         0x240053dc   Data          48  navigation.o(.bss)
    Raw_GNSS_data                            0x24005410   Data          80  navigation.o(.bss)
    Satellites_data                          0x24005460   Data          12  navigation.o(.bss)
    Detailed_Satellites_data                 0x2400546c   Data         122  navigation.o(.bss)
    Geodetic_Position_data                   0x240054e8   Data          32  navigation.o(.bss)
    ECEF_Position_data                       0x24005508   Data          24  navigation.o(.bss)
    UTM_Position_data                        0x24005520   Data          16  navigation.o(.bss)
    NED_Velocity_data                        0x24005530   Data          12  navigation.o(.bss)
    Body_Velocity_data                       0x2400553c   Data          12  navigation.o(.bss)
    Acceleration_data                        0x24005548   Data          12  navigation.o(.bss)
    Body_Acceleration_data                   0x24005554   Data          16  navigation.o(.bss)
    Euler_Orientation_data                   0x24005564   Data          12  navigation.o(.bss)
    Quaternion_Orientation_data              0x24005570   Data          16  navigation.o(.bss)
    DCM_Orientation_data                     0x24005580   Data          36  navigation.o(.bss)
    Angular_Velocity_data                    0x240055a4   Data          12  navigation.o(.bss)
    Angular_Acceleration_data                0x240055b0   Data          12  navigation.o(.bss)
    External_Position_And_Velocity_data      0x240055c0   Data          64  navigation.o(.bss)
    External_Position_data                   0x24005600   Data          40  navigation.o(.bss)
    External_Velocity_data                   0x24005628   Data          24  navigation.o(.bss)
    External_Body_Velocity_data              0x24005640   Data          16  navigation.o(.bss)
    work                                     0x24005650   Data         512  tf.o(.bss)
    ReceiverReceiveBuff                      0x24005850   Data          25  receiver.o(.bss)
    ReceiverFifoBuff                         0x2400586a   Data          25  receiver.o(.bss)
    ReceiverChannel                          0x24005884   Data          32  receiver.o(.bss)
    __libspace_start                         0x240058a4   Data          96  libspace.o(.bss)
    __temporary_stack_top$libspace           0x24005904   Data           0  libspace.o(.bss)



==============================================================================

Memory Map of the image

  Image Entry point : 0x08000299

  Load Region LR_IROM1 (Base: 0x08000000, Size: 0x0000d724, Max: 0x00200000, ABSOLUTE, COMPRESSED[0x0000d5e8])

    Execution Region ER_IROM1 (Exec base: 0x08000000, Load base: 0x08000000, Size: 0x0000d5bc, Max: 0x00200000, ABSOLUTE)

    Exec Addr    Load Addr    Size         Type   Attr      Idx    E Section Name        Object

    0x08000000   0x08000000   0x00000298   Data   RO            3    RESET               startup_stm32h743xx.o
    0x08000298   0x08000298   0x00000008   Code   RO         8131  * !!!main             c_w.l(__main.o)
    0x080002a0   0x080002a0   0x00000034   Code   RO         8311    !!!scatter          c_w.l(__scatter.o)
    0x080002d4   0x080002d4   0x0000005a   Code   RO         8309    !!dczerorl2         c_w.l(__dczerorl2.o)
    0x0800032e   0x0800032e   0x00000002   PAD
    0x08000330   0x08000330   0x0000001c   Code   RO         8313    !!handler_zi        c_w.l(__scatter_zi.o)
    0x0800034c   0x0800034c   0x00000002   Code   RO         8179    .ARM.Collect$$libinit$$00000000  c_w.l(libinit.o)
    0x0800034e   0x0800034e   0x00000004   Code   RO         8191    .ARM.Collect$$libinit$$00000001  c_w.l(libinit2.o)
    0x08000352   0x08000352   0x00000000   Code   RO         8194    .ARM.Collect$$libinit$$00000004  c_w.l(libinit2.o)
    0x08000352   0x08000352   0x00000000   Code   RO         8197    .ARM.Collect$$libinit$$0000000A  c_w.l(libinit2.o)
    0x08000352   0x08000352   0x00000000   Code   RO         8199    .ARM.Collect$$libinit$$0000000C  c_w.l(libinit2.o)
    0x08000352   0x08000352   0x00000000   Code   RO         8201    .ARM.Collect$$libinit$$0000000E  c_w.l(libinit2.o)
    0x08000352   0x08000352   0x00000000   Code   RO         8204    .ARM.Collect$$libinit$$00000011  c_w.l(libinit2.o)
    0x08000352   0x08000352   0x00000000   Code   RO         8206    .ARM.Collect$$libinit$$00000013  c_w.l(libinit2.o)
    0x08000352   0x08000352   0x00000000   Code   RO         8208    .ARM.Collect$$libinit$$00000015  c_w.l(libinit2.o)
    0x08000352   0x08000352   0x00000000   Code   RO         8210    .ARM.Collect$$libinit$$00000017  c_w.l(libinit2.o)
    0x08000352   0x08000352   0x00000000   Code   RO         8212    .ARM.Collect$$libinit$$00000019  c_w.l(libinit2.o)
    0x08000352   0x08000352   0x00000000   Code   RO         8214    .ARM.Collect$$libinit$$0000001B  c_w.l(libinit2.o)
    0x08000352   0x08000352   0x00000000   Code   RO         8216    .ARM.Collect$$libinit$$0000001D  c_w.l(libinit2.o)
    0x08000352   0x08000352   0x00000000   Code   RO         8218    .ARM.Collect$$libinit$$0000001F  c_w.l(libinit2.o)
    0x08000352   0x08000352   0x00000000   Code   RO         8220    .ARM.Collect$$libinit$$00000021  c_w.l(libinit2.o)
    0x08000352   0x08000352   0x00000000   Code   RO         8222    .ARM.Collect$$libinit$$00000023  c_w.l(libinit2.o)
    0x08000352   0x08000352   0x00000000   Code   RO         8224    .ARM.Collect$$libinit$$00000025  c_w.l(libinit2.o)
    0x08000352   0x08000352   0x00000000   Code   RO         8228    .ARM.Collect$$libinit$$0000002C  c_w.l(libinit2.o)
    0x08000352   0x08000352   0x00000000   Code   RO         8230    .ARM.Collect$$libinit$$0000002E  c_w.l(libinit2.o)
    0x08000352   0x08000352   0x00000000   Code   RO         8232    .ARM.Collect$$libinit$$00000030  c_w.l(libinit2.o)
    0x08000352   0x08000352   0x00000000   Code   RO         8234    .ARM.Collect$$libinit$$00000032  c_w.l(libinit2.o)
    0x08000352   0x08000352   0x00000002   Code   RO         8235    .ARM.Collect$$libinit$$00000033  c_w.l(libinit2.o)
    0x08000354   0x08000354   0x00000002   Code   RO         8266    .ARM.Collect$$libshutdown$$00000000  c_w.l(libshutdown.o)
    0x08000356   0x08000356   0x00000000   Code   RO         8292    .ARM.Collect$$libshutdown$$00000002  c_w.l(libshutdown2.o)
    0x08000356   0x08000356   0x00000000   Code   RO         8294    .ARM.Collect$$libshutdown$$00000004  c_w.l(libshutdown2.o)
    0x08000356   0x08000356   0x00000000   Code   RO         8297    .ARM.Collect$$libshutdown$$00000007  c_w.l(libshutdown2.o)
    0x08000356   0x08000356   0x00000000   Code   RO         8300    .ARM.Collect$$libshutdown$$0000000A  c_w.l(libshutdown2.o)
    0x08000356   0x08000356   0x00000000   Code   RO         8302    .ARM.Collect$$libshutdown$$0000000C  c_w.l(libshutdown2.o)
    0x08000356   0x08000356   0x00000000   Code   RO         8305    .ARM.Collect$$libshutdown$$0000000F  c_w.l(libshutdown2.o)
    0x08000356   0x08000356   0x00000002   Code   RO         8306    .ARM.Collect$$libshutdown$$00000010  c_w.l(libshutdown2.o)
    0x08000358   0x08000358   0x00000000   Code   RO         8133    .ARM.Collect$$rtentry$$00000000  c_w.l(__rtentry.o)
    0x08000358   0x08000358   0x00000000   Code   RO         8148    .ARM.Collect$$rtentry$$00000002  c_w.l(__rtentry2.o)
    0x08000358   0x08000358   0x00000006   Code   RO         8160    .ARM.Collect$$rtentry$$00000004  c_w.l(__rtentry4.o)
    0x0800035e   0x0800035e   0x00000000   Code   RO         8150    .ARM.Collect$$rtentry$$00000009  c_w.l(__rtentry2.o)
    0x0800035e   0x0800035e   0x00000004   Code   RO         8151    .ARM.Collect$$rtentry$$0000000A  c_w.l(__rtentry2.o)
    0x08000362   0x08000362   0x00000000   Code   RO         8153    .ARM.Collect$$rtentry$$0000000C  c_w.l(__rtentry2.o)
    0x08000362   0x08000362   0x00000008   Code   RO         8154    .ARM.Collect$$rtentry$$0000000D  c_w.l(__rtentry2.o)
    0x0800036a   0x0800036a   0x00000002   Code   RO         8183    .ARM.Collect$$rtexit$$00000000  c_w.l(rtexit.o)
    0x0800036c   0x0800036c   0x00000000   Code   RO         8239    .ARM.Collect$$rtexit$$00000002  c_w.l(rtexit2.o)
    0x0800036c   0x0800036c   0x00000004   Code   RO         8240    .ARM.Collect$$rtexit$$00000003  c_w.l(rtexit2.o)
    0x08000370   0x08000370   0x00000006   Code   RO         8241    .ARM.Collect$$rtexit$$00000004  c_w.l(rtexit2.o)
    0x08000376   0x08000376   0x00000002   PAD
    0x08000378   0x08000378   0x000000be   Code   RO         7485    .emb_text           port.o
    0x08000436   0x08000436   0x00000002   PAD
    0x08000438   0x08000438   0x00000048   Code   RO            4    .text               startup_stm32h743xx.o
    0x08000480   0x08000480   0x000000ee   Code   RO         8078    .text               c_w.l(lludivv7m.o)
    0x0800056e   0x0800056e   0x0000008a   Code   RO         8117    .text               c_w.l(rt_memcpy_v6.o)
    0x080005f8   0x080005f8   0x00000064   Code   RO         8119    .text               c_w.l(rt_memcpy_w.o)
    0x0800065c   0x0800065c   0x00000010   Code   RO         8123    .text               c_w.l(aeabi_memset.o)
    0x0800066c   0x0800066c   0x00000044   Code   RO         8125    .text               c_w.l(rt_memclr.o)
    0x080006b0   0x080006b0   0x0000004e   Code   RO         8127    .text               c_w.l(rt_memclr_w.o)
    0x080006fe   0x080006fe   0x00000006   Code   RO         8129    .text               c_w.l(heapauxi.o)
    0x08000704   0x08000704   0x0000004a   Code   RO         8166    .text               c_w.l(sys_stackheap_outer.o)
    0x0800074e   0x0800074e   0x00000012   Code   RO         8168    .text               c_w.l(exit.o)
    0x08000760   0x08000760   0x00000008   Code   RO         8180    .text               c_w.l(libspace.o)
    0x08000768   0x08000768   0x0000000c   Code   RO         8236    .text               c_w.l(sys_exit.o)
    0x08000774   0x08000774   0x00000002   Code   RO         8255    .text               c_w.l(use_no_semi.o)
    0x08000776   0x08000776   0x00000000   Code   RO         8257    .text               c_w.l(indicate_semi.o)
    0x08000776   0x08000776   0x00000002   PAD
    0x08000778   0x08000778   0x00000018   Code   RO         5527    i.BSP_PlatformIsDetected  fatfs_platform.o
    0x08000790   0x08000790   0x0000000c   Code   RO         5326    i.BSP_SD_GetCardInfo  bsp_driver_sd.o
    0x0800079c   0x0800079c   0x00000018   Code   RO         5327    i.BSP_SD_GetCardState  bsp_driver_sd.o
    0x080007b4   0x080007b4   0x00000030   Code   RO         5329    i.BSP_SD_Init       bsp_driver_sd.o
    0x080007e4   0x080007e4   0x00000016   Code   RO         5330    i.BSP_SD_IsDetected  bsp_driver_sd.o
    0x080007fa   0x080007fa   0x00000002   PAD
    0x080007fc   0x080007fc   0x0000001c   Code   RO         5332    i.BSP_SD_ReadBlocks_DMA  bsp_driver_sd.o
    0x08000818   0x08000818   0x00000010   Code   RO         5439    i.BSP_SD_ReadCpltCallback  sd_diskio.o
    0x08000828   0x08000828   0x0000001c   Code   RO         5335    i.BSP_SD_WriteBlocks_DMA  bsp_driver_sd.o
    0x08000844   0x08000844   0x00000010   Code   RO         5440    i.BSP_SD_WriteCpltCallback  sd_diskio.o
    0x08000854   0x08000854   0x00000002   Code   RO          396    i.BusFault_Handler  stm32h7xx_it.o
    0x08000856   0x08000856   0x00000002   PAD
    0x08000858   0x08000858   0x00000028   Code   RO         7863    i.CRC16_Table       crc_table.o
    0x08000880   0x08000880   0x00000020   Code   RO         7865    i.CRC8_Table        crc_table.o
    0x080008a0   0x080008a0   0x0000002c   Code   RO         7565    i.ControlInit       control.o
    0x080008cc   0x080008cc   0x0000001c   Code   RO         7710    i.ControlTask       taskinit.o
    0x080008e8   0x080008e8   0x0000000c   Code   RO          397    i.DMA1_Stream0_IRQHandler  stm32h7xx_it.o
    0x080008f4   0x080008f4   0x0000000c   Code   RO          398    i.DMA1_Stream1_IRQHandler  stm32h7xx_it.o
    0x08000900   0x08000900   0x0000000c   Code   RO          399    i.DMA1_Stream2_IRQHandler  stm32h7xx_it.o
    0x0800090c   0x0800090c   0x0000000c   Code   RO          400    i.DMA1_Stream3_IRQHandler  stm32h7xx_it.o
    0x08000918   0x08000918   0x0000000c   Code   RO          401    i.DMA1_Stream4_IRQHandler  stm32h7xx_it.o
    0x08000924   0x08000924   0x000000b4   Code   RO         2437    i.DMA_CalcBaseAndBitshift  stm32h7xx_hal_dma.o
    0x080009d8   0x080009d8   0x0000009c   Code   RO         2438    i.DMA_CalcDMAMUXChannelBaseAndMask  stm32h7xx_hal_dma.o
    0x08000a74   0x08000a74   0x00000074   Code   RO         2439    i.DMA_CalcDMAMUXRequestGenBaseAndMask  stm32h7xx_hal_dma.o
    0x08000ae8   0x08000ae8   0x00000054   Code   RO         2440    i.DMA_CheckFifoParam  stm32h7xx_hal_dma.o
    0x08000b3c   0x08000b3c   0x00000220   Code   RO         2441    i.DMA_SetConfig     stm32h7xx_hal_dma.o
    0x08000d5c   0x08000d5c   0x00000002   Code   RO          402    i.DebugMon_Handler  stm32h7xx_it.o
    0x08000d5e   0x08000d5e   0x00000004   Code   RO           13    i.Error_Handler     main.o
    0x08000d62   0x08000d62   0x00000002   PAD
    0x08000d64   0x08000d64   0x0000001c   Code   RO         5281    i.ExitRun0Mode      system_stm32h7xx.o
    0x08000d80   0x08000d80   0x00000006   Code   RO         6036    i.FATFS_LinkDriver  ff_gen_drv.o
    0x08000d86   0x08000d86   0x00000002   PAD
    0x08000d88   0x08000d88   0x00000048   Code   RO         6037    i.FATFS_LinkDriverEx  ff_gen_drv.o
    0x08000dd0   0x08000dd0   0x00000360   Code   RO         2442    i.HAL_DMA_Abort     stm32h7xx_hal_dma.o
    0x08001130   0x08001130   0x00000284   Code   RO         2443    i.HAL_DMA_Abort_IT  stm32h7xx_hal_dma.o
    0x080013b4   0x080013b4   0x00000004   Code   RO         2445    i.HAL_DMA_GetError  stm32h7xx_hal_dma.o
    0x080013b8   0x080013b8   0x000006e8   Code   RO         2447    i.HAL_DMA_IRQHandler  stm32h7xx_hal_dma.o
    0x08001aa0   0x08001aa0   0x000003c4   Code   RO         2448    i.HAL_DMA_Init      stm32h7xx_hal_dma.o
    0x08001e64   0x08001e64   0x0000029c   Code   RO         2452    i.HAL_DMA_Start_IT  stm32h7xx_hal_dma.o
    0x08002100   0x08002100   0x00000024   Code   RO         3151    i.HAL_Delay         stm32h7xx_hal.o
    0x08002124   0x08002124   0x0000022c   Code   RO         2290    i.HAL_GPIO_Init     stm32h7xx_hal_gpio.o
    0x08002350   0x08002350   0x0000000a   Code   RO         2292    i.HAL_GPIO_ReadPin  stm32h7xx_hal_gpio.o
    0x0800235a   0x0800235a   0x00000010   Code   RO         2293    i.HAL_GPIO_TogglePin  stm32h7xx_hal_gpio.o
    0x0800236a   0x0800236a   0x0000000a   Code   RO         2294    i.HAL_GPIO_WritePin  stm32h7xx_hal_gpio.o
    0x08002374   0x08002374   0x0000000c   Code   RO         3162    i.HAL_GetREVID      stm32h7xx_hal.o
    0x08002380   0x08002380   0x0000000c   Code   RO         3163    i.HAL_GetTick       stm32h7xx_hal.o
    0x0800238c   0x0800238c   0x00000010   Code   RO         3169    i.HAL_IncTick       stm32h7xx_hal.o
    0x0800239c   0x0800239c   0x0000005c   Code   RO         3170    i.HAL_Init          stm32h7xx_hal.o
    0x080023f8   0x080023f8   0x00000084   Code   RO          596    i.HAL_InitTick      stm32h7xx_hal_timebase_tim.o
    0x0800247c   0x0800247c   0x0000005c   Code   RO         1643    i.HAL_MPU_ConfigRegion  stm32h7xx_hal_cortex.o
    0x080024d8   0x080024d8   0x0000001c   Code   RO         1644    i.HAL_MPU_Disable   stm32h7xx_hal_cortex.o
    0x080024f4   0x080024f4   0x00000024   Code   RO         1646    i.HAL_MPU_Enable    stm32h7xx_hal_cortex.o
    0x08002518   0x08002518   0x00000024   Code   RO          529    i.HAL_MspInit       stm32h7xx_hal_msp.o
    0x0800253c   0x0800253c   0x0000001a   Code   RO         1650    i.HAL_NVIC_EnableIRQ  stm32h7xx_hal_cortex.o
    0x08002556   0x08002556   0x00000002   PAD
    0x08002558   0x08002558   0x00000040   Code   RO         1656    i.HAL_NVIC_SetPriority  stm32h7xx_hal_cortex.o
    0x08002598   0x08002598   0x00000024   Code   RO         1657    i.HAL_NVIC_SetPriorityGrouping  stm32h7xx_hal_cortex.o
    0x080025bc   0x080025bc   0x00000054   Code   RO         2891    i.HAL_PWREx_ConfigSupply  stm32h7xx_hal_pwr_ex.o
    0x08002610   0x08002610   0x00000024   Code   RO         1911    i.HAL_RCCEx_GetD3PCLK1Freq  stm32h7xx_hal_rcc_ex.o
    0x08002634   0x08002634   0x00000148   Code   RO         1912    i.HAL_RCCEx_GetPLL1ClockFreq  stm32h7xx_hal_rcc_ex.o
    0x0800277c   0x0800277c   0x00000144   Code   RO         1913    i.HAL_RCCEx_GetPLL2ClockFreq  stm32h7xx_hal_rcc_ex.o
    0x080028c0   0x080028c0   0x00000144   Code   RO         1914    i.HAL_RCCEx_GetPLL3ClockFreq  stm32h7xx_hal_rcc_ex.o
    0x08002a04   0x08002a04   0x000002c8   Code   RO         1916    i.HAL_RCCEx_GetPeriphCLKFreq  stm32h7xx_hal_rcc_ex.o
    0x08002ccc   0x08002ccc   0x000009ac   Code   RO         1920    i.HAL_RCCEx_PeriphCLKConfig  stm32h7xx_hal_rcc_ex.o
    0x08003678   0x08003678   0x0000025c   Code   RO         1796    i.HAL_RCC_ClockConfig  stm32h7xx_hal_rcc.o
    0x080038d4   0x080038d4   0x0000005c   Code   RO         1800    i.HAL_RCC_GetClockConfig  stm32h7xx_hal_rcc.o
    0x08003930   0x08003930   0x00000044   Code   RO         1801    i.HAL_RCC_GetHCLKFreq  stm32h7xx_hal_rcc.o
    0x08003974   0x08003974   0x00000024   Code   RO         1803    i.HAL_RCC_GetPCLK1Freq  stm32h7xx_hal_rcc.o
    0x08003998   0x08003998   0x00000024   Code   RO         1804    i.HAL_RCC_GetPCLK2Freq  stm32h7xx_hal_rcc.o
    0x080039bc   0x080039bc   0x00000138   Code   RO         1805    i.HAL_RCC_GetSysClockFreq  stm32h7xx_hal_rcc.o
    0x08003af4   0x08003af4   0x00000582   Code   RO         1808    i.HAL_RCC_OscConfig  stm32h7xx_hal_rcc.o
    0x08004076   0x08004076   0x00000002   Code   RO         4430    i.HAL_SDEx_Read_DMADoubleBuf0CpltCallback  stm32h7xx_hal_sd.o
    0x08004078   0x08004078   0x00000002   Code   RO         4431    i.HAL_SDEx_Read_DMADoubleBuf1CpltCallback  stm32h7xx_hal_sd.o
    0x0800407a   0x0800407a   0x00000002   Code   RO         4432    i.HAL_SDEx_Write_DMADoubleBuf0CpltCallback  stm32h7xx_hal_sd.o
    0x0800407c   0x0800407c   0x00000002   Code   RO         4433    i.HAL_SDEx_Write_DMADoubleBuf1CpltCallback  stm32h7xx_hal_sd.o
    0x0800407e   0x0800407e   0x00000002   PAD
    0x08004080   0x08004080   0x00000188   Code   RO         4438    i.HAL_SD_ConfigWideBusOperation  stm32h7xx_hal_sd.o
    0x08004208   0x08004208   0x00000002   Code   RO         4441    i.HAL_SD_ErrorCallback  stm32h7xx_hal_sd.o
    0x0800420a   0x0800420a   0x00000002   PAD
    0x0800420c   0x0800420c   0x000001bc   Code   RO         4443    i.HAL_SD_GetCardCSD  stm32h7xx_hal_sd.o
    0x080043c8   0x080043c8   0x00000024   Code   RO         4444    i.HAL_SD_GetCardInfo  stm32h7xx_hal_sd.o
    0x080043ec   0x080043ec   0x0000002c   Code   RO         4445    i.HAL_SD_GetCardState  stm32h7xx_hal_sd.o
    0x08004418   0x08004418   0x000000cc   Code   RO         4446    i.HAL_SD_GetCardStatus  stm32h7xx_hal_sd.o
    0x080044e4   0x080044e4   0x00000240   Code   RO         4449    i.HAL_SD_IRQHandler  stm32h7xx_hal_sd.o
    0x08004724   0x08004724   0x0000009a   Code   RO         4450    i.HAL_SD_Init       stm32h7xx_hal_sd.o
    0x080047be   0x080047be   0x00000002   PAD
    0x080047c0   0x080047c0   0x000000ac   Code   RO         4451    i.HAL_SD_InitCard   stm32h7xx_hal_sd.o
    0x0800486c   0x0800486c   0x000000c4   Code   RO          531    i.HAL_SD_MspInit    stm32h7xx_hal_msp.o
    0x08004930   0x08004930   0x000000d8   Code   RO         4455    i.HAL_SD_ReadBlocks_DMA  stm32h7xx_hal_sd.o
    0x08004a08   0x08004a08   0x00000008   Code   RO         5338    i.HAL_SD_RxCpltCallback  bsp_driver_sd.o
    0x08004a10   0x08004a10   0x00000008   Code   RO         5339    i.HAL_SD_TxCpltCallback  bsp_driver_sd.o
    0x08004a18   0x08004a18   0x000000d8   Code   RO         4460    i.HAL_SD_WriteBlocks_DMA  stm32h7xx_hal_sd.o
    0x08004af0   0x08004af0   0x00000002   Code   RO         1351    i.HAL_TIMEx_Break2Callback  stm32h7xx_hal_tim_ex.o
    0x08004af2   0x08004af2   0x00000002   Code   RO         1352    i.HAL_TIMEx_BreakCallback  stm32h7xx_hal_tim_ex.o
    0x08004af4   0x08004af4   0x00000002   Code   RO         1353    i.HAL_TIMEx_CommutCallback  stm32h7xx_hal_tim_ex.o
    0x08004af6   0x08004af6   0x00000002   PAD
    0x08004af8   0x08004af8   0x000000a4   Code   RO         1373    i.HAL_TIMEx_MasterConfigSynchronization  stm32h7xx_hal_tim_ex.o
    0x08004b9c   0x08004b9c   0x00000062   Code   RO          637    i.HAL_TIM_Base_Init  stm32h7xx_hal_tim.o
    0x08004bfe   0x08004bfe   0x00000002   PAD
    0x08004c00   0x08004c00   0x0000006c   Code   RO          533    i.HAL_TIM_Base_MspInit  stm32h7xx_hal_msp.o
    0x08004c6c   0x08004c6c   0x0000008c   Code   RO          642    i.HAL_TIM_Base_Start_IT  stm32h7xx_hal_tim.o
    0x08004cf8   0x08004cf8   0x000000fc   Code   RO          646    i.HAL_TIM_ConfigClockSource  stm32h7xx_hal_tim.o
    0x08004df4   0x08004df4   0x00000002   Code   RO          671    i.HAL_TIM_IC_CaptureCallback  stm32h7xx_hal_tim.o
    0x08004df6   0x08004df6   0x00000148   Code   RO          685    i.HAL_TIM_IRQHandler  stm32h7xx_hal_tim.o
    0x08004f3e   0x08004f3e   0x00000002   PAD
    0x08004f40   0x08004f40   0x00000080   Code   RO          534    i.HAL_TIM_MspPostInit  stm32h7xx_hal_msp.o
    0x08004fc0   0x08004fc0   0x00000002   Code   RO          688    i.HAL_TIM_OC_DelayElapsedCallback  stm32h7xx_hal_tim.o
    0x08004fc2   0x08004fc2   0x00000124   Code   RO          709    i.HAL_TIM_PWM_ConfigChannel  stm32h7xx_hal_tim.o
    0x080050e6   0x080050e6   0x00000062   Code   RO          712    i.HAL_TIM_PWM_Init  stm32h7xx_hal_tim.o
    0x08005148   0x08005148   0x00000002   Code   RO          714    i.HAL_TIM_PWM_MspInit  stm32h7xx_hal_tim.o
    0x0800514a   0x0800514a   0x00000002   Code   RO          715    i.HAL_TIM_PWM_PulseFinishedCallback  stm32h7xx_hal_tim.o
    0x0800514c   0x0800514c   0x00000050   Code   RO           14    i.HAL_TIM_PeriodElapsedCallback  main.o
    0x0800519c   0x0800519c   0x00000002   Code   RO          728    i.HAL_TIM_TriggerCallback  stm32h7xx_hal_tim.o
    0x0800519e   0x0800519e   0x00000040   Code   RO         5163    i.HAL_UARTEx_DisableFifoMode  stm32h7xx_hal_uart_ex.o
    0x080051de   0x080051de   0x00000002   Code   RO         4752    i.HAL_UARTEx_RxEventCallback  stm32h7xx_hal_uart.o
    0x080051e0   0x080051e0   0x00000002   Code   RO         5171    i.HAL_UARTEx_RxFifoFullCallback  stm32h7xx_hal_uart_ex.o
    0x080051e2   0x080051e2   0x0000004c   Code   RO         5172    i.HAL_UARTEx_SetRxFifoThreshold  stm32h7xx_hal_uart_ex.o
    0x0800522e   0x0800522e   0x0000004c   Code   RO         5173    i.HAL_UARTEx_SetTxFifoThreshold  stm32h7xx_hal_uart_ex.o
    0x0800527a   0x0800527a   0x00000002   Code   RO         5175    i.HAL_UARTEx_TxFifoEmptyCallback  stm32h7xx_hal_uart_ex.o
    0x0800527c   0x0800527c   0x00000002   Code   RO         5176    i.HAL_UARTEx_WakeupCallback  stm32h7xx_hal_uart_ex.o
    0x0800527e   0x0800527e   0x00000002   PAD
    0x08005280   0x08005280   0x000000ac   Code   RO         4755    i.HAL_UART_AbortReceive  stm32h7xx_hal_uart.o
    0x0800532c   0x0800532c   0x00000002   Code   RO         4768    i.HAL_UART_ErrorCallback  stm32h7xx_hal_uart.o
    0x0800532e   0x0800532e   0x00000002   PAD
    0x08005330   0x08005330   0x0000039c   Code   RO         4771    i.HAL_UART_IRQHandler  stm32h7xx_hal_uart.o
    0x080056cc   0x080056cc   0x0000006a   Code   RO         4772    i.HAL_UART_Init     stm32h7xx_hal_uart.o
    0x08005736   0x08005736   0x00000002   PAD
    0x08005738   0x08005738   0x00000384   Code   RO          536    i.HAL_UART_MspInit  stm32h7xx_hal_msp.o
    0x08005abc   0x08005abc   0x00000048   Code   RO         4776    i.HAL_UART_Receive_DMA  stm32h7xx_hal_uart.o
    0x08005b04   0x08005b04   0x00000002   Code   RO         4779    i.HAL_UART_RxCpltCallback  stm32h7xx_hal_uart.o
    0x08005b06   0x08005b06   0x00000002   Code   RO         4780    i.HAL_UART_RxHalfCpltCallback  stm32h7xx_hal_uart.o
    0x08005b08   0x08005b08   0x00000002   Code   RO         4784    i.HAL_UART_TxCpltCallback  stm32h7xx_hal_uart.o
    0x08005b0a   0x08005b0a   0x00000002   Code   RO          403    i.HardFault_Handler  stm32h7xx_it.o
    0x08005b0c   0x08005b0c   0x0000001c   Code   RO         7711    i.LEDTwinkTask      taskinit.o
    0x08005b28   0x08005b28   0x0000006c   Code   RO           15    i.MX_DMA_Init       main.o
    0x08005b94   0x08005b94   0x0000001c   Code   RO         5551    i.MX_FATFS_Init     fatfs.o
    0x08005bb0   0x08005bb0   0x00000124   Code   RO           16    i.MX_GPIO_Init      main.o
    0x08005cd4   0x08005cd4   0x000000cc   Code   RO           17    i.MX_TIM2_Init      main.o
    0x08005da0   0x08005da0   0x00000068   Code   RO           18    i.MX_TIM3_Init      main.o
    0x08005e08   0x08005e08   0x000000d4   Code   RO           19    i.MX_TIM4_Init      main.o
    0x08005edc   0x08005edc   0x00000068   Code   RO           20    i.MX_UART5_Init     main.o
    0x08005f44   0x08005f44   0x00000064   Code   RO           21    i.MX_UART8_Init     main.o
    0x08005fa8   0x08005fa8   0x00000064   Code   RO           22    i.MX_USART1_UART_Init  main.o
    0x0800600c   0x0800600c   0x00000064   Code   RO           23    i.MX_USART2_UART_Init  main.o
    0x08006070   0x08006070   0x00000064   Code   RO           24    i.MX_USART6_UART_Init  main.o
    0x080060d4   0x080060d4   0x00000218   Code   RO         7566    i.MYZControl        control.o
    0x080062ec   0x080062ec   0x00000002   Code   RO          404    i.MemManage_Handler  stm32h7xx_it.o
    0x080062ee   0x080062ee   0x00000002   Code   RO          405    i.NMI_Handler       stm32h7xx_it.o
    0x080062f0   0x080062f0   0x00000018   Code   RO         7625    i.NavigationSolution  navigation.o
    0x08006308   0x08006308   0x00000038   Code   RO         7712    i.NavigationTask    taskinit.o
    0x08006340   0x08006340   0x00000120   Code   RO         1923    i.RCCEx_PLL2_Config  stm32h7xx_hal_rcc_ex.o
    0x08006460   0x08006460   0x00000120   Code   RO         1924    i.RCCEx_PLL3_Config  stm32h7xx_hal_rcc_ex.o
    0x08006580   0x08006580   0x00000190   Code   RO         7821    i.ReceiverDataConvert  receiver.o
    0x08006710   0x08006710   0x00000002   Code   RO         7822    i.ReceiverSolution  receiver.o
    0x08006712   0x08006712   0x00000002   PAD
    0x08006714   0x08006714   0x00000054   Code   RO         7713    i.ReceiverTask      taskinit.o
    0x08006768   0x08006768   0x0000000c   Code   RO          406    i.SDMMC1_IRQHandler  stm32h7xx_it.o
    0x08006774   0x08006774   0x00000034   Code   RO         4054    i.SDMMC_CmdAppCommand  stm32h7xx_ll_sdmmc.o
    0x080067a8   0x080067a8   0x0000002e   Code   RO         4055    i.SDMMC_CmdAppOperCommand  stm32h7xx_ll_sdmmc.o
    0x080067d6   0x080067d6   0x00000032   Code   RO         4057    i.SDMMC_CmdBlockLength  stm32h7xx_ll_sdmmc.o
    0x08006808   0x08006808   0x00000034   Code   RO         4058    i.SDMMC_CmdBusWidth  stm32h7xx_ll_sdmmc.o
    0x0800683c   0x0800683c   0x00000054   Code   RO         4062    i.SDMMC_CmdGoIdleState  stm32h7xx_ll_sdmmc.o
    0x08006890   0x08006890   0x00000028   Code   RO         4064    i.SDMMC_CmdOperCond  stm32h7xx_ll_sdmmc.o
    0x080068b8   0x080068b8   0x00000034   Code   RO         4065    i.SDMMC_CmdReadMultiBlock  stm32h7xx_ll_sdmmc.o
    0x080068ec   0x080068ec   0x00000034   Code   RO         4066    i.SDMMC_CmdReadSingleBlock  stm32h7xx_ll_sdmmc.o
    0x08006920   0x08006920   0x00000034   Code   RO         4069    i.SDMMC_CmdSelDesel  stm32h7xx_ll_sdmmc.o
    0x08006954   0x08006954   0x0000002c   Code   RO         4070    i.SDMMC_CmdSendCID  stm32h7xx_ll_sdmmc.o
    0x08006980   0x08006980   0x00000030   Code   RO         4071    i.SDMMC_CmdSendCSD  stm32h7xx_ll_sdmmc.o
    0x080069b0   0x080069b0   0x00000032   Code   RO         4074    i.SDMMC_CmdSendSCR  stm32h7xx_ll_sdmmc.o
    0x080069e2   0x080069e2   0x00000034   Code   RO         4075    i.SDMMC_CmdSendStatus  stm32h7xx_ll_sdmmc.o
    0x08006a16   0x08006a16   0x00000032   Code   RO         4076    i.SDMMC_CmdSetRelAdd  stm32h7xx_ll_sdmmc.o
    0x08006a48   0x08006a48   0x00000032   Code   RO         4079    i.SDMMC_CmdStatusRegister  stm32h7xx_ll_sdmmc.o
    0x08006a7a   0x08006a7a   0x00000002   PAD
    0x08006a7c   0x08006a7c   0x00000054   Code   RO         4080    i.SDMMC_CmdStopTransfer  stm32h7xx_ll_sdmmc.o
    0x08006ad0   0x08006ad0   0x00000034   Code   RO         4083    i.SDMMC_CmdWriteMultiBlock  stm32h7xx_ll_sdmmc.o
    0x08006b04   0x08006b04   0x00000034   Code   RO         4084    i.SDMMC_CmdWriteSingleBlock  stm32h7xx_ll_sdmmc.o
    0x08006b38   0x08006b38   0x00000026   Code   RO         4085    i.SDMMC_ConfigData  stm32h7xx_ll_sdmmc.o
    0x08006b5e   0x08006b5e   0x00000002   PAD
    0x08006b60   0x08006b60   0x00000124   Code   RO         4086    i.SDMMC_GetCmdResp1  stm32h7xx_ll_sdmmc.o
    0x08006c84   0x08006c84   0x00000054   Code   RO         4087    i.SDMMC_GetCmdResp2  stm32h7xx_ll_sdmmc.o
    0x08006cd8   0x08006cd8   0x00000048   Code   RO         4088    i.SDMMC_GetCmdResp3  stm32h7xx_ll_sdmmc.o
    0x08006d20   0x08006d20   0x0000008c   Code   RO         4091    i.SDMMC_GetCmdResp6  stm32h7xx_ll_sdmmc.o
    0x08006dac   0x08006dac   0x00000058   Code   RO         4092    i.SDMMC_GetCmdResp7  stm32h7xx_ll_sdmmc.o
    0x08006e04   0x08006e04   0x00000008   Code   RO         4096    i.SDMMC_GetPowerState  stm32h7xx_ll_sdmmc.o
    0x08006e0c   0x08006e0c   0x00000006   Code   RO         4097    i.SDMMC_GetResponse  stm32h7xx_ll_sdmmc.o
    0x08006e12   0x08006e12   0x00000002   PAD
    0x08006e14   0x08006e14   0x00000020   Code   RO         4098    i.SDMMC_Init        stm32h7xx_ll_sdmmc.o
    0x08006e34   0x08006e34   0x0000000c   Code   RO         4101    i.SDMMC_PowerState_ON  stm32h7xx_ll_sdmmc.o
    0x08006e40   0x08006e40   0x00000006   Code   RO         4102    i.SDMMC_ReadFIFO    stm32h7xx_ll_sdmmc.o
    0x08006e46   0x08006e46   0x00000002   PAD
    0x08006e48   0x08006e48   0x00000028   Code   RO         4105    i.SDMMC_SendCommand  stm32h7xx_ll_sdmmc.o
    0x08006e70   0x08006e70   0x0000000a   Code   RO         4107    i.SDMMC_WriteFIFO   stm32h7xx_ll_sdmmc.o
    0x08006e7a   0x08006e7a   0x00000002   PAD
    0x08006e7c   0x08006e7c   0x00000020   Code   RO         5441    i.SD_CheckStatus    sd_diskio.o
    0x08006e9c   0x08006e9c   0x0000002e   Code   RO         5442    i.SD_CheckStatusWithTimeout  sd_diskio.o
    0x08006eca   0x08006eca   0x00000002   PAD
    0x08006ecc   0x08006ecc   0x000000e4   Code   RO         4462    i.SD_FindSCR        stm32h7xx_hal_sd.o
    0x08006fb0   0x08006fb0   0x000000f6   Code   RO         4463    i.SD_InitCard       stm32h7xx_hal_sd.o
    0x080070a6   0x080070a6   0x00000002   PAD
    0x080070a8   0x080070a8   0x000000b4   Code   RO         4464    i.SD_PowerON        stm32h7xx_hal_sd.o
    0x0800715c   0x0800715c   0x000000e4   Code   RO         4465    i.SD_SendSDStatus   stm32h7xx_hal_sd.o
    0x08007240   0x08007240   0x00000060   Code   RO         5443    i.SD_initialize     sd_diskio.o
    0x080072a0   0x080072a0   0x00000068   Code   RO         5444    i.SD_ioctl          sd_diskio.o
    0x08007308   0x08007308   0x00000084   Code   RO         5445    i.SD_read           sd_diskio.o
    0x0800738c   0x0800738c   0x00000004   Code   RO         5446    i.SD_status         sd_diskio.o
    0x08007390   0x08007390   0x00000084   Code   RO         5447    i.SD_write          sd_diskio.o
    0x08007414   0x08007414   0x000001ac   Code   RO         7567    i.ServoSet          control.o
    0x080075c0   0x080075c0   0x00000008   Code   RO           25    i.StartDefaultTask  main.o
    0x080075c8   0x080075c8   0x0000002c   Code   RO         7486    i.SysTick_Handler   port.o
    0x080075f4   0x080075f4   0x000000a8   Code   RO           26    i.SystemClock_Config  main.o
    0x0800769c   0x0800769c   0x000000f8   Code   RO         5283    i.SystemInit        system_stm32h7xx.o
    0x08007794   0x08007794   0x0000009c   Code   RO         7779    i.TFInit            tf.o
    0x08007830   0x08007830   0x0000000a   Code   RO         7714    i.TFStorageTask     taskinit.o
    0x0800783a   0x0800783a   0x00000002   PAD
    0x0800783c   0x0800783c   0x0000000c   Code   RO          407    i.TIM1_UP_IRQHandler  stm32h7xx_it.o
    0x08007848   0x08007848   0x0000000c   Code   RO          408    i.TIM3_IRQHandler   stm32h7xx_it.o
    0x08007854   0x08007854   0x000000cc   Code   RO          730    i.TIM_Base_SetConfig  stm32h7xx_hal_tim.o
    0x08007920   0x08007920   0x00000012   Code   RO          741    i.TIM_ETR_SetConfig  stm32h7xx_hal_tim.o
    0x08007932   0x08007932   0x00000002   PAD
    0x08007934   0x08007934   0x00000014   Code   RO          742    i.TIM_ITRx_SetConfig  stm32h7xx_hal_tim.o
    0x08007948   0x08007948   0x000000a4   Code   RO          743    i.TIM_OC1_SetConfig  stm32h7xx_hal_tim.o
    0x080079ec   0x080079ec   0x00000098   Code   RO          744    i.TIM_OC2_SetConfig  stm32h7xx_hal_tim.o
    0x08007a84   0x08007a84   0x00000098   Code   RO          745    i.TIM_OC3_SetConfig  stm32h7xx_hal_tim.o
    0x08007b1c   0x08007b1c   0x00000078   Code   RO          746    i.TIM_OC4_SetConfig  stm32h7xx_hal_tim.o
    0x08007b94   0x08007b94   0x00000074   Code   RO          747    i.TIM_OC5_SetConfig  stm32h7xx_hal_tim.o
    0x08007c08   0x08007c08   0x00000074   Code   RO          748    i.TIM_OC6_SetConfig  stm32h7xx_hal_tim.o
    0x08007c7c   0x08007c7c   0x00000022   Code   RO          750    i.TIM_TI1_ConfigInputStage  stm32h7xx_hal_tim.o
    0x08007c9e   0x08007c9e   0x00000024   Code   RO          752    i.TIM_TI2_ConfigInputStage  stm32h7xx_hal_tim.o
    0x08007cc2   0x08007cc2   0x00000002   PAD
    0x08007cc4   0x08007cc4   0x00000108   Code   RO         7715    i.TaskInit          taskinit.o
    0x08007dcc   0x08007dcc   0x00000078   Code   RO          409    i.UART5_IRQHandler  stm32h7xx_it.o
    0x08007e44   0x08007e44   0x0000000c   Code   RO          410    i.UART8_IRQHandler  stm32h7xx_it.o
    0x08007e50   0x08007e50   0x00000044   Code   RO         5177    i.UARTEx_SetNbDataToProcess  stm32h7xx_hal_uart_ex.o
    0x08007e94   0x08007e94   0x000000c8   Code   RO         4786    i.UART_AdvFeatureConfig  stm32h7xx_hal_uart.o
    0x08007f5c   0x08007f5c   0x000000aa   Code   RO         4787    i.UART_CheckIdleState  stm32h7xx_hal_uart.o
    0x08008006   0x08008006   0x00000010   Code   RO         4788    i.UART_DMAAbortOnError  stm32h7xx_hal_uart.o
    0x08008016   0x08008016   0x0000004e   Code   RO         4789    i.UART_DMAError     stm32h7xx_hal_uart.o
    0x08008064   0x08008064   0x00000082   Code   RO         4790    i.UART_DMAReceiveCplt  stm32h7xx_hal_uart.o
    0x080080e6   0x080080e6   0x00000020   Code   RO         4792    i.UART_DMARxHalfCplt  stm32h7xx_hal_uart.o
    0x08008106   0x08008106   0x00000002   PAD
    0x08008108   0x08008108   0x00000054   Code   RO         4798    i.UART_EndRxTransfer  stm32h7xx_hal_uart.o
    0x0800815c   0x0800815c   0x0000002e   Code   RO         4799    i.UART_EndTxTransfer  stm32h7xx_hal_uart.o
    0x0800818a   0x0800818a   0x00000002   PAD
    0x0800818c   0x0800818c   0x000003ac   Code   RO         4804    i.UART_SetConfig    stm32h7xx_hal_uart.o
    0x08008538   0x08008538   0x000000a8   Code   RO         4805    i.UART_Start_Receive_DMA  stm32h7xx_hal_uart.o
    0x080085e0   0x080085e0   0x00000094   Code   RO         4811    i.UART_WaitOnFlagUntilTimeout  stm32h7xx_hal_uart.o
    0x08008674   0x08008674   0x0000000c   Code   RO          411    i.USART2_IRQHandler  stm32h7xx_it.o
    0x08008680   0x08008680   0x000000d4   Code   RO          412    i.USART6_IRQHandler  stm32h7xx_it.o
    0x08008754   0x08008754   0x00000002   Code   RO          413    i.UsageFault_Handler  stm32h7xx_it.o
    0x08008756   0x08008756   0x00000022   Code   RO         1663    i.__NVIC_SetPriority  stm32h7xx_hal_cortex.o
    0x08008778   0x08008778   0x00000074   Code   RO         5644    i.check_fs          ff.o
    0x080087ec   0x080087ec   0x00000010   Code   RO         5645    i.chk_chr           ff.o
    0x080087fc   0x080087fc   0x00000070   Code   RO         5646    i.chk_lock          ff.o
    0x0800886c   0x0800886c   0x00000028   Code   RO         5647    i.clear_lock        ff.o
    0x08008894   0x08008894   0x00000028   Code   RO         5648    i.clmt_clust        ff.o
    0x080088bc   0x080088bc   0x00000018   Code   RO         5649    i.clust2sect        ff.o
    0x080088d4   0x080088d4   0x00000098   Code   RO         5650    i.cmp_lfn           ff.o
    0x0800896c   0x0800896c   0x000000ba   Code   RO         5651    i.create_chain      ff.o
    0x08008a26   0x08008a26   0x00000002   PAD
    0x08008a28   0x08008a28   0x0000020c   Code   RO         5652    i.create_name       ff.o
    0x08008c34   0x08008c34   0x00000030   Code   RO         5653    i.dec_lock          ff.o
    0x08008c64   0x08008c64   0x0000004a   Code   RO         5654    i.dir_alloc         ff.o
    0x08008cae   0x08008cae   0x000000de   Code   RO         5655    i.dir_find          ff.o
    0x08008d8c   0x08008d8c   0x00000126   Code   RO         5656    i.dir_next          ff.o
    0x08008eb2   0x08008eb2   0x00000002   PAD
    0x08008eb4   0x08008eb4   0x0000013c   Code   RO         5658    i.dir_register      ff.o
    0x08008ff0   0x08008ff0   0x000000a4   Code   RO         5660    i.dir_sdi           ff.o
    0x08009094   0x08009094   0x0000002c   Code   RO         5589    i.disk_initialize   diskio.o
    0x080090c0   0x080090c0   0x0000001c   Code   RO         5590    i.disk_ioctl        diskio.o
    0x080090dc   0x080090dc   0x00000020   Code   RO         5591    i.disk_read         diskio.o
    0x080090fc   0x080090fc   0x00000018   Code   RO         5592    i.disk_status       diskio.o
    0x08009114   0x08009114   0x00000020   Code   RO         5593    i.disk_write        diskio.o
    0x08009134   0x08009134   0x00000028   Code   RO         5661    i.enq_lock          ff.o
    0x0800915c   0x0800915c   0x00000034   Code   RO         5662    i.f_close           ff.o
    0x08009190   0x08009190   0x00000624   Code   RO         5668    i.f_mkfs            ff.o
    0x080097b4   0x080097b4   0x00000098   Code   RO         5669    i.f_mount           ff.o
    0x0800984c   0x0800984c   0x00000224   Code   RO         5670    i.f_open            ff.o
    0x08009a70   0x08009a70   0x00000242   Code   RO         5672    i.f_printf          ff.o
    0x08009cb2   0x08009cb2   0x000000aa   Code   RO         5679    i.f_sync            ff.o
    0x08009d5c   0x08009d5c   0x00000218   Code   RO         5682    i.f_write           ff.o
    0x08009f74   0x08009f74   0x0000002e   Code   RO         7947    i.fdiComProtocolReceive  fdilink.o
    0x08009fa2   0x08009fa2   0x00000002   PAD
    0x08009fa4   0x08009fa4   0x00000268   Code   RO         7894    i.fdiDecodeBuffer   fdi_send.o
    0x0800a20c   0x0800a20c   0x0000000c   Code   RO         7949    i.fdiEffectFeature  fdilink.o
    0x0800a218   0x0800a218   0x0000002e   Code   RO         7953    i.fdiInsertBuffer   fdilink.o
    0x0800a246   0x0800a246   0x0000000e   Code   RO         7954    i.fdiResetAll       fdilink.o
    0x0800a254   0x0800a254   0x000000c4   Code   RO         7955    i.fdiRuningReceiveData  fdilink.o
    0x0800a318   0x0800a318   0x00000038   Code   RO         6134    i.ff_convert        ccsbcs.o
    0x0800a350   0x0800a350   0x00000020   Code   RO         6086    i.ff_cre_syncobj    syscall.o
    0x0800a370   0x0800a370   0x0000000a   Code   RO         6087    i.ff_del_syncobj    syscall.o
    0x0800a37a   0x0800a37a   0x00000004   Code   RO         6088    i.ff_rel_grant      syscall.o
    0x0800a37e   0x0800a37e   0x00000014   Code   RO         6089    i.ff_req_grant      syscall.o
    0x0800a392   0x0800a392   0x00000002   PAD
    0x0800a394   0x0800a394   0x000000b8   Code   RO         6135    i.ff_wtoupper       ccsbcs.o
    0x0800a44c   0x0800a44c   0x000002ec   Code   RO         5683    i.find_volume       ff.o
    0x0800a738   0x0800a738   0x00000086   Code   RO         5684    i.follow_path       ff.o
    0x0800a7be   0x0800a7be   0x00000096   Code   RO         5685    i.gen_numname       ff.o
    0x0800a854   0x0800a854   0x000000c4   Code   RO         5686    i.get_fat           ff.o
    0x0800a918   0x0800a918   0x00000004   Code   RO         5552    i.get_fattime       fatfs.o
    0x0800a91c   0x0800a91c   0x00000054   Code   RO         5688    i.get_ldnumber      ff.o
    0x0800a970   0x0800a970   0x00000010   Code   RO         7071    i.inHandlerMode     cmsis_os.o
    0x0800a980   0x0800a980   0x00000094   Code   RO         5689    i.inc_lock          ff.o
    0x0800aa14   0x0800aa14   0x00000026   Code   RO         5690    i.ld_clust          ff.o
    0x0800aa3a   0x0800aa3a   0x00000016   Code   RO         5691    i.ld_dword          ff.o
    0x0800aa50   0x0800aa50   0x0000000a   Code   RO         5692    i.ld_word           ff.o
    0x0800aa5a   0x0800aa5a   0x00000016   Code   RO         5693    i.lock_fs           ff.o
    0x0800aa70   0x0800aa70   0x000000e0   Code   RO           27    i.main              main.o
    0x0800ab50   0x0800ab50   0x0000000c   Code   RO         7073    i.makeFreeRtosPriority  cmsis_os.o
    0x0800ab5c   0x0800ab5c   0x00000018   Code   RO         5694    i.mem_cmp           ff.o
    0x0800ab74   0x0800ab74   0x00000012   Code   RO         5695    i.mem_cpy           ff.o
    0x0800ab86   0x0800ab86   0x0000000c   Code   RO         5696    i.mem_set           ff.o
    0x0800ab92   0x0800ab92   0x00000034   Code   RO         5697    i.move_window       ff.o
    0x0800abc6   0x0800abc6   0x00000002   PAD
    0x0800abc8   0x0800abc8   0x0000001c   Code   RO         7075    i.osDelay           cmsis_os.o
    0x0800abe4   0x0800abe4   0x00000012   Code   RO         7077    i.osKernelRunning   cmsis_os.o
    0x0800abf6   0x0800abf6   0x0000000a   Code   RO         7078    i.osKernelStart     cmsis_os.o
    0x0800ac00   0x0800ac00   0x00000018   Code   RO         7079    i.osKernelSysTick   cmsis_os.o
    0x0800ac18   0x0800ac18   0x0000002a   Code   RO         7087    i.osMessageCreate   cmsis_os.o
    0x0800ac42   0x0800ac42   0x00000002   PAD
    0x0800ac44   0x0800ac44   0x000000bc   Code   RO         7089    i.osMessageGet      cmsis_os.o
    0x0800ad00   0x0800ad00   0x00000070   Code   RO         7091    i.osMessagePut      cmsis_os.o
    0x0800ad70   0x0800ad70   0x00000046   Code   RO         7104    i.osSemaphoreCreate  cmsis_os.o
    0x0800adb6   0x0800adb6   0x00000018   Code   RO         7105    i.osSemaphoreDelete  cmsis_os.o
    0x0800adce   0x0800adce   0x00000002   PAD
    0x0800add0   0x0800add0   0x00000050   Code   RO         7107    i.osSemaphoreRelease  cmsis_os.o
    0x0800ae20   0x0800ae20   0x00000078   Code   RO         7108    i.osSemaphoreWait   cmsis_os.o
    0x0800ae98   0x0800ae98   0x0000005c   Code   RO         7112    i.osThreadCreate    cmsis_os.o
    0x0800aef4   0x0800aef4   0x00000078   Code   RO         6690    i.prvAddCurrentTaskToDelayedList  tasks.o
    0x0800af6c   0x0800af6c   0x0000008c   Code   RO         6691    i.prvAddNewTaskToReadyList  tasks.o
    0x0800aff8   0x0800aff8   0x00000040   Code   RO         6692    i.prvCheckTasksWaitingTermination  tasks.o
    0x0800b038   0x0800b038   0x00000024   Code   RO         6319    i.prvCopyDataFromQueue  queue.o
    0x0800b05c   0x0800b05c   0x0000006e   Code   RO         6320    i.prvCopyDataToQueue  queue.o
    0x0800b0ca   0x0800b0ca   0x00000040   Code   RO         6693    i.prvDeleteTCB      tasks.o
    0x0800b10a   0x0800b10a   0x00000014   Code   RO         6321    i.prvGetDisinheritPriorityAfterTimeout  queue.o
    0x0800b11e   0x0800b11e   0x00000002   PAD
    0x0800b120   0x0800b120   0x00000028   Code   RO         6694    i.prvIdleTask       tasks.o
    0x0800b148   0x0800b148   0x00000022   Code   RO         6323    i.prvInitialiseNewQueue  queue.o
    0x0800b16a   0x0800b16a   0x00000094   Code   RO         6695    i.prvInitialiseNewTask  tasks.o
    0x0800b1fe   0x0800b1fe   0x00000002   PAD
    0x0800b200   0x0800b200   0x00000060   Code   RO         6696    i.prvInitialiseTaskLists  tasks.o
    0x0800b260   0x0800b260   0x0000001a   Code   RO         6324    i.prvIsQueueEmpty   queue.o
    0x0800b27a   0x0800b27a   0x0000001e   Code   RO         6325    i.prvIsQueueFull    queue.o
    0x0800b298   0x0800b298   0x00000024   Code   RO         6698    i.prvResetNextTaskUnblockTime  tasks.o
    0x0800b2bc   0x0800b2bc   0x00000030   Code   RO         7487    i.prvTaskExitError  port.o
    0x0800b2ec   0x0800b2ec   0x00000068   Code   RO         6326    i.prvUnlockQueue    queue.o
    0x0800b354   0x0800b354   0x00000102   Code   RO         5699    i.put_fat           ff.o
    0x0800b456   0x0800b456   0x00000002   PAD
    0x0800b458   0x0800b458   0x00000074   Code   RO         5700    i.put_lfn           ff.o
    0x0800b4cc   0x0800b4cc   0x00000048   Code   RO         5701    i.putc_bfd          ff.o
    0x0800b514   0x0800b514   0x0000002a   Code   RO         5702    i.putc_flush        ff.o
    0x0800b53e   0x0800b53e   0x0000000a   Code   RO         5703    i.putc_init         ff.o
    0x0800b548   0x0800b548   0x00000050   Code   RO         7440    i.pvPortMalloc      heap_1.o
    0x0800b598   0x0800b598   0x00000018   Code   RO         6702    i.pvTaskIncrementMutexHeldCount  tasks.o
    0x0800b5b0   0x0800b5b0   0x0000002c   Code   RO         7488    i.pxPortInitialiseStack  port.o
    0x0800b5dc   0x0800b5dc   0x0000007e   Code   RO         5704    i.remove_chain      ff.o
    0x0800b65a   0x0800b65a   0x00000028   Code   RO         5705    i.st_clust          ff.o
    0x0800b682   0x0800b682   0x00000014   Code   RO         5706    i.st_dword          ff.o
    0x0800b696   0x0800b696   0x0000000a   Code   RO         5707    i.st_word           ff.o
    0x0800b6a0   0x0800b6a0   0x0000001a   Code   RO         5708    i.sum_sfn           ff.o
    0x0800b6ba   0x0800b6ba   0x00000002   PAD
    0x0800b6bc   0x0800b6bc   0x0000008c   Code   RO         5709    i.sync_fs           ff.o
    0x0800b748   0x0800b748   0x00000056   Code   RO         5710    i.sync_window       ff.o
    0x0800b79e   0x0800b79e   0x00000018   Code   RO         5711    i.unlock_fs         ff.o
    0x0800b7b6   0x0800b7b6   0x00000026   Code   RO         6279    i.uxListRemove      list.o
    0x0800b7dc   0x0800b7dc   0x00000018   Code   RO          358    i.vApplicationGetIdleTaskMemory  freertos.o
    0x0800b7f4   0x0800b7f4   0x00000016   Code   RO         6280    i.vListInitialise   list.o
    0x0800b80a   0x0800b80a   0x00000006   Code   RO         6281    i.vListInitialiseItem  list.o
    0x0800b810   0x0800b810   0x0000003a   Code   RO         6282    i.vListInsert       list.o
    0x0800b84a   0x0800b84a   0x00000018   Code   RO         6283    i.vListInsertEnd    list.o
    0x0800b862   0x0800b862   0x00000002   PAD
    0x0800b864   0x0800b864   0x00000040   Code   RO         7490    i.vPortEnterCritical  port.o
    0x0800b8a4   0x0800b8a4   0x0000002c   Code   RO         7491    i.vPortExitCritical  port.o
    0x0800b8d0   0x0800b8d0   0x00000016   Code   RO         7441    i.vPortFree         heap_1.o
    0x0800b8e6   0x0800b8e6   0x00000002   PAD
    0x0800b8e8   0x0800b8e8   0x00000028   Code   RO         7492    i.vPortSetupTimerInterrupt  port.o
    0x0800b910   0x0800b910   0x00000054   Code   RO         7493    i.vPortValidateInterruptPriority  port.o
    0x0800b964   0x0800b964   0x00000032   Code   RO         6333    i.vQueueDelete      queue.o
    0x0800b996   0x0800b996   0x00000002   PAD
    0x0800b998   0x0800b998   0x00000028   Code   RO         6335    i.vQueueUnregisterQueue  queue.o
    0x0800b9c0   0x0800b9c0   0x00000050   Code   RO         6711    i.vTaskDelay        tasks.o
    0x0800ba10   0x0800ba10   0x00000010   Code   RO         6715    i.vTaskInternalSetTimeOutState  tasks.o
    0x0800ba20   0x0800ba20   0x0000000c   Code   RO         6717    i.vTaskMissedYield  tasks.o
    0x0800ba2c   0x0800ba2c   0x00000034   Code   RO         6719    i.vTaskPlaceOnEventList  tasks.o
    0x0800ba60   0x0800ba60   0x000000a8   Code   RO         6721    i.vTaskPriorityDisinheritAfterTimeout  tasks.o
    0x0800bb08   0x0800bb08   0x00000088   Code   RO         6727    i.vTaskStartScheduler  tasks.o
    0x0800bb90   0x0800bb90   0x00000010   Code   RO         6729    i.vTaskSuspendAll   tasks.o
    0x0800bba0   0x0800bba0   0x00000060   Code   RO         6730    i.vTaskSwitchContext  tasks.o
    0x0800bc00   0x0800bc00   0x0000004e   Code   RO         5712    i.validate          ff.o
    0x0800bc4e   0x0800bc4e   0x00000002   PAD
    0x0800bc50   0x0800bc50   0x00000104   Code   RO         7494    i.xPortStartScheduler  port.o
    0x0800bd54   0x0800bd54   0x00000044   Code   RO         6338    i.xQueueGenericCreate  queue.o
    0x0800bd98   0x0800bd98   0x00000070   Code   RO         6339    i.xQueueGenericCreateStatic  queue.o
    0x0800be08   0x0800be08   0x00000090   Code   RO         6340    i.xQueueGenericReset  queue.o
    0x0800be98   0x0800be98   0x00000170   Code   RO         6341    i.xQueueGenericSend  queue.o
    0x0800c008   0x0800c008   0x000000be   Code   RO         6342    i.xQueueGenericSendFromISR  queue.o
    0x0800c0c6   0x0800c0c6   0x000000a0   Code   RO         6343    i.xQueueGiveFromISR  queue.o
    0x0800c166   0x0800c166   0x00000002   PAD
    0x0800c168   0x0800c168   0x00000148   Code   RO         6348    i.xQueueReceive     queue.o
    0x0800c2b0   0x0800c2b0   0x0000009a   Code   RO         6349    i.xQueueReceiveFromISR  queue.o
    0x0800c34a   0x0800c34a   0x00000002   PAD
    0x0800c34c   0x0800c34c   0x00000184   Code   RO         6350    i.xQueueSemaphoreTake  queue.o
    0x0800c4d0   0x0800c4d0   0x00000080   Code   RO         6732    i.xTaskCheckForTimeOut  tasks.o
    0x0800c550   0x0800c550   0x0000006c   Code   RO         6733    i.xTaskCreate       tasks.o
    0x0800c5bc   0x0800c5bc   0x00000060   Code   RO         6734    i.xTaskCreateStatic  tasks.o
    0x0800c61c   0x0800c61c   0x0000001c   Code   RO         6738    i.xTaskGetSchedulerState  tasks.o
    0x0800c638   0x0800c638   0x0000000c   Code   RO         6739    i.xTaskGetTickCount  tasks.o
    0x0800c644   0x0800c644   0x00000010   Code   RO         6740    i.xTaskGetTickCountFromISR  tasks.o
    0x0800c654   0x0800c654   0x000000d4   Code   RO         6741    i.xTaskIncrementTick  tasks.o
    0x0800c728   0x0800c728   0x0000009c   Code   RO         6744    i.xTaskPriorityDisinherit  tasks.o
    0x0800c7c4   0x0800c7c4   0x00000094   Code   RO         6745    i.xTaskPriorityInherit  tasks.o
    0x0800c858   0x0800c858   0x00000078   Code   RO         6746    i.xTaskRemoveFromEventList  tasks.o
    0x0800c8d0   0x0800c8d0   0x000000cc   Code   RO         6747    i.xTaskResumeAll    tasks.o
    0x0800c99c   0x0800c99c   0x0000000a   Code   RO         8251    x$fpl$fpinit        fz_wv.l(fpinit.o)
    0x0800c9a6   0x0800c9a6   0x00000002   PAD
    0x0800c9a8   0x0800c9a8   0x0000001c   Data   RO           34    .constdata          main.o
    0x0800c9c4   0x0800c9c4   0x00000008   Data   RO         2454    .constdata          stm32h7xx_hal_dma.o
    0x0800c9cc   0x0800c9cc   0x00000018   Data   RO         4812    .constdata          stm32h7xx_hal_uart.o
    0x0800c9e4   0x0800c9e4   0x00000010   Data   RO         5178    .constdata          stm32h7xx_hal_uart_ex.o
    0x0800c9f4   0x0800c9f4   0x00000010   Data   RO         5284    .constdata          system_stm32h7xx.o
    0x0800ca04   0x0800ca04   0x00000014   Data   RO         5448    .constdata          sd_diskio.o
    0x0800ca18   0x0800ca18   0x00000010   Data   RO         5449    .constdata          sd_diskio.o
    0x0800ca28   0x0800ca28   0x000000aa   Data   RO         5714    .constdata          ff.o
    0x0800cad2   0x0800cad2   0x000003ae   Data   RO         6136    .constdata          ccsbcs.o
    0x0800ce80   0x0800ce80   0x00000010   Data   RO         7578    .constdata          control.o
    0x0800ce90   0x0800ce90   0x00000700   Data   RO         7866    .constdata          crc_table.o
    0x0800d590   0x0800d590   0x0000000c   Data   RO           35    .conststring        main.o
    0x0800d59c   0x0800d59c   0x00000020   Data   RO         8307    Region$$Table       anon$$obj.o


    Execution Region RW_IRAM1 (Exec base: 0x20000000, Load base: 0x0800d5bc, Size: 0x00000000, Max: 0x00020000, ABSOLUTE)

    **** No section assigned to this execution region ****


    Execution Region RW_IRAM2 (Exec base: 0x24000000, Load base: 0x0800d5bc, Size: 0x00008908, Max: 0x00080000, ABSOLUTE, COMPRESSED[0x0000002c])

    Exec Addr    Load Addr    Size         Type   Attr      Idx    E Section Name        Object

    0x24000000   COMPRESSED   0x00000004   Data   RW           36    .data               main.o
    0x24000004   COMPRESSED   0x0000000c   Data   RW         3192    .data               stm32h7xx_hal.o
    0x24000010   COMPRESSED   0x00000008   Data   RW         5285    .data               system_stm32h7xx.o
    0x24000018   COMPRESSED   0x00000008   Data   RW         5450    .data               sd_diskio.o
    0x24000020   COMPRESSED   0x00000005   Data   RW         5555    .data               fatfs.o
    0x24000025   COMPRESSED   0x00000003   PAD
    0x24000028   COMPRESSED   0x00000008   Data   RW         5715    .data               ff.o
    0x24000030   COMPRESSED   0x0000003c   Data   RW         6750    .data               tasks.o
    0x2400006c   COMPRESSED   0x00000008   Data   RW         7445    .data               heap_1.o
    0x24000074   COMPRESSED   0x0000000c   Data   RW         7495    .data               port.o
    0x24000080   COMPRESSED   0x00000040   Data   RW         7579    .data               control.o
    0x240000c0   COMPRESSED   0x00000004   Data   RW         7580    .data               control.o
    0x240000c4   COMPRESSED   0x00000004   Data   RW         7581    .data               control.o
    0x240000c8   COMPRESSED   0x00000002   Data   RW         7657    .data               navigation.o
    0x240000ca   COMPRESSED   0x00000004   Data   RW         7658    .data               navigation.o
    0x240000ce   COMPRESSED   0x00000002   PAD
    0x240000d0   COMPRESSED   0x00000008   Data   RW         7659    .data               navigation.o
    0x240000d8   COMPRESSED   0x00000008   Data   RW         7660    .data               navigation.o
    0x240000e0   COMPRESSED   0x00000008   Data   RW         7661    .data               navigation.o
    0x240000e8   COMPRESSED   0x00000008   Data   RW         7662    .data               navigation.o
    0x240000f0   COMPRESSED   0x00000008   Data   RW         7663    .data               navigation.o
    0x240000f8   COMPRESSED   0x00000004   Data   RW         7665    .data               navigation.o
    0x240000fc   COMPRESSED   0x0000003c   Data   RW         7716    .data               taskinit.o
    0x24000138   COMPRESSED   0x00000001   Data   RW         7783    .data               tf.o
    0x24000139   COMPRESSED   0x00000001   PAD
    0x2400013a   COMPRESSED   0x00000020   Data   RW         7826    .data               receiver.o
    0x2400015a   COMPRESSED   0x00000002   PAD
    0x2400015c   COMPRESSED   0x00000004   Data   RW         7827    .data               receiver.o
    0x24000160   COMPRESSED   0x00000004   Data   RW         7828    .data               receiver.o
    0x24000164   COMPRESSED   0x00000001   Data   RW         7829    .data               receiver.o
    0x24000165   COMPRESSED   0x00000003   PAD
    0x24000168        -       0x00000444   Zero   RW           28    .bss                main.o
    0x240005ac        -       0x00000078   Zero   RW           29    .bss                main.o
    0x24000624        -       0x00000078   Zero   RW           30    .bss                main.o
    0x2400069c        -       0x00000078   Zero   RW           31    .bss                main.o
    0x24000714        -       0x00000078   Zero   RW           32    .bss                main.o
    0x2400078c        -       0x00000078   Zero   RW           33    .bss                main.o
    0x24000804        -       0x0000025c   Zero   RW          359    .bss                freertos.o
    0x24000a60        -       0x0000004c   Zero   RW          599    .bss                stm32h7xx_hal_timebase_tim.o
    0x24000aac        -       0x00000238   Zero   RW         5553    .bss                fatfs.o
    0x24000ce4        -       0x00000230   Zero   RW         5554    .bss                fatfs.o
    0x24000f14        -       0x00000020   Zero   RW         5713    .bss                ff.o
    0x24000f34        -       0x0000000c   Zero   RW         6040    .bss                ff_gen_drv.o
    0x24000f40        -       0x00000040   Zero   RW         6351    .bss                queue.o
    0x24000f80        -       0x000002e4   Zero   RW         6749    .bss                tasks.o
    0x24001264        -       0x00003c00   Zero   RW         7444    .bss                heap_1.o
    0x24004e64        -       0x00000190   Zero   RW         7626    .bss                navigation.o
    0x24004ff4        -       0x000002c0   Zero   RW         7627    .bss                navigation.o
    0x240052b4        -       0x00000020   Zero   RW         7628    .bss                navigation.o
    0x240052d4   COMPRESSED   0x00000004   PAD
    0x240052d8        -       0x00000038   Zero   RW         7629    .bss                navigation.o
    0x24005310        -       0x00000030   Zero   RW         7630    .bss                navigation.o
    0x24005340        -       0x00000058   Zero   RW         7631    .bss                navigation.o
    0x24005398        -       0x00000010   Zero   RW         7632    .bss                navigation.o
    0x240053a8        -       0x0000000c   Zero   RW         7633    .bss                navigation.o
    0x240053b4        -       0x0000000c   Zero   RW         7634    .bss                navigation.o
    0x240053c0        -       0x0000000c   Zero   RW         7635    .bss                navigation.o
    0x240053cc        -       0x00000010   Zero   RW         7636    .bss                navigation.o
    0x240053dc        -       0x00000030   Zero   RW         7637    .bss                navigation.o
    0x2400540c   COMPRESSED   0x00000004   PAD
    0x24005410        -       0x00000050   Zero   RW         7638    .bss                navigation.o
    0x24005460        -       0x0000000c   Zero   RW         7639    .bss                navigation.o
    0x2400546c        -       0x0000007a   Zero   RW         7640    .bss                navigation.o
    0x240054e6   COMPRESSED   0x00000002   PAD
    0x240054e8        -       0x00000020   Zero   RW         7641    .bss                navigation.o
    0x24005508        -       0x00000018   Zero   RW         7642    .bss                navigation.o
    0x24005520        -       0x00000010   Zero   RW         7643    .bss                navigation.o
    0x24005530        -       0x0000000c   Zero   RW         7644    .bss                navigation.o
    0x2400553c        -       0x0000000c   Zero   RW         7645    .bss                navigation.o
    0x24005548        -       0x0000000c   Zero   RW         7646    .bss                navigation.o
    0x24005554        -       0x00000010   Zero   RW         7647    .bss                navigation.o
    0x24005564        -       0x0000000c   Zero   RW         7648    .bss                navigation.o
    0x24005570        -       0x00000010   Zero   RW         7649    .bss                navigation.o
    0x24005580        -       0x00000024   Zero   RW         7650    .bss                navigation.o
    0x240055a4        -       0x0000000c   Zero   RW         7651    .bss                navigation.o
    0x240055b0        -       0x0000000c   Zero   RW         7652    .bss                navigation.o
    0x240055bc   COMPRESSED   0x00000004   PAD
    0x240055c0        -       0x00000040   Zero   RW         7653    .bss                navigation.o
    0x24005600        -       0x00000028   Zero   RW         7654    .bss                navigation.o
    0x24005628        -       0x00000018   Zero   RW         7655    .bss                navigation.o
    0x24005640        -       0x00000010   Zero   RW         7656    .bss                navigation.o
    0x24005650        -       0x00000200   Zero   RW         7781    .bss                tf.o
    0x24005850        -       0x00000019   Zero   RW         7823    .bss                receiver.o
    0x24005869   COMPRESSED   0x00000001   PAD
    0x2400586a        -       0x0000003a   Zero   RW         7824    .bss                receiver.o
    0x240058a4        -       0x00000060   Zero   RW         8181    .bss                c_w.l(libspace.o)
    0x24005904   COMPRESSED   0x00000004   PAD
    0x24005908        -       0x00001000   Zero   RW            2    HEAP                startup_stm32h743xx.o
    0x24006908        -       0x00002000   Zero   RW            1    STACK               startup_stm32h743xx.o


==============================================================================

Image component sizes


      Code (inc. data)   RO Data    RW Data    ZI Data      Debug   Object Name

       178         22          0          0          0       5113   bsp_driver_sd.o
       240         22        942          0          0       2823   ccsbcs.o
       836         36          0          0          0      36426   cmsis_os.o
      1008        150         16         72          0       4334   control.o
        72         10       1792          0          0       2229   crc_table.o
       160         26          0          0          0       3761   diskio.o
         0          0          0          0          0      18988   event_groups.o
        32         12          0          5       1128       1584   fatfs.o
        24          4          0          0          0        557   fatfs_platform.o
       616        248          0          0          0       1938   fdi_send.o
       314         10          0          0          0      14433   fdilink.o
      8682        180        170          8         32      53800   ff.o
        78          4          0          0         12       1603   ff_gen_drv.o
        24          6          0          0        604       1344   freertos.o
       102         10          0          8      15360       4983   heap_1.o
       148          0          0          0          0       3642   list.o
      1908        154         40          4       1692    1387873   main.o
        24         10          0         50       2014       3439   navigation.o
       818         96          0         12          0      11957   port.o
      2362         28          0          0         64      24111   queue.o
       402         22          0         41         83       2858   receiver.o
       578         40         36          8          0      14021   sd_diskio.o
        72         30        664          0      12288        836   startup_stm32h743xx.o
       168         36          0         12          0      22685   stm32h7xx_hal.o
       316         28          0          0          0      40984   stm32h7xx_hal_cortex.o
      5992        246          8          0          0      12381   stm32h7xx_hal_dma.o
       592         50          0          0          0       3576   stm32h7xx_hal_gpio.o
      1368        126          0          0          0       4935   stm32h7xx_hal_msp.o
        84          6          0          0          0        777   stm32h7xx_hal_pwr_ex.o
      2558        110          0          0          0       7793   stm32h7xx_hal_rcc.o
      4776        172          0          0          0      10479   stm32h7xx_hal_rcc_ex.o
      3346         66          0          0          0      18796   stm32h7xx_hal_sd.o
      2350        236          0          0          0      17078   stm32h7xx_hal_tim.o
       170         30          0          0          0       3176   stm32h7xx_hal_tim_ex.o
       132         22          0          0         76       1547   stm32h7xx_hal_timebase_tim.o
      3296        160         24          0          0      36084   stm32h7xx_hal_uart.o
       290          6         16          0          0       5430   stm32h7xx_hal_uart_ex.o
       464        114          0          0          0       8412   stm32h7xx_it.o
      1790         72          0          0          0      24198   stm32h7xx_ll_sdmmc.o
         0          0          0          0          0        412   stream_buffer.o
        66          0          0          0          0       3476   syscall.o
       276         48         16          8          0       1969   system_stm32h7xx.o
       470        142          0         60          0       3944   taskinit.o
      2536        222          0         60        740      30016   tasks.o
       156         52          0          1        512       1178   tf.o

    ----------------------------------------------------------------------
     49964       3064       3756        360      34620    1861979   Object Totals
         0          0         32          0          0          0   (incl. Generated)
        90          0          0         11         15          0   (incl. Padding)

    ----------------------------------------------------------------------

      Code (inc. data)   RO Data    RW Data    ZI Data      Debug   Library Member Name

        90          0          0          0          0          0   __dczerorl2.o
         8          0          0          0          0         68   __main.o
         0          0          0          0          0          0   __rtentry.o
        12          0          0          0          0          0   __rtentry2.o
         6          0          0          0          0          0   __rtentry4.o
        52          8          0          0          0          0   __scatter.o
        28          0          0          0          0          0   __scatter_zi.o
        16          0          0          0          0         68   aeabi_memset.o
        18          0          0          0          0         80   exit.o
         6          0          0          0          0        152   heapauxi.o
         0          0          0          0          0          0   indicate_semi.o
         2          0          0          0          0          0   libinit.o
         6          0          0          0          0          0   libinit2.o
         2          0          0          0          0          0   libshutdown.o
         2          0          0          0          0          0   libshutdown2.o
         8          4          0          0         96         68   libspace.o
       238          0          0          0          0        100   lludivv7m.o
        68          0          0          0          0         68   rt_memclr.o
        78          0          0          0          0         80   rt_memclr_w.o
       138          0          0          0          0         68   rt_memcpy_v6.o
       100          0          0          0          0         80   rt_memcpy_w.o
         2          0          0          0          0          0   rtexit.o
        10          0          0          0          0          0   rtexit2.o
        12          4          0          0          0         68   sys_exit.o
        74          0          0          0          0         80   sys_stackheap_outer.o
         2          0          0          0          0         68   use_no_semi.o
        10          0          0          0          0        116   fpinit.o

    ----------------------------------------------------------------------
       996         16          0          0        100       1164   Library Totals
         8          0          0          0          4          0   (incl. Padding)

    ----------------------------------------------------------------------

      Code (inc. data)   RO Data    RW Data    ZI Data      Debug   Library Name

       978         16          0          0         96       1048   c_w.l
        10          0          0          0          0        116   fz_wv.l

    ----------------------------------------------------------------------
       996         16          0          0        100       1164   Library Totals

    ----------------------------------------------------------------------

==============================================================================


      Code (inc. data)   RO Data    RW Data    ZI Data      Debug   

     50960       3080       3756        360      34720    1827175   Grand Totals
     50960       3080       3756         44      34720    1827175   ELF Image Totals (compressed)
     50960       3080       3756         44          0          0   ROM Totals

==============================================================================

    Total RO  Size (Code + RO Data)                54716 (  53.43kB)
    Total RW  Size (RW Data + ZI Data)             35080 (  34.26kB)
    Total ROM Size (Code + RO Data + RW Data)      54760 (  53.48kB)

==============================================================================

