Component: ARM Compiler 5.06 update 6 (build 750) Tool: armlink [4d35ed]

==============================================================================

Section Cross References

    startup_stm32h743xx.o(STACK) refers (Special) to heapauxi.o(.text) for __use_two_region_memory
    startup_stm32h743xx.o(HEAP) refers (Special) to heapauxi.o(.text) for __use_two_region_memory
    startup_stm32h743xx.o(RESET) refers (Special) to heapauxi.o(.text) for __use_two_region_memory
    startup_stm32h743xx.o(RESET) refers to startup_stm32h743xx.o(STACK) for __initial_sp
    startup_stm32h743xx.o(RESET) refers to startup_stm32h743xx.o(.text) for Reset_Handler
    startup_stm32h743xx.o(RESET) refers to stm32h7xx_it.o(i.NMI_Handler) for NMI_Handler
    startup_stm32h743xx.o(RESET) refers to stm32h7xx_it.o(i.HardFault_Handler) for HardFault_Handler
    startup_stm32h743xx.o(RESET) refers to stm32h7xx_it.o(i.MemManage_Handler) for MemManage_Handler
    startup_stm32h743xx.o(RESET) refers to stm32h7xx_it.o(i.BusFault_Handler) for BusFault_Handler
    startup_stm32h743xx.o(RESET) refers to stm32h7xx_it.o(i.UsageFault_Handler) for UsageFault_Handler
    startup_stm32h743xx.o(RESET) refers to port.o(.emb_text) for SVC_Handler
    startup_stm32h743xx.o(RESET) refers to stm32h7xx_it.o(i.DebugMon_Handler) for DebugMon_Handler
    startup_stm32h743xx.o(RESET) refers to port.o(i.SysTick_Handler) for SysTick_Handler
    startup_stm32h743xx.o(RESET) refers to stm32h7xx_it.o(i.DMA1_Stream0_IRQHandler) for DMA1_Stream0_IRQHandler
    startup_stm32h743xx.o(RESET) refers to stm32h7xx_it.o(i.DMA1_Stream1_IRQHandler) for DMA1_Stream1_IRQHandler
    startup_stm32h743xx.o(RESET) refers to stm32h7xx_it.o(i.DMA1_Stream2_IRQHandler) for DMA1_Stream2_IRQHandler
    startup_stm32h743xx.o(RESET) refers to stm32h7xx_it.o(i.DMA1_Stream3_IRQHandler) for DMA1_Stream3_IRQHandler
    startup_stm32h743xx.o(RESET) refers to stm32h7xx_it.o(i.DMA1_Stream4_IRQHandler) for DMA1_Stream4_IRQHandler
    startup_stm32h743xx.o(RESET) refers to stm32h7xx_it.o(i.TIM1_UP_IRQHandler) for TIM1_UP_IRQHandler
    startup_stm32h743xx.o(RESET) refers to stm32h7xx_it.o(i.USART2_IRQHandler) for USART2_IRQHandler
    startup_stm32h743xx.o(RESET) refers to stm32h7xx_it.o(i.SDMMC1_IRQHandler) for SDMMC1_IRQHandler
    startup_stm32h743xx.o(RESET) refers to stm32h7xx_it.o(i.UART5_IRQHandler) for UART5_IRQHandler
    startup_stm32h743xx.o(RESET) refers to stm32h7xx_it.o(i.USART6_IRQHandler) for USART6_IRQHandler
    startup_stm32h743xx.o(RESET) refers to stm32h7xx_it.o(i.UART8_IRQHandler) for UART8_IRQHandler
    startup_stm32h743xx.o(.text) refers (Special) to heapauxi.o(.text) for __use_two_region_memory
    startup_stm32h743xx.o(.text) refers to system_stm32h7xx.o(i.ExitRun0Mode) for ExitRun0Mode
    startup_stm32h743xx.o(.text) refers to system_stm32h7xx.o(i.SystemInit) for SystemInit
    startup_stm32h743xx.o(.text) refers to __main.o(!!!main) for __main
    startup_stm32h743xx.o(.text) refers to startup_stm32h743xx.o(HEAP) for Heap_Mem
    startup_stm32h743xx.o(.text) refers to startup_stm32h743xx.o(STACK) for Stack_Mem
    main.o(i.HAL_TIM_PeriodElapsedCallback) refers to stm32h7xx_hal.o(i.HAL_IncTick) for HAL_IncTick
    main.o(i.MX_DMA_Init) refers to stm32h7xx_hal_cortex.o(i.HAL_NVIC_SetPriority) for HAL_NVIC_SetPriority
    main.o(i.MX_DMA_Init) refers to stm32h7xx_hal_cortex.o(i.HAL_NVIC_EnableIRQ) for HAL_NVIC_EnableIRQ
    main.o(i.MX_GPIO_Init) refers to rt_memclr_w.o(.text) for __aeabi_memclr4
    main.o(i.MX_GPIO_Init) refers to stm32h7xx_hal_gpio.o(i.HAL_GPIO_WritePin) for HAL_GPIO_WritePin
    main.o(i.MX_GPIO_Init) refers to stm32h7xx_hal_gpio.o(i.HAL_GPIO_Init) for HAL_GPIO_Init
    main.o(i.MX_TIM2_Init) refers to rt_memclr_w.o(.text) for __aeabi_memclr4
    main.o(i.MX_TIM2_Init) refers to stm32h7xx_hal_tim.o(i.HAL_TIM_Base_Init) for HAL_TIM_Base_Init
    main.o(i.MX_TIM2_Init) refers to stm32h7xx_hal_tim.o(i.HAL_TIM_ConfigClockSource) for HAL_TIM_ConfigClockSource
    main.o(i.MX_TIM2_Init) refers to stm32h7xx_hal_tim.o(i.HAL_TIM_PWM_Init) for HAL_TIM_PWM_Init
    main.o(i.MX_TIM2_Init) refers to stm32h7xx_hal_tim_ex.o(i.HAL_TIMEx_MasterConfigSynchronization) for HAL_TIMEx_MasterConfigSynchronization
    main.o(i.MX_TIM2_Init) refers to stm32h7xx_hal_tim.o(i.HAL_TIM_PWM_ConfigChannel) for HAL_TIM_PWM_ConfigChannel
    main.o(i.MX_TIM2_Init) refers to stm32h7xx_hal_msp.o(i.HAL_TIM_MspPostInit) for HAL_TIM_MspPostInit
    main.o(i.MX_TIM2_Init) refers to main.o(.bss) for .bss
    main.o(i.MX_TIM4_Init) refers to rt_memclr_w.o(.text) for __aeabi_memclr4
    main.o(i.MX_TIM4_Init) refers to stm32h7xx_hal_tim.o(i.HAL_TIM_Base_Init) for HAL_TIM_Base_Init
    main.o(i.MX_TIM4_Init) refers to stm32h7xx_hal_tim.o(i.HAL_TIM_ConfigClockSource) for HAL_TIM_ConfigClockSource
    main.o(i.MX_TIM4_Init) refers to stm32h7xx_hal_tim.o(i.HAL_TIM_PWM_Init) for HAL_TIM_PWM_Init
[...]
    HAL_TIM_Base_Init                        0x08004b0d   Thumb Code    98  stm32h7xx_hal_tim.o(i.HAL_TIM_Base_Init)
    HAL_TIM_Base_MspInit                     0x08004b71   Thumb Code    52  stm32h7xx_hal_msp.o(i.HAL_TIM_Base_MspInit)
    HAL_TIM_Base_Start_IT                    0x08004bad   Thumb Code   106  stm32h7xx_hal_tim.o(i.HAL_TIM_Base_Start_IT)
    HAL_TIM_ConfigClockSource                0x08004c39   Thumb Code   248  stm32h7xx_hal_tim.o(i.HAL_TIM_ConfigClockSource)
    HAL_TIM_IC_CaptureCallback               0x08004d35   Thumb Code     2  stm32h7xx_hal_tim.o(i.HAL_TIM_IC_CaptureCallback)
    HAL_TIM_IRQHandler                       0x08004d37   Thumb Code   328  stm32h7xx_hal_tim.o(i.HAL_TIM_IRQHandler)
    HAL_TIM_MspPostInit                      0x08004e81   Thumb Code   112  stm32h7xx_hal_msp.o(i.HAL_TIM_MspPostInit)
    HAL_TIM_OC_DelayElapsedCallback          0x08004f01   Thumb Code     2  stm32h7xx_hal_tim.o(i.HAL_TIM_OC_DelayElapsedCallback)
    HAL_TIM_PWM_ConfigChannel                0x08004f03   Thumb Code   292  stm32h7xx_hal_tim.o(i.HAL_TIM_PWM_ConfigChannel)
    HAL_TIM_PWM_Init                         0x08005027   Thumb Code    98  stm32h7xx_hal_tim.o(i.HAL_TIM_PWM_Init)
    HAL_TIM_PWM_MspInit                      0x08005089   Thumb Code     2  stm32h7xx_hal_tim.o(i.HAL_TIM_PWM_MspInit)
    HAL_TIM_PWM_PulseFinishedCallback        0x0800508b   Thumb Code     2  stm32h7xx_hal_tim.o(i.HAL_TIM_PWM_PulseFinishedCallback)
    HAL_TIM_PeriodElapsedCallback            0x0800508d   Thumb Code    14  main.o(i.HAL_TIM_PeriodElapsedCallback)
    HAL_TIM_TriggerCallback                  0x080050a1   Thumb Code     2  stm32h7xx_hal_tim.o(i.HAL_TIM_TriggerCallback)
    HAL_UARTEx_DisableFifoMode               0x080050a3   Thumb Code    64  stm32h7xx_hal_uart_ex.o(i.HAL_UARTEx_DisableFifoMode)
    HAL_UARTEx_RxEventCallback               0x080050e3   Thumb Code     2  stm32h7xx_hal_uart.o(i.HAL_UARTEx_RxEventCallback)
    HAL_UARTEx_RxFifoFullCallback            0x080050e5   Thumb Code     2  stm32h7xx_hal_uart_ex.o(i.HAL_UARTEx_RxFifoFullCallback)
    HAL_UARTEx_SetRxFifoThreshold            0x080050e7   Thumb Code    76  stm32h7xx_hal_uart_ex.o(i.HAL_UARTEx_SetRxFifoThreshold)
    HAL_UARTEx_SetTxFifoThreshold            0x08005133   Thumb Code    76  stm32h7xx_hal_uart_ex.o(i.HAL_UARTEx_SetTxFifoThreshold)
    HAL_UARTEx_TxFifoEmptyCallback           0x0800517f   Thumb Code     2  stm32h7xx_hal_uart_ex.o(i.HAL_UARTEx_TxFifoEmptyCallback)
    HAL_UARTEx_WakeupCallback                0x08005181   Thumb Code     2  stm32h7xx_hal_uart_ex.o(i.HAL_UARTEx_WakeupCallback)
    HAL_UART_AbortReceive                    0x08005185   Thumb Code   168  stm32h7xx_hal_uart.o(i.HAL_UART_AbortReceive)
    HAL_UART_ErrorCallback                   0x08005231   Thumb Code     2  stm32h7xx_hal_uart.o(i.HAL_UART_ErrorCallback)
    HAL_UART_IRQHandler                      0x08005235   Thumb Code   898  stm32h7xx_hal_uart.o(i.HAL_UART_IRQHandler)
    HAL_UART_Init                            0x080055d1   Thumb Code   106  stm32h7xx_hal_uart.o(i.HAL_UART_Init)
    HAL_UART_MspInit                         0x0800563d   Thumb Code   826  stm32h7xx_hal_msp.o(i.HAL_UART_MspInit)
    HAL_UART_Receive_DMA                     0x080059c1   Thumb Code    66  stm32h7xx_hal_uart.o(i.HAL_UART_Receive_DMA)
    HAL_UART_RxCpltCallback                  0x08005a09   Thumb Code     2  stm32h7xx_hal_uart.o(i.HAL_UART_RxCpltCallback)
    HAL_UART_RxHalfCpltCallback              0x08005a0b   Thumb Code     2  stm32h7xx_hal_uart.o(i.HAL_UART_RxHalfCpltCallback)
    HAL_UART_TxCpltCallback                  0x08005a0d   Thumb Code     2  stm32h7xx_hal_uart.o(i.HAL_UART_TxCpltCallback)
    HardFault_Handler                        0x08005a0f   Thumb Code     2  stm32h7xx_it.o(i.HardFault_Handler)
    LEDTwinkTask                             0x08005a11   Thumb Code    22  taskinit.o(i.LEDTwinkTask)
    MX_FATFS_Init                            0x08005a99   Thumb Code    16  fatfs.o(i.MX_FATFS_Init)
    MemManage_Handler                        0x08005f71   Thumb Code     2  stm32h7xx_it.o(i.MemManage_Handler)
    NMI_Handler                              0x08005f73   Thumb Code     2  stm32h7xx_it.o(i.NMI_Handler)
    NavigationReceive                        0x08005f75   Thumb Code    40  navigation.o(i.NavigationReceive)
    NavigationTask                           0x08005fa9   Thumb Code    14  taskinit.o(i.NavigationTask)
    ReceiverDataConvert                      0x080061f9   Thumb Code   310  receiver.o(i.ReceiverDataConvert)
    ReceiverTask                             0x08006335   Thumb Code    40  taskinit.o(i.ReceiverTask)
    SDMMC1_IRQHandler                        0x0800636d   Thumb Code     6  stm32h7xx_it.o(i.SDMMC1_IRQHandler)
    SDMMC_CmdAppCommand                      0x08006379   Thumb Code    52  stm32h7xx_ll_sdmmc.o(i.SDMMC_CmdAppCommand)
    SDMMC_CmdAppOperCommand                  0x080063ad   Thumb Code    46  stm32h7xx_ll_sdmmc.o(i.SDMMC_CmdAppOperCommand)
    SDMMC_CmdBlockLength                     0x080063db   Thumb Code    50  stm32h7xx_ll_sdmmc.o(i.SDMMC_CmdBlockLength)
    SDMMC_CmdBusWidth                        0x0800640d   Thumb Code    52  stm32h7xx_ll_sdmmc.o(i.SDMMC_CmdBusWidth)
    SDMMC_CmdGoIdleState                     0x08006441   Thumb Code    74  stm32h7xx_ll_sdmmc.o(i.SDMMC_CmdGoIdleState)
    SDMMC_CmdOperCond                        0x08006495   Thumb Code    40  stm32h7xx_ll_sdmmc.o(i.SDMMC_CmdOperCond)
    SDMMC_CmdReadMultiBlock                  0x080064bd   Thumb Code    52  stm32h7xx_ll_sdmmc.o(i.SDMMC_CmdReadMultiBlock)
    SDMMC_CmdReadSingleBlock                 0x080064f1   Thumb Code    52  stm32h7xx_ll_sdmmc.o(i.SDMMC_CmdReadSingleBlock)
    SDMMC_CmdSelDesel                        0x08006525   Thumb Code    52  stm32h7xx_ll_sdmmc.o(i.SDMMC_CmdSelDesel)
    SDMMC_CmdSendCID                         0x08006559   Thumb Code    44  stm32h7xx_ll_sdmmc.o(i.SDMMC_CmdSendCID)
    SDMMC_CmdSendCSD                         0x08006585   Thumb Code    48  stm32h7xx_ll_sdmmc.o(i.SDMMC_CmdSendCSD)
    SDMMC_CmdSendSCR                         0x080065b5   Thumb Code    50  stm32h7xx_ll_sdmmc.o(i.SDMMC_CmdSendSCR)
    SDMMC_CmdSendStatus                      0x080065e7   Thumb Code    52  stm32h7xx_ll_sdmmc.o(i.SDMMC_CmdSendStatus)
    SDMMC_CmdSetRelAdd                       0x0800661b   Thumb Code    50  stm32h7xx_ll_sdmmc.o(i.SDMMC_CmdSetRelAdd)
    SDMMC_CmdStatusRegister                  0x0800664d   Thumb Code    50  stm32h7xx_ll_sdmmc.o(i.SDMMC_CmdStatusRegister)
    SDMMC_CmdStopTransfer                    0x08006681   Thumb Code    78  stm32h7xx_ll_sdmmc.o(i.SDMMC_CmdStopTransfer)
    SDMMC_CmdWriteMultiBlock                 0x080066d5   Thumb Code    52  stm32h7xx_ll_sdmmc.o(i.SDMMC_CmdWriteMultiBlock)
    SDMMC_CmdWriteSingleBlock                0x08006709   Thumb Code    52  stm32h7xx_ll_sdmmc.o(i.SDMMC_CmdWriteSingleBlock)
    SDMMC_ConfigData                         0x0800673d   Thumb Code    38  stm32h7xx_ll_sdmmc.o(i.SDMMC_ConfigData)
    SDMMC_GetCmdResp1                        0x08006765   Thumb Code   280  stm32h7xx_ll_sdmmc.o(i.SDMMC_GetCmdResp1)
    SDMMC_GetCmdResp2                        0x08006889   Thumb Code    76  stm32h7xx_ll_sdmmc.o(i.SDMMC_GetCmdResp2)
    SDMMC_GetCmdResp3                        0x080068dd   Thumb Code    62  stm32h7xx_ll_sdmmc.o(i.SDMMC_GetCmdResp3)
    SDMMC_GetCmdResp6                        0x08006925   Thumb Code   130  stm32h7xx_ll_sdmmc.o(i.SDMMC_GetCmdResp6)
    SDMMC_GetCmdResp7                        0x080069b1   Thumb Code    82  stm32h7xx_ll_sdmmc.o(i.SDMMC_GetCmdResp7)
    SDMMC_GetPowerState                      0x08006a09   Thumb Code     8  stm32h7xx_ll_sdmmc.o(i.SDMMC_GetPowerState)
    SDMMC_GetResponse                        0x08006a11   Thumb Code     6  stm32h7xx_ll_sdmmc.o(i.SDMMC_GetResponse)
    SDMMC_Init                               0x08006a19   Thumb Code    28  stm32h7xx_ll_sdmmc.o(i.SDMMC_Init)
    SDMMC_PowerState_ON                      0x08006a39   Thumb Code    12  stm32h7xx_ll_sdmmc.o(i.SDMMC_PowerState_ON)
    SDMMC_ReadFIFO                           0x08006a45   Thumb Code     6  stm32h7xx_ll_sdmmc.o(i.SDMMC_ReadFIFO)
    SDMMC_SendCommand                        0x08006a4d   Thumb Code    34  stm32h7xx_ll_sdmmc.o(i.SDMMC_SendCommand)
    SDMMC_WriteFIFO                          0x08006a75   Thumb Code    10  stm32h7xx_ll_sdmmc.o(i.SDMMC_WriteFIFO)
    SD_initialize                            0x08006e45   Thumb Code    88  sd_diskio.o(i.SD_initialize)
    SD_ioctl                                 0x08006ea5   Thumb Code    98  sd_diskio.o(i.SD_ioctl)
    SD_read                                  0x08006f0d   Thumb Code   126  sd_diskio.o(i.SD_read)
    SD_status                                0x08006f91   Thumb Code     4  sd_diskio.o(i.SD_status)
    SD_write                                 0x08006f95   Thumb Code   126  sd_diskio.o(i.SD_write)
    StartDefaultTask                         0x08007019   Thumb Code     8  main.o(i.StartDefaultTask)
    SysTick_Handler                          0x08007021   Thumb Code    38  port.o(i.SysTick_Handler)
    SystemClock_Config                       0x0800704d   Thumb Code   158  main.o(i.SystemClock_Config)
    SystemInit                               0x080070f5   Thumb Code   206  system_stm32h7xx.o(i.SystemInit)
    TFInit                                   0x080071ed   Thumb Code   104  tf.o(i.TFInit)
    TFStorageTask                            0x08007289   Thumb Code    12  taskinit.o(i.TFStorageTask)
    TIM1_UP_IRQHandler                       0x08007295   Thumb Code     6  stm32h7xx_it.o(i.TIM1_UP_IRQHandler)
    TIM_Base_SetConfig                       0x080072a1   Thumb Code   170  stm32h7xx_hal_tim.o(i.TIM_Base_SetConfig)
    TIM_ETR_SetConfig                        0x0800736d   Thumb Code    18  stm32h7xx_hal_tim.o(i.TIM_ETR_SetConfig)
    TIM_OC2_SetConfig                        0x08007439   Thumb Code   126  stm32h7xx_hal_tim.o(i.TIM_OC2_SetConfig)
    TaskInit                                 0x08007711   Thumb Code   164  taskinit.o(i.TaskInit)
    UART5_IRQHandler                         0x08007819   Thumb Code    64  stm32h7xx_it.o(i.UART5_IRQHandler)
    UART8_IRQHandler                         0x08007865   Thumb Code     6  stm32h7xx_it.o(i.UART8_IRQHandler)
    UART_AdvFeatureConfig                    0x080078b5   Thumb Code   200  stm32h7xx_hal_uart.o(i.UART_AdvFeatureConfig)
    UART_CheckIdleState                      0x0800797d   Thumb Code   170  stm32h7xx_hal_uart.o(i.UART_CheckIdleState)
    UART_SetConfig                           0x08007bad   Thumb Code   876  stm32h7xx_hal_uart.o(i.UART_SetConfig)
    UART_Start_Receive_DMA                   0x08007f59   Thumb Code   156  stm32h7xx_hal_uart.o(i.UART_Start_Receive_DMA)
    UART_WaitOnFlagUntilTimeout              0x08008001   Thumb Code   148  stm32h7xx_hal_uart.o(i.UART_WaitOnFlagUntilTimeout)
    USART2_IRQHandler                        0x08008095   Thumb Code     6  stm32h7xx_it.o(i.USART2_IRQHandler)
    USART6_IRQHandler                        0x080080a1   Thumb Code   174  stm32h7xx_it.o(i.USART6_IRQHandler)
    UsageFault_Handler                       0x08008169   Thumb Code     2  stm32h7xx_it.o(i.UsageFault_Handler)
    disk_initialize                          0x08008aa9   Thumb Code    38  diskio.o(i.disk_initialize)
    disk_ioctl                               0x08008ad5   Thumb Code    22  diskio.o(i.disk_ioctl)
    disk_read                                0x08008af1   Thumb Code    28  diskio.o(i.disk_read)
    disk_status                              0x08008b11   Thumb Code    18  diskio.o(i.disk_status)
    disk_write                               0x08008b29   Thumb Code    28  diskio.o(i.disk_write)
    f_close                                  0x08008b71   Thumb Code    52  ff.o(i.f_close)
    f_mkfs                                   0x08008ba5   Thumb Code  1564  ff.o(i.f_mkfs)
    f_mount                                  0x080091c9   Thumb Code   148  ff.o(i.f_mount)
    f_open                                   0x08009261   Thumb Code   548  ff.o(i.f_open)
    f_printf                                 0x08009485   Thumb Code   578  ff.o(i.f_printf)
    f_sync                                   0x080096c7   Thumb Code   170  ff.o(i.f_sync)
    f_write                                  0x08009771   Thumb Code   536  ff.o(i.f_write)
    fdiComProtocolReceive                    0x08009989   Thumb Code    46  fdilink.o(i.fdiComProtocolReceive)
    fdiDecodeBuffer                          0x080099b9   Thumb Code   476  fdi_send.o(i.fdiDecodeBuffer)
    fdiEffectFeature                         0x08009c21   Thumb Code    12  fdilink.o(i.fdiEffectFeature)
    fdiInsertBuffer                          0x08009c2d   Thumb Code    46  fdilink.o(i.fdiInsertBuffer)
    fdiResetAll                              0x08009c5b   Thumb Code    14  fdilink.o(i.fdiResetAll)
    fdiRuningReceiveData                     0x08009c69   Thumb Code   196  fdilink.o(i.fdiRuningReceiveData)
    ff_convert                               0x08009d2d   Thumb Code    52  ccsbcs.o(i.ff_convert)
    ff_cre_syncobj                           0x08009d65   Thumb Code    32  syscall.o(i.ff_cre_syncobj)
    ff_del_syncobj                           0x08009d85   Thumb Code    10  syscall.o(i.ff_del_syncobj)
    ff_rel_grant                             0x08009d8f   Thumb Code     4  syscall.o(i.ff_rel_grant)
    ff_req_grant                             0x08009d93   Thumb Code    20  syscall.o(i.ff_req_grant)
    ff_wtoupper                              0x08009da9   Thumb Code   176  ccsbcs.o(i.ff_wtoupper)
    get_fattime                              0x0800a32d   Thumb Code     4  fatfs.o(i.get_fattime)
    main                                     0x0800a485   Thumb Code   198  main.o(i.main)
    osDelay                                  0x0800a5d9   Thumb Code    24  cmsis_os.o(i.osDelay)
    osKernelRunning                          0x0800a5f5   Thumb Code    18  cmsis_os.o(i.osKernelRunning)
    osKernelStart                            0x0800a607   Thumb Code    10  cmsis_os.o(i.osKernelStart)
    osKernelSysTick                          0x0800a611   Thumb Code    24  cmsis_os.o(i.osKernelSysTick)
    osMessageCreate                          0x0800a629   Thumb Code    42  cmsis_os.o(i.osMessageCreate)
    osMessageGet                             0x0800a655   Thumb Code   178  cmsis_os.o(i.osMessageGet)
    osMessagePut                             0x0800a711   Thumb Code   102  cmsis_os.o(i.osMessagePut)
    osSemaphoreCreate                        0x0800a781   Thumb Code    70  cmsis_os.o(i.osSemaphoreCreate)
    osSemaphoreDelete                        0x0800a7c7   Thumb Code    24  cmsis_os.o(i.osSemaphoreDelete)
    osSemaphoreRelease                       0x0800a7e1   Thumb Code    76  cmsis_os.o(i.osSemaphoreRelease)
    osSemaphoreWait                          0x0800a831   Thumb Code   112  cmsis_os.o(i.osSemaphoreWait)
    osThreadCreate                           0x0800a8a9   Thumb Code    92  cmsis_os.o(i.osThreadCreate)
    pvPortMalloc                             0x0800af35   Thumb Code    70  heap_1.o(i.pvPortMalloc)
    pvTaskIncrementMutexHeldCount            0x0800af85   Thumb Code    20  tasks.o(i.pvTaskIncrementMutexHeldCount)
    pxPortInitialiseStack                    0x0800af9d   Thumb Code    38  port.o(i.pxPortInitialiseStack)
    uxListRemove                             0x0800b1a3   Thumb Code    38  list.o(i.uxListRemove)
    vApplicationGetIdleTaskMemory            0x0800b1c9   Thumb Code    18  freertos.o(i.vApplicationGetIdleTaskMemory)
    vListInitialise                          0x0800b1e1   Thumb Code    22  list.o(i.vListInitialise)
    vListInitialiseItem                      0x0800b1f7   Thumb Code     6  list.o(i.vListInitialiseItem)
    vListInsert                              0x0800b1fd   Thumb Code    58  list.o(i.vListInsert)
    vListInsertEnd                           0x0800b237   Thumb Code    24  list.o(i.vListInsertEnd)
    vPortEnterCritical                       0x0800b251   Thumb Code    54  port.o(i.vPortEnterCritical)
    vPortExitCritical                        0x0800b291   Thumb Code    38  port.o(i.vPortExitCritical)
    vPortFree                                0x0800b2bd   Thumb Code    22  heap_1.o(i.vPortFree)
    vPortSetupTimerInterrupt                 0x0800b2d5   Thumb Code    32  port.o(i.vPortSetupTimerInterrupt)
    vPortValidateInterruptPriority           0x0800b2fd   Thumb Code    74  port.o(i.vPortValidateInterruptPriority)
    vQueueDelete                             0x0800b351   Thumb Code    50  queue.o(i.vQueueDelete)
    vQueueUnregisterQueue                    0x0800b385   Thumb Code    36  queue.o(i.vQueueUnregisterQueue)
    vTaskDelay                               0x0800b3ad   Thumb Code    70  tasks.o(i.vTaskDelay)
    vTaskInternalSetTimeOutState             0x0800b3fd   Thumb Code    12  tasks.o(i.vTaskInternalSetTimeOutState)
    vTaskMissedYield                         0x0800b40d   Thumb Code     8  tasks.o(i.vTaskMissedYield)
    vTaskPlaceOnEventList                    0x0800b419   Thumb Code    48  tasks.o(i.vTaskPlaceOnEventList)
    vTaskPriorityDisinheritAfterTimeout      0x0800b44d   Thumb Code   158  tasks.o(i.vTaskPriorityDisinheritAfterTimeout)
    vTaskStartScheduler                      0x0800b4f5   Thumb Code   120  tasks.o(i.vTaskStartScheduler)
    vTaskSuspend                             0x0800b57d   Thumb Code   174  tasks.o(i.vTaskSuspend)
    vTaskSuspendAll                          0x0800b63d   Thumb Code    10  tasks.o(i.vTaskSuspendAll)
    vTaskSwitchContext                       0x0800b64d   Thumb Code    86  tasks.o(i.vTaskSwitchContext)
    xPortStartScheduler                      0x0800b6fd   Thumb Code   232  port.o(i.xPortStartScheduler)
    xQueueGenericCreate                      0x0800b801   Thumb Code    68  queue.o(i.xQueueGenericCreate)
    xQueueGenericCreateStatic                0x0800b845   Thumb Code   112  queue.o(i.xQueueGenericCreateStatic)
    xQueueGenericReset                       0x0800b8b5   Thumb Code   138  queue.o(i.xQueueGenericReset)
    xQueueGenericSend                        0x0800b945   Thumb Code   362  queue.o(i.xQueueGenericSend)
    xQueueGenericSendFromISR                 0x0800bab5   Thumb Code   190  queue.o(i.xQueueGenericSendFromISR)
    xQueueGiveFromISR                        0x0800bb73   Thumb Code   160  queue.o(i.xQueueGiveFromISR)
    xQueueReceive                            0x0800bc15   Thumb Code   322  queue.o(i.xQueueReceive)
    xQueueReceiveFromISR                     0x0800bd5d   Thumb Code   154  queue.o(i.xQueueReceiveFromISR)
    xQueueSemaphoreTake                      0x0800bdf9   Thumb Code   382  queue.o(i.xQueueSemaphoreTake)
    xTaskCheckForTimeOut                     0x0800bf7d   Thumb Code   122  tasks.o(i.xTaskCheckForTimeOut)
    xTaskCreate                              0x0800bffd   Thumb Code   108  tasks.o(i.xTaskCreate)
    xTaskCreateStatic                        0x0800c069   Thumb Code    96  tasks.o(i.xTaskCreateStatic)
    xTaskGetSchedulerState                   0x0800c0c9   Thumb Code    24  tasks.o(i.xTaskGetSchedulerState)
    xTaskGetTickCount                        0x0800c0e5   Thumb Code     6  tasks.o(i.xTaskGetTickCount)
    xTaskGetTickCountFromISR                 0x0800c0f1   Thumb Code    12  tasks.o(i.xTaskGetTickCountFromISR)
    xTaskIncrementTick                       0x0800c101   Thumb Code   202  tasks.o(i.xTaskIncrementTick)
    xTaskPriorityDisinherit                  0x0800c1d5   Thumb Code   146  tasks.o(i.xTaskPriorityDisinherit)
    xTaskPriorityInherit                     0x0800c271   Thumb Code   138  tasks.o(i.xTaskPriorityInherit)
    xTaskRemoveFromEventList                 0x0800c305   Thumb Code   108  tasks.o(i.xTaskRemoveFromEventList)
    xTaskResumeAll                           0x0800c37d   Thumb Code   190  tasks.o(i.xTaskResumeAll)
    _fp_init                                 0x0800c449   Thumb Code    10  fpinit.o(x$fpl$fpinit)
    __fplib_config_fpu_vfp                   0x0800c451   Thumb Code     0  fpinit.o(x$fpl$fpinit)
    __fplib_config_pureend_doubles           0x0800c451   Thumb Code     0  fpinit.o(x$fpl$fpinit)
    UARTPrescTable                           0x0800c478   Data          24  stm32h7xx_hal_uart.o(.constdata)
    D1CorePrescTable                         0x0800c4a0   Data          16  system_stm32h7xx.o(.constdata)
    SD_Driver                                0x0800c4b0   Data          20  sd_diskio.o(.constdata)
    CRC8Table                                0x0800c92c   Data         256  crc_table.o(.constdata)
    CRC16Table                               0x0800ca2c   Data         512  crc_table.o(.constdata)
    CRC32Table                               0x0800cc2c   Data        1024  crc_table.o(.constdata)
    Region$$Table$$Base                      0x0800d038   Number         0  anon$$obj.o(Region$$Table)
    Region$$Table$$Limit                     0x0800d058   Number         0  anon$$obj.o(Region$$Table)
    defaultTaskHandle                        0x24000000   Data           4  main.o(.data)
    uwTickFreq                               0x24000004   Data           1  stm32h7xx_hal.o(.data)
    uwTickPrio                               0x24000008   Data           4  stm32h7xx_hal.o(.data)
    uwTick                                   0x2400000c   Data           4  stm32h7xx_hal.o(.data)
    SystemCoreClock                          0x24000010   Data           4  system_stm32h7xx.o(.data)
    SystemD2Clock                            0x24000014   Data           4  system_stm32h7xx.o(.data)
    retSD                                    0x24000020   Data           1  fatfs.o(.data)
    SDPath                                   0x24000021   Data           4  fatfs.o(.data)
    pxCurrentTCB                             0x24000030   Data           4  tasks.o(.data)
    NavRecLength                             0x24000080   Data           2  navigation.o(.data)
    System_State_data                        0x24000082   Data           4  navigation.o(.data)
    TimeData                                 0x24000088   Data           8  navigation.o(.data)
    External_Heading_data                    0x24000090   Data           8  navigation.o(.data)
    External_Time_data                       0x24000098   Data           8  navigation.o(.data)
    External_Depth_data                      0x240000a0   Data           8  navigation.o(.data)
    External_Pitot_Pressure_data             0x240000a8   Data           8  navigation.o(.data)
    LEDTwinkTask_Prio                        0x240000b0   Data           4  taskinit.o(.data)
    ReceiverTask_Prio                        0x240000b4   Data           4  taskinit.o(.data)
    NavigationTask_Prio                      0x240000b8   Data           4  taskinit.o(.data)
    TFStorageTask_Prio                       0x240000bc   Data           4  taskinit.o(.data)
    LEDTwinkTask_Ret                         0x240000c0   Data           4  taskinit.o(.data)
    LEDTwinkTask_TCB                         0x240000c4   Data           4  taskinit.o(.data)
    ReceiverTask_Ret                         0x240000c8   Data           4  taskinit.o(.data)
    ReceiverTask_TCB                         0x240000cc   Data           4  taskinit.o(.data)
    NavigationTask_Ret                       0x240000d0   Data           4  taskinit.o(.data)
    NavigationTask_TCB                       0x240000d4   Data           4  taskinit.o(.data)
    ControlTask_Ret                          0x240000d8   Data           4  taskinit.o(.data)
    ControlTask_Prio                         0x240000dc   Data           4  taskinit.o(.data)
    ControlTask_TCB                          0x240000e0   Data           4  taskinit.o(.data)
    TFStorageTask_Ret                        0x240000e4   Data           4  taskinit.o(.data)
    TFStorageTask_TCB                        0x240000e8   Data           4  taskinit.o(.data)
    TFRet                                    0x240000ec   Data           1  tf.o(.data)
    ReceiverSemaphore                        0x240000f0   Data           4  receiver.o(.data)
    hsd1                                     0x240000f4   Data         124  main.o(.bss)
    htim2                                    0x24000170   Data          76  main.o(.bss)
    htim4                                    0x240001bc   Data          76  main.o(.bss)
    huart5                                   0x24000208   Data         148  main.o(.bss)
    huart8                                   0x2400029c   Data         148  main.o(.bss)
    huart1                                   0x24000330   Data         148  main.o(.bss)
    huart2                                   0x240003c4   Data         148  main.o(.bss)
    huart6                                   0x24000458   Data         148  main.o(.bss)
    hdma_uart5_rx                            0x240004ec   Data         120  main.o(.bss)
    hdma_uart8_tx                            0x24000564   Data         120  main.o(.bss)
    hdma_uart8_rx                            0x240005dc   Data         120  main.o(.bss)
    hdma_usart2_rx                           0x24000654   Data         120  main.o(.bss)
    hdma_usart6_rx                           0x240006cc   Data         120  main.o(.bss)
    htim1                                    0x24000998   Data          76  stm32h7xx_hal_timebase_tim.o(.bss)
    SDFatFS                                  0x240009e4   Data         568  fatfs.o(.bss)
    SDFile                                   0x24000c1c   Data         560  fatfs.o(.bss)
    disk                                     0x24000e6c   Data          12  ff_gen_drv.o(.bss)
    xQueueRegistry                           0x24000e78   Data          64  queue.o(.bss)
    NavRecBuff                               0x24004d9c   Data         400  navigation.o(.bss)
    _FDILink                                 0x24004f2c   Data         304  navigation.o(.bss)
    VersionData                              0x2400505c   Data          32  navigation.o(.bss)
    IMUData                                  0x24005080   Data          56  navigation.o(.bss)
    AHRSData                                 0x240050b8   Data          48  navigation.o(.bss)
    INSGPSData                               0x240050e8   Data          88  navigation.o(.bss)
    FTimeData                                0x24005140   Data          16  navigation.o(.bss)
    Position_Standard_Deviation_data         0x24005150   Data          12  navigation.o(.bss)
    Velocity_Standard_Deviation_data         0x2400515c   Data          12  navigation.o(.bss)
    Euler_Orientation_Standard_Deviation_data 0x24005168   Data          12  navigation.o(.bss)
    Quaternion_Orientation_Standard_Deviation_data 0x24005174   Data          16  navigation.o(.bss)
    Raw_Sensors_data                         0x24005184   Data          48  navigation.o(.bss)
    Raw_GNSS_data                            0x240051b8   Data          80  navigation.o(.bss)
    Satellites_data                          0x24005208   Data          12  navigation.o(.bss)
    Detailed_Satellites_data                 0x24005214   Data         122  navigation.o(.bss)
    Geodetic_Position_data                   0x24005290   Data          32  navigation.o(.bss)
    ECEF_Position_data                       0x240052b0   Data          24  navigation.o(.bss)
    UTM_Position_data                        0x240052c8   Data          16  navigation.o(.bss)
    NED_Velocity_data                        0x240052d8   Data          12  navigation.o(.bss)
    Body_Velocity_data                       0x240052e4   Data          12  navigation.o(.bss)
    Acceleration_data                        0x240052f0   Data          12  navigation.o(.bss)
    Body_Acceleration_data                   0x240052fc   Data          16  navigation.o(.bss)
    Euler_Orientation_data                   0x2400530c   Data          12  navigation.o(.bss)
    Quaternion_Orientation_data              0x24005318   Data          16  navigation.o(.bss)
    DCM_Orientation_data                     0x24005328   Data          36  navigation.o(.bss)
    Angular_Velocity_data                    0x2400534c   Data          12  navigation.o(.bss)
    Angular_Acceleration_data                0x24005358   Data          12  navigation.o(.bss)
    External_Position_And_Velocity_data      0x24005368   Data          64  navigation.o(.bss)
    External_Position_data                   0x240053a8   Data          40  navigation.o(.bss)
    External_Velocity_data                   0x240053d0   Data          24  navigation.o(.bss)
    External_Body_Velocity_data              0x240053e8   Data          16  navigation.o(.bss)
    work                                     0x240053f8   Data         512  tf.o(.bss)
    ReceiverReceiveBuff                      0x240055f8   Data          25  receiver.o(.bss)
    ReceiverFifoBuff                         0x24005611   Data          25  receiver.o(.bss)
    ReceiverChannel                          0x2400562a   Data          32  receiver.o(.bss)
    __libspace_start                         0x2400564c   Data          96  libspace.o(.bss)
    __temporary_stack_top$libspace           0x240056ac   Data           0  libspace.o(.bss)



==============================================================================

Memory Map of the image

  Image Entry point : 0x08000299

  Load Region LR_IROM1 (Base: 0x08000000, Size: 0x0000d14c, Max: 0x00200000, ABSOLUTE)

    Execution Region ER_IROM1 (Exec base: 0x08000000, Load base: 0x08000000, Size: 0x0000d058, Max: 0x00200000, ABSOLUTE)

    Exec Addr    Load Addr    Size         Type   Attr      Idx    E Section Name        Object

    0x08000000   0x08000000   0x00000298   Data   RO            3    RESET               startup_stm32h743xx.o
    0x08000298   0x08000298   0x00000008   Code   RO         7925  * !!!main             c_w.l(__main.o)
    0x080002a0   0x080002a0   0x00000034   Code   RO         8092    !!!scatter          c_w.l(__scatter.o)
    0x080002d4   0x080002d4   0x0000001a   Code   RO         8094    !!handler_copy      c_w.l(__scatter_copy.o)
    0x080002ee   0x080002ee   0x00000002   PAD
    0x080002f0   0x080002f0   0x0000001c   Code   RO         8096    !!handler_zi        c_w.l(__scatter_zi.o)
    0x0800030c   0x0800030c   0x00000002   Code   RO         7962    .ARM.Collect$$libinit$$00000000  c_w.l(libinit.o)
    0x0800030e   0x0800030e   0x00000004   Code   RO         7974    .ARM.Collect$$libinit$$00000001  c_w.l(libinit2.o)
    0x08000312   0x08000312   0x00000000   Code   RO         7977    .ARM.Collect$$libinit$$00000004  c_w.l(libinit2.o)
    0x08000312   0x08000312   0x00000000   Code   RO         7980    .ARM.Collect$$libinit$$0000000A  c_w.l(libinit2.o)
    0x08000312   0x08000312   0x00000000   Code   RO         7982    .ARM.Collect$$libinit$$0000000C  c_w.l(libinit2.o)
    0x08000312   0x08000312   0x00000000   Code   RO         7984    .ARM.Collect$$libinit$$0000000E  c_w.l(libinit2.o)
    0x08000312   0x08000312   0x00000000   Code   RO         7987    .ARM.Collect$$libinit$$00000011  c_w.l(libinit2.o)
    0x08000312   0x08000312   0x00000000   Code   RO         7989    .ARM.Collect$$libinit$$00000013  c_w.l(libinit2.o)
    0x08000312   0x08000312   0x00000000   Code   RO         7991    .ARM.Collect$$libinit$$00000015  c_w.l(libinit2.o)
    0x08000312   0x08000312   0x00000000   Code   RO         7993    .ARM.Collect$$libinit$$00000017  c_w.l(libinit2.o)
    0x08000312   0x08000312   0x00000000   Code   RO         7995    .ARM.Collect$$libinit$$00000019  c_w.l(libinit2.o)
    0x08000312   0x08000312   0x00000000   Code   RO         7997    .ARM.Collect$$libinit$$0000001B  c_w.l(libinit2.o)
    0x08000312   0x08000312   0x00000000   Code   RO         7999    .ARM.Collect$$libinit$$0000001D  c_w.l(libinit2.o)
    0x08000312   0x08000312   0x00000000   Code   RO         8001    .ARM.Collect$$libinit$$0000001F  c_w.l(libinit2.o)
    0x08000312   0x08000312   0x00000000   Code   RO         8003    .ARM.Collect$$libinit$$00000021  c_w.l(libinit2.o)
    0x08000312   0x08000312   0x00000000   Code   RO         8005    .ARM.Collect$$libinit$$00000023  c_w.l(libinit2.o)
    0x08000312   0x08000312   0x00000000   Code   RO         8007    .ARM.Collect$$libinit$$00000025  c_w.l(libinit2.o)
    0x08000312   0x08000312   0x00000000   Code   RO         8011    .ARM.Collect$$libinit$$0000002C  c_w.l(libinit2.o)
    0x08000312   0x08000312   0x00000000   Code   RO         8013    .ARM.Collect$$libinit$$0000002E  c_w.l(libinit2.o)
    0x08000312   0x08000312   0x00000000   Code   RO         8015    .ARM.Collect$$libinit$$00000030  c_w.l(libinit2.o)
    0x08000312   0x08000312   0x00000000   Code   RO         8017    .ARM.Collect$$libinit$$00000032  c_w.l(libinit2.o)
    0x08000312   0x08000312   0x00000002   Code   RO         8018    .ARM.Collect$$libinit$$00000033  c_w.l(libinit2.o)
    0x08000314   0x08000314   0x00000002   Code   RO         8049    .ARM.Collect$$libshutdown$$00000000  c_w.l(libshutdown.o)
    0x08000316   0x08000316   0x00000000   Code   RO         8075    .ARM.Collect$$libshutdown$$00000002  c_w.l(libshutdown2.o)
    0x08000316   0x08000316   0x00000000   Code   RO         8077    .ARM.Collect$$libshutdown$$00000004  c_w.l(libshutdown2.o)
    0x08000316   0x08000316   0x00000000   Code   RO         8080    .ARM.Collect$$libshutdown$$00000007  c_w.l(libshutdown2.o)
    0x08000316   0x08000316   0x00000000   Code   RO         8083    .ARM.Collect$$libshutdown$$0000000A  c_w.l(libshutdown2.o)
    0x08000316   0x08000316   0x00000000   Code   RO         8085    .ARM.Collect$$libshutdown$$0000000C  c_w.l(libshutdown2.o)
    0x08000316   0x08000316   0x00000000   Code   RO         8088    .ARM.Collect$$libshutdown$$0000000F  c_w.l(libshutdown2.o)
    0x08000316   0x08000316   0x00000002   Code   RO         8089    .ARM.Collect$$libshutdown$$00000010  c_w.l(libshutdown2.o)
    0x08000318   0x08000318   0x00000000   Code   RO         7927    .ARM.Collect$$rtentry$$00000000  c_w.l(__rtentry.o)
    0x08000318   0x08000318   0x00000000   Code   RO         7933    .ARM.Collect$$rtentry$$00000002  c_w.l(__rtentry2.o)
    0x08000318   0x08000318   0x00000006   Code   RO         7945    .ARM.Collect$$rtentry$$00000004  c_w.l(__rtentry4.o)
    0x0800031e   0x0800031e   0x00000000   Code   RO         7935    .ARM.Collect$$rtentry$$00000009  c_w.l(__rtentry2.o)
    0x0800031e   0x0800031e   0x00000004   Code   RO         7936    .ARM.Collect$$rtentry$$0000000A  c_w.l(__rtentry2.o)
    0x08000322   0x08000322   0x00000000   Code   RO         7938    .ARM.Collect$$rtentry$$0000000C  c_w.l(__rtentry2.o)
    0x08000322   0x08000322   0x00000008   Code   RO         7939    .ARM.Collect$$rtentry$$0000000D  c_w.l(__rtentry2.o)
    0x0800032a   0x0800032a   0x00000002   Code   RO         7966    .ARM.Collect$$rtexit$$00000000  c_w.l(rtexit.o)
    0x0800032c   0x0800032c   0x00000000   Code   RO         8022    .ARM.Collect$$rtexit$$00000002  c_w.l(rtexit2.o)
    0x0800032c   0x0800032c   0x00000004   Code   RO         8023    .ARM.Collect$$rtexit$$00000003  c_w.l(rtexit2.o)
    0x08000330   0x08000330   0x00000006   Code   RO         8024    .ARM.Collect$$rtexit$$00000004  c_w.l(rtexit2.o)
    0x08000336   0x08000336   0x00000002   PAD
    0x08000338   0x08000338   0x000000be   Code   RO         7364    .emb_text           port.o
    0x080003f6   0x080003f6   0x00000002   PAD
    0x080003f8   0x080003f8   0x00000048   Code   RO            4    .text               startup_stm32h743xx.o
    0x08000440   0x08000440   0x000000ee   Code   RO         7911    .text               c_w.l(lludivv7m.o)
    0x0800052e   0x0800052e   0x0000008a   Code   RO         7913    .text               c_w.l(rt_memcpy_v6.o)
    0x080005b8   0x080005b8   0x00000064   Code   RO         7915    .text               c_w.l(rt_memcpy_w.o)
    0x0800061c   0x0800061c   0x00000044   Code   RO         7919    .text               c_w.l(rt_memclr.o)
    0x08000660   0x08000660   0x0000004e   Code   RO         7921    .text               c_w.l(rt_memclr_w.o)
    0x080006ae   0x080006ae   0x00000006   Code   RO         7923    .text               c_w.l(heapauxi.o)
    0x080006b4   0x080006b4   0x0000004a   Code   RO         7949    .text               c_w.l(sys_stackheap_outer.o)
    0x080006fe   0x080006fe   0x00000012   Code   RO         7951    .text               c_w.l(exit.o)
    0x08000710   0x08000710   0x00000008   Code   RO         7963    .text               c_w.l(libspace.o)
    0x08000718   0x08000718   0x0000000c   Code   RO         8019    .text               c_w.l(sys_exit.o)
    0x08000724   0x08000724   0x00000002   Code   RO         8038    .text               c_w.l(use_no_semi.o)
    0x08000726   0x08000726   0x00000000   Code   RO         8040    .text               c_w.l(indicate_semi.o)
    0x08000726   0x08000726   0x00000002   PAD
    0x08000728   0x08000728   0x00000018   Code   RO         5509    i.BSP_PlatformIsDetected  fatfs_platform.o
    0x08000740   0x08000740   0x0000000c   Code   RO         5311    i.BSP_SD_GetCardInfo  bsp_driver_sd.o
    0x0800074c   0x0800074c   0x00000018   Code   RO         5312    i.BSP_SD_GetCardState  bsp_driver_sd.o
    0x08000764   0x08000764   0x00000030   Code   RO         5314    i.BSP_SD_Init       bsp_driver_sd.o
    0x08000794   0x08000794   0x00000016   Code   RO         5315    i.BSP_SD_IsDetected  bsp_driver_sd.o
    0x080007aa   0x080007aa   0x00000002   PAD
    0x080007ac   0x080007ac   0x0000001c   Code   RO         5317    i.BSP_SD_ReadBlocks_DMA  bsp_driver_sd.o
    0x080007c8   0x080007c8   0x00000010   Code   RO         5424    i.BSP_SD_ReadCpltCallback  sd_diskio.o
    0x080007d8   0x080007d8   0x0000001c   Code   RO         5320    i.BSP_SD_WriteBlocks_DMA  bsp_driver_sd.o
    0x080007f4   0x080007f4   0x00000010   Code   RO         5425    i.BSP_SD_WriteCpltCallback  sd_diskio.o
    0x08000804   0x08000804   0x00000002   Code   RO          387    i.BusFault_Handler  stm32h7xx_it.o
    0x08000806   0x08000806   0x00000002   PAD
    0x08000808   0x08000808   0x00000028   Code   RO         7696    i.CRC16_Table       crc_table.o
    0x08000830   0x08000830   0x00000020   Code   RO         7698    i.CRC8_Table        crc_table.o
    0x08000850   0x08000850   0x00000008   Code   RO         7529    i.ControlTask       taskinit.o
    0x08000858   0x08000858   0x0000000c   Code   RO          388    i.DMA1_Stream0_IRQHandler  stm32h7xx_it.o
    0x08000864   0x08000864   0x0000000c   Code   RO          389    i.DMA1_Stream1_IRQHandler  stm32h7xx_it.o
    0x08000870   0x08000870   0x0000000c   Code   RO          390    i.DMA1_Stream2_IRQHandler  stm32h7xx_it.o
    0x0800087c   0x0800087c   0x0000000c   Code   RO          391    i.DMA1_Stream3_IRQHandler  stm32h7xx_it.o
    0x08000888   0x08000888   0x0000000c   Code   RO          392    i.DMA1_Stream4_IRQHandler  stm32h7xx_it.o
    0x08000894   0x08000894   0x000000b4   Code   RO         2422    i.DMA_CalcBaseAndBitshift  stm32h7xx_hal_dma.o
    0x08000948   0x08000948   0x0000009c   Code   RO         2423    i.DMA_CalcDMAMUXChannelBaseAndMask  stm32h7xx_hal_dma.o
    0x080009e4   0x080009e4   0x00000074   Code   RO         2424    i.DMA_CalcDMAMUXRequestGenBaseAndMask  stm32h7xx_hal_dma.o
    0x08000a58   0x08000a58   0x00000054   Code   RO         2425    i.DMA_CheckFifoParam  stm32h7xx_hal_dma.o
    0x08000aac   0x08000aac   0x00000220   Code   RO         2426    i.DMA_SetConfig     stm32h7xx_hal_dma.o
    0x08000ccc   0x08000ccc   0x00000002   Code   RO          393    i.DebugMon_Handler  stm32h7xx_it.o
    0x08000cce   0x08000cce   0x00000004   Code   RO           13    i.Error_Handler     main.o
    0x08000cd2   0x08000cd2   0x00000002   PAD
    0x08000cd4   0x08000cd4   0x0000001c   Code   RO         5266    i.ExitRun0Mode      system_stm32h7xx.o
    0x08000cf0   0x08000cf0   0x00000006   Code   RO         6018    i.FATFS_LinkDriver  ff_gen_drv.o
    0x08000cf6   0x08000cf6   0x00000002   PAD
    0x08000cf8   0x08000cf8   0x00000048   Code   RO         6019    i.FATFS_LinkDriverEx  ff_gen_drv.o
    0x08000d40   0x08000d40   0x00000360   Code   RO         2427    i.HAL_DMA_Abort     stm32h7xx_hal_dma.o
    0x080010a0   0x080010a0   0x00000284   Code   RO         2428    i.HAL_DMA_Abort_IT  stm32h7xx_hal_dma.o
    0x08001324   0x08001324   0x00000004   Code   RO         2430    i.HAL_DMA_GetError  stm32h7xx_hal_dma.o
    0x08001328   0x08001328   0x000006e8   Code   RO         2432    i.HAL_DMA_IRQHandler  stm32h7xx_hal_dma.o
    0x08001a10   0x08001a10   0x000003c4   Code   RO         2433    i.HAL_DMA_Init      stm32h7xx_hal_dma.o
    0x08001dd4   0x08001dd4   0x0000029c   Code   RO         2437    i.HAL_DMA_Start_IT  stm32h7xx_hal_dma.o
    0x08002070   0x08002070   0x00000024   Code   RO         3136    i.HAL_Delay         stm32h7xx_hal.o
    0x08002094   0x08002094   0x0000022c   Code   RO         2275    i.HAL_GPIO_Init     stm32h7xx_hal_gpio.o
    0x080022c0   0x080022c0   0x0000000a   Code   RO         2277    i.HAL_GPIO_ReadPin  stm32h7xx_hal_gpio.o
    0x080022ca   0x080022ca   0x00000010   Code   RO         2278    i.HAL_GPIO_TogglePin  stm32h7xx_hal_gpio.o
    0x080022da   0x080022da   0x0000000a   Code   RO         2279    i.HAL_GPIO_WritePin  stm32h7xx_hal_gpio.o
    0x080022e4   0x080022e4   0x0000000c   Code   RO         3147    i.HAL_GetREVID      stm32h7xx_hal.o
    0x080022f0   0x080022f0   0x0000000c   Code   RO         3148    i.HAL_GetTick       stm32h7xx_hal.o
    0x080022fc   0x080022fc   0x00000010   Code   RO         3154    i.HAL_IncTick       stm32h7xx_hal.o
    0x0800230c   0x0800230c   0x0000005c   Code   RO         3155    i.HAL_Init          stm32h7xx_hal.o
    0x08002368   0x08002368   0x00000084   Code   RO          581    i.HAL_InitTick      stm32h7xx_hal_timebase_tim.o
    0x080023ec   0x080023ec   0x0000005c   Code   RO         1628    i.HAL_MPU_ConfigRegion  stm32h7xx_hal_cortex.o
    0x08002448   0x08002448   0x0000001c   Code   RO         1629    i.HAL_MPU_Disable   stm32h7xx_hal_cortex.o
    0x08002464   0x08002464   0x00000024   Code   RO         1631    i.HAL_MPU_Enable    stm32h7xx_hal_cortex.o
    0x08002488   0x08002488   0x00000024   Code   RO          514    i.HAL_MspInit       stm32h7xx_hal_msp.o
    0x080024ac   0x080024ac   0x0000001a   Code   RO         1635    i.HAL_NVIC_EnableIRQ  stm32h7xx_hal_cortex.o
    0x080024c6   0x080024c6   0x00000002   PAD
    0x080024c8   0x080024c8   0x00000040   Code   RO         1641    i.HAL_NVIC_SetPriority  stm32h7xx_hal_cortex.o
    0x08002508   0x08002508   0x00000024   Code   RO         1642    i.HAL_NVIC_SetPriorityGrouping  stm32h7xx_hal_cortex.o
    0x0800252c   0x0800252c   0x00000054   Code   RO         2876    i.HAL_PWREx_ConfigSupply  stm32h7xx_hal_pwr_ex.o
    0x08002580   0x08002580   0x00000024   Code   RO         1896    i.HAL_RCCEx_GetD3PCLK1Freq  stm32h7xx_hal_rcc_ex.o
    0x080025a4   0x080025a4   0x00000148   Code   RO         1897    i.HAL_RCCEx_GetPLL1ClockFreq  stm32h7xx_hal_rcc_ex.o
    0x080026ec   0x080026ec   0x00000144   Code   RO         1898    i.HAL_RCCEx_GetPLL2ClockFreq  stm32h7xx_hal_rcc_ex.o
    0x08002830   0x08002830   0x00000144   Code   RO         1899    i.HAL_RCCEx_GetPLL3ClockFreq  stm32h7xx_hal_rcc_ex.o
    0x08002974   0x08002974   0x000002c8   Code   RO         1901    i.HAL_RCCEx_GetPeriphCLKFreq  stm32h7xx_hal_rcc_ex.o
    0x08002c3c   0x08002c3c   0x000009ac   Code   RO         1905    i.HAL_RCCEx_PeriphCLKConfig  stm32h7xx_hal_rcc_ex.o
    0x080035e8   0x080035e8   0x0000025c   Code   RO         1781    i.HAL_RCC_ClockConfig  stm32h7xx_hal_rcc.o
    0x08003844   0x08003844   0x0000005c   Code   RO         1785    i.HAL_RCC_GetClockConfig  stm32h7xx_hal_rcc.o
    0x080038a0   0x080038a0   0x00000044   Code   RO         1786    i.HAL_RCC_GetHCLKFreq  stm32h7xx_hal_rcc.o
    0x080038e4   0x080038e4   0x00000024   Code   RO         1788    i.HAL_RCC_GetPCLK1Freq  stm32h7xx_hal_rcc.o
    0x08003908   0x08003908   0x00000024   Code   RO         1789    i.HAL_RCC_GetPCLK2Freq  stm32h7xx_hal_rcc.o
    0x0800392c   0x0800392c   0x00000138   Code   RO         1790    i.HAL_RCC_GetSysClockFreq  stm32h7xx_hal_rcc.o
    0x08003a64   0x08003a64   0x00000582   Code   RO         1793    i.HAL_RCC_OscConfig  stm32h7xx_hal_rcc.o
    0x08003fe6   0x08003fe6   0x00000002   Code   RO         4415    i.HAL_SDEx_Read_DMADoubleBuf0CpltCallback  stm32h7xx_hal_sd.o
    0x08003fe8   0x08003fe8   0x00000002   Code   RO         4416    i.HAL_SDEx_Read_DMADoubleBuf1CpltCallback  stm32h7xx_hal_sd.o
    0x08003fea   0x08003fea   0x00000002   Code   RO         4417    i.HAL_SDEx_Write_DMADoubleBuf0CpltCallback  stm32h7xx_hal_sd.o
    0x08003fec   0x08003fec   0x00000002   Code   RO         4418    i.HAL_SDEx_Write_DMADoubleBuf1CpltCallback  stm32h7xx_hal_sd.o
    0x08003fee   0x08003fee   0x00000002   PAD
    0x08003ff0   0x08003ff0   0x00000188   Code   RO         4423    i.HAL_SD_ConfigWideBusOperation  stm32h7xx_hal_sd.o
    0x08004178   0x08004178   0x00000002   Code   RO         4426    i.HAL_SD_ErrorCallback  stm32h7xx_hal_sd.o
    0x0800417a   0x0800417a   0x00000002   PAD
    0x0800417c   0x0800417c   0x000001bc   Code   RO         4428    i.HAL_SD_GetCardCSD  stm32h7xx_hal_sd.o
    0x08004338   0x08004338   0x00000024   Code   RO         4429    i.HAL_SD_GetCardInfo  stm32h7xx_hal_sd.o
    0x0800435c   0x0800435c   0x0000002c   Code   RO         4430    i.HAL_SD_GetCardState  stm32h7xx_hal_sd.o
    0x08004388   0x08004388   0x000000cc   Code   RO         4431    i.HAL_SD_GetCardStatus  stm32h7xx_hal_sd.o
    0x08004454   0x08004454   0x00000240   Code   RO         4434    i.HAL_SD_IRQHandler  stm32h7xx_hal_sd.o
    0x08004694   0x08004694   0x0000009a   Code   RO         4435    i.HAL_SD_Init       stm32h7xx_hal_sd.o
    0x0800472e   0x0800472e   0x00000002   PAD
    0x08004730   0x08004730   0x000000ac   Code   RO         4436    i.HAL_SD_InitCard   stm32h7xx_hal_sd.o
    0x080047dc   0x080047dc   0x000000c4   Code   RO          516    i.HAL_SD_MspInit    stm32h7xx_hal_msp.o
    0x080048a0   0x080048a0   0x000000d8   Code   RO         4440    i.HAL_SD_ReadBlocks_DMA  stm32h7xx_hal_sd.o
    0x08004978   0x08004978   0x00000008   Code   RO         5323    i.HAL_SD_RxCpltCallback  bsp_driver_sd.o
    0x08004980   0x08004980   0x00000008   Code   RO         5324    i.HAL_SD_TxCpltCallback  bsp_driver_sd.o
    0x08004988   0x08004988   0x000000d8   Code   RO         4445    i.HAL_SD_WriteBlocks_DMA  stm32h7xx_hal_sd.o
    0x08004a60   0x08004a60   0x00000002   Code   RO         1336    i.HAL_TIMEx_Break2Callback  stm32h7xx_hal_tim_ex.o
    0x08004a62   0x08004a62   0x00000002   Code   RO         1337    i.HAL_TIMEx_BreakCallback  stm32h7xx_hal_tim_ex.o
    0x08004a64   0x08004a64   0x00000002   Code   RO         1338    i.HAL_TIMEx_CommutCallback  stm32h7xx_hal_tim_ex.o
    0x08004a66   0x08004a66   0x00000002   PAD
    0x08004a68   0x08004a68   0x000000a4   Code   RO         1358    i.HAL_TIMEx_MasterConfigSynchronization  stm32h7xx_hal_tim_ex.o
    0x08004b0c   0x08004b0c   0x00000062   Code   RO          622    i.HAL_TIM_Base_Init  stm32h7xx_hal_tim.o
    0x08004b6e   0x08004b6e   0x00000002   PAD
    0x08004b70   0x08004b70   0x0000003c   Code   RO          518    i.HAL_TIM_Base_MspInit  stm32h7xx_hal_msp.o
    0x08004bac   0x08004bac   0x0000008c   Code   RO          627    i.HAL_TIM_Base_Start_IT  stm32h7xx_hal_tim.o
    0x08004c38   0x08004c38   0x000000fc   Code   RO          631    i.HAL_TIM_ConfigClockSource  stm32h7xx_hal_tim.o
    0x08004d34   0x08004d34   0x00000002   Code   RO          656    i.HAL_TIM_IC_CaptureCallback  stm32h7xx_hal_tim.o
    0x08004d36   0x08004d36   0x00000148   Code   RO          670    i.HAL_TIM_IRQHandler  stm32h7xx_hal_tim.o
    0x08004e7e   0x08004e7e   0x00000002   PAD
    0x08004e80   0x08004e80   0x00000080   Code   RO          519    i.HAL_TIM_MspPostInit  stm32h7xx_hal_msp.o
    0x08004f00   0x08004f00   0x00000002   Code   RO          673    i.HAL_TIM_OC_DelayElapsedCallback  stm32h7xx_hal_tim.o
    0x08004f02   0x08004f02   0x00000124   Code   RO          694    i.HAL_TIM_PWM_ConfigChannel  stm32h7xx_hal_tim.o
    0x08005026   0x08005026   0x00000062   Code   RO          697    i.HAL_TIM_PWM_Init  stm32h7xx_hal_tim.o
    0x08005088   0x08005088   0x00000002   Code   RO          699    i.HAL_TIM_PWM_MspInit  stm32h7xx_hal_tim.o
    0x0800508a   0x0800508a   0x00000002   Code   RO          700    i.HAL_TIM_PWM_PulseFinishedCallback  stm32h7xx_hal_tim.o
    0x0800508c   0x0800508c   0x00000014   Code   RO           14    i.HAL_TIM_PeriodElapsedCallback  main.o
    0x080050a0   0x080050a0   0x00000002   Code   RO          713    i.HAL_TIM_TriggerCallback  stm32h7xx_hal_tim.o
    0x080050a2   0x080050a2   0x00000040   Code   RO         5148    i.HAL_UARTEx_DisableFifoMode  stm32h7xx_hal_uart_ex.o
    0x080050e2   0x080050e2   0x00000002   Code   RO         4737    i.HAL_UARTEx_RxEventCallback  stm32h7xx_hal_uart.o
    0x080050e4   0x080050e4   0x00000002   Code   RO         5156    i.HAL_UARTEx_RxFifoFullCallback  stm32h7xx_hal_uart_ex.o
    0x080050e6   0x080050e6   0x0000004c   Code   RO         5157    i.HAL_UARTEx_SetRxFifoThreshold  stm32h7xx_hal_uart_ex.o
    0x08005132   0x08005132   0x0000004c   Code   RO         5158    i.HAL_UARTEx_SetTxFifoThreshold  stm32h7xx_hal_uart_ex.o
    0x0800517e   0x0800517e   0x00000002   Code   RO         5160    i.HAL_UARTEx_TxFifoEmptyCallback  stm32h7xx_hal_uart_ex.o
    0x08005180   0x08005180   0x00000002   Code   RO         5161    i.HAL_UARTEx_WakeupCallback  stm32h7xx_hal_uart_ex.o
    0x08005182   0x08005182   0x00000002   PAD
    0x08005184   0x08005184   0x000000ac   Code   RO         4740    i.HAL_UART_AbortReceive  stm32h7xx_hal_uart.o
    0x08005230   0x08005230   0x00000002   Code   RO         4753    i.HAL_UART_ErrorCallback  stm32h7xx_hal_uart.o
    0x08005232   0x08005232   0x00000002   PAD
    0x08005234   0x08005234   0x0000039c   Code   RO         4756    i.HAL_UART_IRQHandler  stm32h7xx_hal_uart.o
    0x080055d0   0x080055d0   0x0000006a   Code   RO         4757    i.HAL_UART_Init     stm32h7xx_hal_uart.o
    0x0800563a   0x0800563a   0x00000002   PAD
    0x0800563c   0x0800563c   0x00000384   Code   RO          521    i.HAL_UART_MspInit  stm32h7xx_hal_msp.o
    0x080059c0   0x080059c0   0x00000048   Code   RO         4761    i.HAL_UART_Receive_DMA  stm32h7xx_hal_uart.o
    0x08005a08   0x08005a08   0x00000002   Code   RO         4764    i.HAL_UART_RxCpltCallback  stm32h7xx_hal_uart.o
    0x08005a0a   0x08005a0a   0x00000002   Code   RO         4765    i.HAL_UART_RxHalfCpltCallback  stm32h7xx_hal_uart.o
    0x08005a0c   0x08005a0c   0x00000002   Code   RO         4769    i.HAL_UART_TxCpltCallback  stm32h7xx_hal_uart.o
    0x08005a0e   0x08005a0e   0x00000002   Code   RO          394    i.HardFault_Handler  stm32h7xx_it.o
    0x08005a10   0x08005a10   0x0000001c   Code   RO         7530    i.LEDTwinkTask      taskinit.o
    0x08005a2c   0x08005a2c   0x0000006c   Code   RO           15    i.MX_DMA_Init       main.o
    0x08005a98   0x08005a98   0x0000001c   Code   RO         5533    i.MX_FATFS_Init     fatfs.o
    0x08005ab4   0x08005ab4   0x00000124   Code   RO           16    i.MX_GPIO_Init      main.o
    0x08005bd8   0x08005bd8   0x000000cc   Code   RO           17    i.MX_TIM2_Init      main.o
    0x08005ca4   0x08005ca4   0x000000d4   Code   RO           18    i.MX_TIM4_Init      main.o
    0x08005d78   0x08005d78   0x00000068   Code   RO           19    i.MX_UART5_Init     main.o
    0x08005de0   0x08005de0   0x00000064   Code   RO           20    i.MX_UART8_Init     main.o
    0x08005e44   0x08005e44   0x00000064   Code   RO           21    i.MX_USART1_UART_Init  main.o
    0x08005ea8   0x08005ea8   0x00000064   Code   RO           22    i.MX_USART2_UART_Init  main.o
    0x08005f0c   0x08005f0c   0x00000064   Code   RO           23    i.MX_USART6_UART_Init  main.o
    0x08005f70   0x08005f70   0x00000002   Code   RO          395    i.MemManage_Handler  stm32h7xx_it.o
    0x08005f72   0x08005f72   0x00000002   Code   RO          396    i.NMI_Handler       stm32h7xx_it.o
    0x08005f74   0x08005f74   0x00000034   Code   RO         7453    i.NavigationReceive  navigation.o
    0x08005fa8   0x08005fa8   0x0000000e   Code   RO         7531    i.NavigationTask    taskinit.o
    0x08005fb6   0x08005fb6   0x00000002   PAD
    0x08005fb8   0x08005fb8   0x00000120   Code   RO         1908    i.RCCEx_PLL2_Config  stm32h7xx_hal_rcc_ex.o
    0x080060d8   0x080060d8   0x00000120   Code   RO         1909    i.RCCEx_PLL3_Config  stm32h7xx_hal_rcc_ex.o
    0x080061f8   0x080061f8   0x0000013c   Code   RO         7654    i.ReceiverDataConvert  receiver.o
    0x08006334   0x08006334   0x00000038   Code   RO         7532    i.ReceiverTask      taskinit.o
    0x0800636c   0x0800636c   0x0000000c   Code   RO          397    i.SDMMC1_IRQHandler  stm32h7xx_it.o
    0x08006378   0x08006378   0x00000034   Code   RO         4039    i.SDMMC_CmdAppCommand  stm32h7xx_ll_sdmmc.o
    0x080063ac   0x080063ac   0x0000002e   Code   RO         4040    i.SDMMC_CmdAppOperCommand  stm32h7xx_ll_sdmmc.o
    0x080063da   0x080063da   0x00000032   Code   RO         4042    i.SDMMC_CmdBlockLength  stm32h7xx_ll_sdmmc.o
    0x0800640c   0x0800640c   0x00000034   Code   RO         4043    i.SDMMC_CmdBusWidth  stm32h7xx_ll_sdmmc.o
    0x08006440   0x08006440   0x00000054   Code   RO         4047    i.SDMMC_CmdGoIdleState  stm32h7xx_ll_sdmmc.o
    0x08006494   0x08006494   0x00000028   Code   RO         4049    i.SDMMC_CmdOperCond  stm32h7xx_ll_sdmmc.o
    0x080064bc   0x080064bc   0x00000034   Code   RO         4050    i.SDMMC_CmdReadMultiBlock  stm32h7xx_ll_sdmmc.o
    0x080064f0   0x080064f0   0x00000034   Code   RO         4051    i.SDMMC_CmdReadSingleBlock  stm32h7xx_ll_sdmmc.o
    0x08006524   0x08006524   0x00000034   Code   RO         4054    i.SDMMC_CmdSelDesel  stm32h7xx_ll_sdmmc.o
    0x08006558   0x08006558   0x0000002c   Code   RO         4055    i.SDMMC_CmdSendCID  stm32h7xx_ll_sdmmc.o
    0x08006584   0x08006584   0x00000030   Code   RO         4056    i.SDMMC_CmdSendCSD  stm32h7xx_ll_sdmmc.o
    0x080065b4   0x080065b4   0x00000032   Code   RO         4059    i.SDMMC_CmdSendSCR  stm32h7xx_ll_sdmmc.o
    0x080065e6   0x080065e6   0x00000034   Code   RO         4060    i.SDMMC_CmdSendStatus  stm32h7xx_ll_sdmmc.o
    0x0800661a   0x0800661a   0x00000032   Code   RO         4061    i.SDMMC_CmdSetRelAdd  stm32h7xx_ll_sdmmc.o
    0x0800664c   0x0800664c   0x00000032   Code   RO         4064    i.SDMMC_CmdStatusRegister  stm32h7xx_ll_sdmmc.o
    0x0800667e   0x0800667e   0x00000002   PAD
    0x08006680   0x08006680   0x00000054   Code   RO         4065    i.SDMMC_CmdStopTransfer  stm32h7xx_ll_sdmmc.o
    0x080066d4   0x080066d4   0x00000034   Code   RO         4068    i.SDMMC_CmdWriteMultiBlock  stm32h7xx_ll_sdmmc.o
    0x08006708   0x08006708   0x00000034   Code   RO         4069    i.SDMMC_CmdWriteSingleBlock  stm32h7xx_ll_sdmmc.o
    0x0800673c   0x0800673c   0x00000026   Code   RO         4070    i.SDMMC_ConfigData  stm32h7xx_ll_sdmmc.o
    0x08006762   0x08006762   0x00000002   PAD
    0x08006764   0x08006764   0x00000124   Code   RO         4071    i.SDMMC_GetCmdResp1  stm32h7xx_ll_sdmmc.o
    0x08006888   0x08006888   0x00000054   Code   RO         4072    i.SDMMC_GetCmdResp2  stm32h7xx_ll_sdmmc.o
    0x080068dc   0x080068dc   0x00000048   Code   RO         4073    i.SDMMC_GetCmdResp3  stm32h7xx_ll_sdmmc.o
    0x08006924   0x08006924   0x0000008c   Code   RO         4076    i.SDMMC_GetCmdResp6  stm32h7xx_ll_sdmmc.o
    0x080069b0   0x080069b0   0x00000058   Code   RO         4077    i.SDMMC_GetCmdResp7  stm32h7xx_ll_sdmmc.o
    0x08006a08   0x08006a08   0x00000008   Code   RO         4081    i.SDMMC_GetPowerState  stm32h7xx_ll_sdmmc.o
    0x08006a10   0x08006a10   0x00000006   Code   RO         4082    i.SDMMC_GetResponse  stm32h7xx_ll_sdmmc.o
    0x08006a16   0x08006a16   0x00000002   PAD
    0x08006a18   0x08006a18   0x00000020   Code   RO         4083    i.SDMMC_Init        stm32h7xx_ll_sdmmc.o
    0x08006a38   0x08006a38   0x0000000c   Code   RO         4086    i.SDMMC_PowerState_ON  stm32h7xx_ll_sdmmc.o
    0x08006a44   0x08006a44   0x00000006   Code   RO         4087    i.SDMMC_ReadFIFO    stm32h7xx_ll_sdmmc.o
    0x08006a4a   0x08006a4a   0x00000002   PAD
    0x08006a4c   0x08006a4c   0x00000028   Code   RO         4090    i.SDMMC_SendCommand  stm32h7xx_ll_sdmmc.o
    0x08006a74   0x08006a74   0x0000000a   Code   RO         4092    i.SDMMC_WriteFIFO   stm32h7xx_ll_sdmmc.o
    0x08006a7e   0x08006a7e   0x00000002   PAD
    0x08006a80   0x08006a80   0x00000020   Code   RO         5426    i.SD_CheckStatus    sd_diskio.o
    0x08006aa0   0x08006aa0   0x0000002e   Code   RO         5427    i.SD_CheckStatusWithTimeout  sd_diskio.o
    0x08006ace   0x08006ace   0x00000002   PAD
    0x08006ad0   0x08006ad0   0x000000e4   Code   RO         4447    i.SD_FindSCR        stm32h7xx_hal_sd.o
    0x08006bb4   0x08006bb4   0x000000f6   Code   RO         4448    i.SD_InitCard       stm32h7xx_hal_sd.o
    0x08006caa   0x08006caa   0x00000002   PAD
    0x08006cac   0x08006cac   0x000000b4   Code   RO         4449    i.SD_PowerON        stm32h7xx_hal_sd.o
    0x08006d60   0x08006d60   0x000000e4   Code   RO         4450    i.SD_SendSDStatus   stm32h7xx_hal_sd.o
    0x08006e44   0x08006e44   0x00000060   Code   RO         5428    i.SD_initialize     sd_diskio.o
    0x08006ea4   0x08006ea4   0x00000068   Code   RO         5429    i.SD_ioctl          sd_diskio.o
    0x08006f0c   0x08006f0c   0x00000084   Code   RO         5430    i.SD_read           sd_diskio.o
    0x08006f90   0x08006f90   0x00000004   Code   RO         5431    i.SD_status         sd_diskio.o
    0x08006f94   0x08006f94   0x00000084   Code   RO         5432    i.SD_write          sd_diskio.o
    0x08007018   0x08007018   0x00000008   Code   RO           24    i.StartDefaultTask  main.o
    0x08007020   0x08007020   0x0000002c   Code   RO         7365    i.SysTick_Handler   port.o
    0x0800704c   0x0800704c   0x000000a8   Code   RO           25    i.SystemClock_Config  main.o
    0x080070f4   0x080070f4   0x000000f8   Code   RO         5268    i.SystemInit        system_stm32h7xx.o
    0x080071ec   0x080071ec   0x0000009c   Code   RO         7612    i.TFInit            tf.o
    0x08007288   0x08007288   0x0000000c   Code   RO         7533    i.TFStorageTask     taskinit.o
    0x08007294   0x08007294   0x0000000c   Code   RO          398    i.TIM1_UP_IRQHandler  stm32h7xx_it.o
    0x080072a0   0x080072a0   0x000000cc   Code   RO          715    i.TIM_Base_SetConfig  stm32h7xx_hal_tim.o
    0x0800736c   0x0800736c   0x00000012   Code   RO          726    i.TIM_ETR_SetConfig  stm32h7xx_hal_tim.o
    0x0800737e   0x0800737e   0x00000002   PAD
    0x08007380   0x08007380   0x00000014   Code   RO          727    i.TIM_ITRx_SetConfig  stm32h7xx_hal_tim.o
    0x08007394   0x08007394   0x000000a4   Code   RO          728    i.TIM_OC1_SetConfig  stm32h7xx_hal_tim.o
    0x08007438   0x08007438   0x00000098   Code   RO          729    i.TIM_OC2_SetConfig  stm32h7xx_hal_tim.o
    0x080074d0   0x080074d0   0x00000098   Code   RO          730    i.TIM_OC3_SetConfig  stm32h7xx_hal_tim.o
    0x08007568   0x08007568   0x00000078   Code   RO          731    i.TIM_OC4_SetConfig  stm32h7xx_hal_tim.o
    0x080075e0   0x080075e0   0x00000074   Code   RO          732    i.TIM_OC5_SetConfig  stm32h7xx_hal_tim.o
    0x08007654   0x08007654   0x00000074   Code   RO          733    i.TIM_OC6_SetConfig  stm32h7xx_hal_tim.o
    0x080076c8   0x080076c8   0x00000022   Code   RO          735    i.TIM_TI1_ConfigInputStage  stm32h7xx_hal_tim.o
    0x080076ea   0x080076ea   0x00000024   Code   RO          737    i.TIM_TI2_ConfigInputStage  stm32h7xx_hal_tim.o
    0x0800770e   0x0800770e   0x00000002   PAD
    0x08007710   0x08007710   0x00000108   Code   RO         7534    i.TaskInit          taskinit.o
    0x08007818   0x08007818   0x0000004c   Code   RO          399    i.UART5_IRQHandler  stm32h7xx_it.o
    0x08007864   0x08007864   0x0000000c   Code   RO          400    i.UART8_IRQHandler  stm32h7xx_it.o
    0x08007870   0x08007870   0x00000044   Code   RO         5162    i.UARTEx_SetNbDataToProcess  stm32h7xx_hal_uart_ex.o
    0x080078b4   0x080078b4   0x000000c8   Code   RO         4771    i.UART_AdvFeatureConfig  stm32h7xx_hal_uart.o
    0x0800797c   0x0800797c   0x000000aa   Code   RO         4772    i.UART_CheckIdleState  stm32h7xx_hal_uart.o
    0x08007a26   0x08007a26   0x00000010   Code   RO         4773    i.UART_DMAAbortOnError  stm32h7xx_hal_uart.o
    0x08007a36   0x08007a36   0x0000004e   Code   RO         4774    i.UART_DMAError     stm32h7xx_hal_uart.o
    0x08007a84   0x08007a84   0x00000082   Code   RO         4775    i.UART_DMAReceiveCplt  stm32h7xx_hal_uart.o
    0x08007b06   0x08007b06   0x00000020   Code   RO         4777    i.UART_DMARxHalfCplt  stm32h7xx_hal_uart.o
    0x08007b26   0x08007b26   0x00000002   PAD
    0x08007b28   0x08007b28   0x00000054   Code   RO         4783    i.UART_EndRxTransfer  stm32h7xx_hal_uart.o
    0x08007b7c   0x08007b7c   0x0000002e   Code   RO         4784    i.UART_EndTxTransfer  stm32h7xx_hal_uart.o
    0x08007baa   0x08007baa   0x00000002   PAD
    0x08007bac   0x08007bac   0x000003ac   Code   RO         4789    i.UART_SetConfig    stm32h7xx_hal_uart.o
    0x08007f58   0x08007f58   0x000000a8   Code   RO         4790    i.UART_Start_Receive_DMA  stm32h7xx_hal_uart.o
    0x08008000   0x08008000   0x00000094   Code   RO         4796    i.UART_WaitOnFlagUntilTimeout  stm32h7xx_hal_uart.o
    0x08008094   0x08008094   0x0000000c   Code   RO          401    i.USART2_IRQHandler  stm32h7xx_it.o
    0x080080a0   0x080080a0   0x000000c8   Code   RO          402    i.USART6_IRQHandler  stm32h7xx_it.o
    0x08008168   0x08008168   0x00000002   Code   RO          403    i.UsageFault_Handler  stm32h7xx_it.o
    0x0800816a   0x0800816a   0x00000022   Code   RO         1648    i.__NVIC_SetPriority  stm32h7xx_hal_cortex.o
    0x0800818c   0x0800818c   0x00000074   Code   RO         5626    i.check_fs          ff.o
    0x08008200   0x08008200   0x00000010   Code   RO         5627    i.chk_chr           ff.o
    0x08008210   0x08008210   0x00000070   Code   RO         5628    i.chk_lock          ff.o
    0x08008280   0x08008280   0x00000028   Code   RO         5629    i.clear_lock        ff.o
    0x080082a8   0x080082a8   0x00000028   Code   RO         5630    i.clmt_clust        ff.o
    0x080082d0   0x080082d0   0x00000018   Code   RO         5631    i.clust2sect        ff.o
    0x080082e8   0x080082e8   0x00000098   Code   RO         5632    i.cmp_lfn           ff.o
    0x08008380   0x08008380   0x000000ba   Code   RO         5633    i.create_chain      ff.o
    0x0800843a   0x0800843a   0x00000002   PAD
    0x0800843c   0x0800843c   0x0000020c   Code   RO         5634    i.create_name       ff.o
    0x08008648   0x08008648   0x00000030   Code   RO         5635    i.dec_lock          ff.o
    0x08008678   0x08008678   0x0000004a   Code   RO         5636    i.dir_alloc         ff.o
    0x080086c2   0x080086c2   0x000000de   Code   RO         5637    i.dir_find          ff.o
    0x080087a0   0x080087a0   0x00000126   Code   RO         5638    i.dir_next          ff.o
    0x080088c6   0x080088c6   0x00000002   PAD
    0x080088c8   0x080088c8   0x0000013c   Code   RO         5640    i.dir_register      ff.o
    0x08008a04   0x08008a04   0x000000a4   Code   RO         5642    i.dir_sdi           ff.o
    0x08008aa8   0x08008aa8   0x0000002c   Code   RO         5571    i.disk_initialize   diskio.o
    0x08008ad4   0x08008ad4   0x0000001c   Code   RO         5572    i.disk_ioctl        diskio.o
    0x08008af0   0x08008af0   0x00000020   Code   RO         5573    i.disk_read         diskio.o
    0x08008b10   0x08008b10   0x00000018   Code   RO         5574    i.disk_status       diskio.o
    0x08008b28   0x08008b28   0x00000020   Code   RO         5575    i.disk_write        diskio.o
    0x08008b48   0x08008b48   0x00000028   Code   RO         5643    i.enq_lock          ff.o
    0x08008b70   0x08008b70   0x00000034   Code   RO         5644    i.f_close           ff.o
    0x08008ba4   0x08008ba4   0x00000624   Code   RO         5650    i.f_mkfs            ff.o
    0x080091c8   0x080091c8   0x00000098   Code   RO         5651    i.f_mount           ff.o
    0x08009260   0x08009260   0x00000224   Code   RO         5652    i.f_open            ff.o
    0x08009484   0x08009484   0x00000242   Code   RO         5654    i.f_printf          ff.o
    0x080096c6   0x080096c6   0x000000aa   Code   RO         5661    i.f_sync            ff.o
    0x08009770   0x08009770   0x00000218   Code   RO         5664    i.f_write           ff.o
    0x08009988   0x08009988   0x0000002e   Code   RO         7780    i.fdiComProtocolReceive  fdilink.o
    0x080099b6   0x080099b6   0x00000002   PAD
    0x080099b8   0x080099b8   0x00000268   Code   RO         7727    i.fdiDecodeBuffer   fdi_send.o
    0x08009c20   0x08009c20   0x0000000c   Code   RO         7782    i.fdiEffectFeature  fdilink.o
    0x08009c2c   0x08009c2c   0x0000002e   Code   RO         7786    i.fdiInsertBuffer   fdilink.o
    0x08009c5a   0x08009c5a   0x0000000e   Code   RO         7787    i.fdiResetAll       fdilink.o
    0x08009c68   0x08009c68   0x000000c4   Code   RO         7788    i.fdiRuningReceiveData  fdilink.o
    0x08009d2c   0x08009d2c   0x00000038   Code   RO         6116    i.ff_convert        ccsbcs.o
    0x08009d64   0x08009d64   0x00000020   Code   RO         6068    i.ff_cre_syncobj    syscall.o
    0x08009d84   0x08009d84   0x0000000a   Code   RO         6069    i.ff_del_syncobj    syscall.o
    0x08009d8e   0x08009d8e   0x00000004   Code   RO         6070    i.ff_rel_grant      syscall.o
    0x08009d92   0x08009d92   0x00000014   Code   RO         6071    i.ff_req_grant      syscall.o
    0x08009da6   0x08009da6   0x00000002   PAD
    0x08009da8   0x08009da8   0x000000b8   Code   RO         6117    i.ff_wtoupper       ccsbcs.o
    0x08009e60   0x08009e60   0x000002ec   Code   RO         5665    i.find_volume       ff.o
    0x0800a14c   0x0800a14c   0x00000086   Code   RO         5666    i.follow_path       ff.o
    0x0800a1d2   0x0800a1d2   0x00000096   Code   RO         5667    i.gen_numname       ff.o
    0x0800a268   0x0800a268   0x000000c4   Code   RO         5668    i.get_fat           ff.o
    0x0800a32c   0x0800a32c   0x00000004   Code   RO         5534    i.get_fattime       fatfs.o
    0x0800a330   0x0800a330   0x00000054   Code   RO         5670    i.get_ldnumber      ff.o
    0x0800a384   0x0800a384   0x00000010   Code   RO         6950    i.inHandlerMode     cmsis_os.o
    0x0800a394   0x0800a394   0x00000094   Code   RO         5671    i.inc_lock          ff.o
    0x0800a428   0x0800a428   0x00000026   Code   RO         5672    i.ld_clust          ff.o
    0x0800a44e   0x0800a44e   0x00000016   Code   RO         5673    i.ld_dword          ff.o
    0x0800a464   0x0800a464   0x0000000a   Code   RO         5674    i.ld_word           ff.o
    0x0800a46e   0x0800a46e   0x00000016   Code   RO         5675    i.lock_fs           ff.o
    0x0800a484   0x0800a484   0x000000dc   Code   RO           26    i.main              main.o
    0x0800a560   0x0800a560   0x0000000c   Code   RO         6952    i.makeFreeRtosPriority  cmsis_os.o
    0x0800a56c   0x0800a56c   0x00000018   Code   RO         5676    i.mem_cmp           ff.o
    0x0800a584   0x0800a584   0x00000012   Code   RO         5677    i.mem_cpy           ff.o
    0x0800a596   0x0800a596   0x0000000c   Code   RO         5678    i.mem_set           ff.o
    0x0800a5a2   0x0800a5a2   0x00000034   Code   RO         5679    i.move_window       ff.o
    0x0800a5d6   0x0800a5d6   0x00000002   PAD
    0x0800a5d8   0x0800a5d8   0x0000001c   Code   RO         6954    i.osDelay           cmsis_os.o
    0x0800a5f4   0x0800a5f4   0x00000012   Code   RO         6956    i.osKernelRunning   cmsis_os.o
    0x0800a606   0x0800a606   0x0000000a   Code   RO         6957    i.osKernelStart     cmsis_os.o
    0x0800a610   0x0800a610   0x00000018   Code   RO         6958    i.osKernelSysTick   cmsis_os.o
    0x0800a628   0x0800a628   0x0000002a   Code   RO         6966    i.osMessageCreate   cmsis_os.o
    0x0800a652   0x0800a652   0x00000002   PAD
    0x0800a654   0x0800a654   0x000000bc   Code   RO         6968    i.osMessageGet      cmsis_os.o
    0x0800a710   0x0800a710   0x00000070   Code   RO         6970    i.osMessagePut      cmsis_os.o
    0x0800a780   0x0800a780   0x00000046   Code   RO         6983    i.osSemaphoreCreate  cmsis_os.o
    0x0800a7c6   0x0800a7c6   0x00000018   Code   RO         6984    i.osSemaphoreDelete  cmsis_os.o
    0x0800a7de   0x0800a7de   0x00000002   PAD
    0x0800a7e0   0x0800a7e0   0x00000050   Code   RO         6986    i.osSemaphoreRelease  cmsis_os.o
    0x0800a830   0x0800a830   0x00000078   Code   RO         6987    i.osSemaphoreWait   cmsis_os.o
    0x0800a8a8   0x0800a8a8   0x0000005c   Code   RO         6991    i.osThreadCreate    cmsis_os.o
    0x0800a904   0x0800a904   0x00000078   Code   RO         6623    i.prvAddCurrentTaskToDelayedList  tasks.o
    0x0800a97c   0x0800a97c   0x00000088   Code   RO         6624    i.prvAddNewTaskToReadyList  tasks.o
    0x0800aa04   0x0800aa04   0x00000040   Code   RO         6625    i.prvCheckTasksWaitingTermination  tasks.o
    0x0800aa44   0x0800aa44   0x00000024   Code   RO         6289    i.prvCopyDataFromQueue  queue.o
    0x0800aa68   0x0800aa68   0x0000006e   Code   RO         6290    i.prvCopyDataToQueue  queue.o
    0x0800aad6   0x0800aad6   0x00000040   Code   RO         6626    i.prvDeleteTCB      tasks.o
    0x0800ab16   0x0800ab16   0x00000014   Code   RO         6291    i.prvGetDisinheritPriorityAfterTimeout  queue.o
    0x0800ab2a   0x0800ab2a   0x00000002   PAD
    0x0800ab2c   0x0800ab2c   0x00000028   Code   RO         6627    i.prvIdleTask       tasks.o
    0x0800ab54   0x0800ab54   0x00000018   Code   RO         6293    i.prvInitialiseNewQueue  queue.o
    0x0800ab6c   0x0800ab6c   0x0000007e   Code   RO         6628    i.prvInitialiseNewTask  tasks.o
    0x0800abea   0x0800abea   0x00000002   PAD
    0x0800abec   0x0800abec   0x00000060   Code   RO         6629    i.prvInitialiseTaskLists  tasks.o
    0x0800ac4c   0x0800ac4c   0x0000001a   Code   RO         6294    i.prvIsQueueEmpty   queue.o
    0x0800ac66   0x0800ac66   0x0000001e   Code   RO         6295    i.prvIsQueueFull    queue.o
    0x0800ac84   0x0800ac84   0x00000024   Code   RO         6630    i.prvResetNextTaskUnblockTime  tasks.o
    0x0800aca8   0x0800aca8   0x00000030   Code   RO         7366    i.prvTaskExitError  port.o
    0x0800acd8   0x0800acd8   0x00000068   Code   RO         6296    i.prvUnlockQueue    queue.o
    0x0800ad40   0x0800ad40   0x00000102   Code   RO         5681    i.put_fat           ff.o
    0x0800ae42   0x0800ae42   0x00000002   PAD
    0x0800ae44   0x0800ae44   0x00000074   Code   RO         5682    i.put_lfn           ff.o
    0x0800aeb8   0x0800aeb8   0x00000048   Code   RO         5683    i.putc_bfd          ff.o
    0x0800af00   0x0800af00   0x0000002a   Code   RO         5684    i.putc_flush        ff.o
    0x0800af2a   0x0800af2a   0x0000000a   Code   RO         5685    i.putc_init         ff.o
    0x0800af34   0x0800af34   0x00000050   Code   RO         7319    i.pvPortMalloc      heap_1.o
    0x0800af84   0x0800af84   0x00000018   Code   RO         6632    i.pvTaskIncrementMutexHeldCount  tasks.o
    0x0800af9c   0x0800af9c   0x0000002c   Code   RO         7367    i.pxPortInitialiseStack  port.o
    0x0800afc8   0x0800afc8   0x0000007e   Code   RO         5686    i.remove_chain      ff.o
    0x0800b046   0x0800b046   0x00000028   Code   RO         5687    i.st_clust          ff.o
    0x0800b06e   0x0800b06e   0x00000014   Code   RO         5688    i.st_dword          ff.o
    0x0800b082   0x0800b082   0x0000000a   Code   RO         5689    i.st_word           ff.o
    0x0800b08c   0x0800b08c   0x0000001a   Code   RO         5690    i.sum_sfn           ff.o
    0x0800b0a6   0x0800b0a6   0x00000002   PAD
    0x0800b0a8   0x0800b0a8   0x0000008c   Code   RO         5691    i.sync_fs           ff.o
    0x0800b134   0x0800b134   0x00000056   Code   RO         5692    i.sync_window       ff.o
    0x0800b18a   0x0800b18a   0x00000018   Code   RO         5693    i.unlock_fs         ff.o
    0x0800b1a2   0x0800b1a2   0x00000026   Code   RO         6249    i.uxListRemove      list.o
    0x0800b1c8   0x0800b1c8   0x00000018   Code   RO          349    i.vApplicationGetIdleTaskMemory  freertos.o
    0x0800b1e0   0x0800b1e0   0x00000016   Code   RO         6250    i.vListInitialise   list.o
    0x0800b1f6   0x0800b1f6   0x00000006   Code   RO         6251    i.vListInitialiseItem  list.o
    0x0800b1fc   0x0800b1fc   0x0000003a   Code   RO         6252    i.vListInsert       list.o
    0x0800b236   0x0800b236   0x00000018   Code   RO         6253    i.vListInsertEnd    list.o
    0x0800b24e   0x0800b24e   0x00000002   PAD
    0x0800b250   0x0800b250   0x00000040   Code   RO         7369    i.vPortEnterCritical  port.o
    0x0800b290   0x0800b290   0x0000002c   Code   RO         7370    i.vPortExitCritical  port.o
    0x0800b2bc   0x0800b2bc   0x00000016   Code   RO         7320    i.vPortFree         heap_1.o
    0x0800b2d2   0x0800b2d2   0x00000002   PAD
    0x0800b2d4   0x0800b2d4   0x00000028   Code   RO         7371    i.vPortSetupTimerInterrupt  port.o
    0x0800b2fc   0x0800b2fc   0x00000054   Code   RO         7372    i.vPortValidateInterruptPriority  port.o
    0x0800b350   0x0800b350   0x00000032   Code   RO         6301    i.vQueueDelete      queue.o
    0x0800b382   0x0800b382   0x00000002   PAD
    0x0800b384   0x0800b384   0x00000028   Code   RO         6302    i.vQueueUnregisterQueue  queue.o
    0x0800b3ac   0x0800b3ac   0x00000050   Code   RO         6639    i.vTaskDelay        tasks.o
    0x0800b3fc   0x0800b3fc   0x00000010   Code   RO         6642    i.vTaskInternalSetTimeOutState  tasks.o
    0x0800b40c   0x0800b40c   0x0000000c   Code   RO         6643    i.vTaskMissedYield  tasks.o
    0x0800b418   0x0800b418   0x00000034   Code   RO         6645    i.vTaskPlaceOnEventList  tasks.o
    0x0800b44c   0x0800b44c   0x000000a8   Code   RO         6647    i.vTaskPriorityDisinheritAfterTimeout  tasks.o
    0x0800b4f4   0x0800b4f4   0x00000088   Code   RO         6652    i.vTaskStartScheduler  tasks.o
    0x0800b57c   0x0800b57c   0x000000c0   Code   RO         6653    i.vTaskSuspend      tasks.o
    0x0800b63c   0x0800b63c   0x00000010   Code   RO         6654    i.vTaskSuspendAll   tasks.o
    0x0800b64c   0x0800b64c   0x00000060   Code   RO         6655    i.vTaskSwitchContext  tasks.o
    0x0800b6ac   0x0800b6ac   0x0000004e   Code   RO         5694    i.validate          ff.o
    0x0800b6fa   0x0800b6fa   0x00000002   PAD
    0x0800b6fc   0x0800b6fc   0x00000104   Code   RO         7373    i.xPortStartScheduler  port.o
    0x0800b800   0x0800b800   0x00000044   Code   RO         6305    i.xQueueGenericCreate  queue.o
    0x0800b844   0x0800b844   0x00000070   Code   RO         6306    i.xQueueGenericCreateStatic  queue.o
    0x0800b8b4   0x0800b8b4   0x00000090   Code   RO         6307    i.xQueueGenericReset  queue.o
    0x0800b944   0x0800b944   0x00000170   Code   RO         6308    i.xQueueGenericSend  queue.o
    0x0800bab4   0x0800bab4   0x000000be   Code   RO         6309    i.xQueueGenericSendFromISR  queue.o
    0x0800bb72   0x0800bb72   0x000000a0   Code   RO         6310    i.xQueueGiveFromISR  queue.o
    0x0800bc12   0x0800bc12   0x00000002   PAD
    0x0800bc14   0x0800bc14   0x00000148   Code   RO         6315    i.xQueueReceive     queue.o
    0x0800bd5c   0x0800bd5c   0x0000009a   Code   RO         6316    i.xQueueReceiveFromISR  queue.o
    0x0800bdf6   0x0800bdf6   0x00000002   PAD
    0x0800bdf8   0x0800bdf8   0x00000184   Code   RO         6317    i.xQueueSemaphoreTake  queue.o
    0x0800bf7c   0x0800bf7c   0x00000080   Code   RO         6657    i.xTaskCheckForTimeOut  tasks.o
    0x0800bffc   0x0800bffc   0x0000006c   Code   RO         6658    i.xTaskCreate       tasks.o
    0x0800c068   0x0800c068   0x00000060   Code   RO         6659    i.xTaskCreateStatic  tasks.o
    0x0800c0c8   0x0800c0c8   0x0000001c   Code   RO         6663    i.xTaskGetSchedulerState  tasks.o
    0x0800c0e4   0x0800c0e4   0x0000000c   Code   RO         6664    i.xTaskGetTickCount  tasks.o
    0x0800c0f0   0x0800c0f0   0x00000010   Code   RO         6665    i.xTaskGetTickCountFromISR  tasks.o
    0x0800c100   0x0800c100   0x000000d4   Code   RO         6666    i.xTaskIncrementTick  tasks.o
    0x0800c1d4   0x0800c1d4   0x0000009c   Code   RO         6669    i.xTaskPriorityDisinherit  tasks.o
    0x0800c270   0x0800c270   0x00000094   Code   RO         6670    i.xTaskPriorityInherit  tasks.o
    0x0800c304   0x0800c304   0x00000078   Code   RO         6671    i.xTaskRemoveFromEventList  tasks.o
    0x0800c37c   0x0800c37c   0x000000cc   Code   RO         6672    i.xTaskResumeAll    tasks.o
    0x0800c448   0x0800c448   0x0000000a   Code   RO         8034    x$fpl$fpinit        fz_wv.l(fpinit.o)
    0x0800c452   0x0800c452   0x00000002   PAD
    0x0800c454   0x0800c454   0x0000001c   Data   RO           33    .constdata          main.o
    0x0800c470   0x0800c470   0x00000008   Data   RO         2439    .constdata          stm32h7xx_hal_dma.o
    0x0800c478   0x0800c478   0x00000018   Data   RO         4797    .constdata          stm32h7xx_hal_uart.o
    0x0800c490   0x0800c490   0x00000010   Data   RO         5163    .constdata          stm32h7xx_hal_uart_ex.o
    0x0800c4a0   0x0800c4a0   0x00000010   Data   RO         5269    .constdata          system_stm32h7xx.o
    0x0800c4b0   0x0800c4b0   0x00000014   Data   RO         5433    .constdata          sd_diskio.o
    0x0800c4c4   0x0800c4c4   0x00000010   Data   RO         5434    .constdata          sd_diskio.o
    0x0800c4d4   0x0800c4d4   0x000000aa   Data   RO         5696    .constdata          ff.o
    0x0800c57e   0x0800c57e   0x000003ae   Data   RO         6118    .constdata          ccsbcs.o
    0x0800c92c   0x0800c92c   0x00000700   Data   RO         7699    .constdata          crc_table.o
    0x0800d02c   0x0800d02c   0x0000000c   Data   RO           34    .conststring        main.o
    0x0800d038   0x0800d038   0x00000020   Data   RO         8090    Region$$Table       anon$$obj.o


    Execution Region RW_IRAM1 (Exec base: 0x20000000, Load base: 0x0800d058, Size: 0x00000000, Max: 0x00020000, ABSOLUTE)

    **** No section assigned to this execution region ****


    Execution Region RW_IRAM2 (Exec base: 0x24000000, Load base: 0x0800d058, Size: 0x000086b0, Max: 0x00080000, ABSOLUTE)

    Exec Addr    Load Addr    Size         Type   Attr      Idx    E Section Name        Object

    0x24000000   0x0800d058   0x00000004   Data   RW           35    .data               main.o
    0x24000004   0x0800d05c   0x0000000c   Data   RW         3177    .data               stm32h7xx_hal.o
    0x24000010   0x0800d068   0x00000008   Data   RW         5270    .data               system_stm32h7xx.o
    0x24000018   0x0800d070   0x00000008   Data   RW         5435    .data               sd_diskio.o
    0x24000020   0x0800d078   0x00000005   Data   RW         5537    .data               fatfs.o
    0x24000025   0x0800d07d   0x00000003   PAD
    0x24000028   0x0800d080   0x00000008   Data   RW         5697    .data               ff.o
    0x24000030   0x0800d088   0x0000003c   Data   RW         6675    .data               tasks.o
    0x2400006c   0x0800d0c4   0x00000008   Data   RW         7324    .data               heap_1.o
    0x24000074   0x0800d0cc   0x0000000c   Data   RW         7374    .data               port.o
    0x24000080   0x0800d0d8   0x00000002   Data   RW         7485    .data               navigation.o
    0x24000082   0x0800d0da   0x00000004   Data   RW         7486    .data               navigation.o
    0x24000086   0x0800d0de   0x00000002   PAD
    0x24000088   0x0800d0e0   0x00000008   Data   RW         7487    .data               navigation.o
    0x24000090   0x0800d0e8   0x00000008   Data   RW         7488    .data               navigation.o
    0x24000098   0x0800d0f0   0x00000008   Data   RW         7489    .data               navigation.o
    0x240000a0   0x0800d0f8   0x00000008   Data   RW         7490    .data               navigation.o
    0x240000a8   0x0800d100   0x00000008   Data   RW         7491    .data               navigation.o
    0x240000b0   0x0800d108   0x0000003c   Data   RW         7535    .data               taskinit.o
    0x240000ec   0x0800d144   0x00000001   Data   RW         7616    .data               tf.o
    0x240000ed   0x0800d145   0x00000003   PAD
    0x240000f0   0x0800d148   0x00000004   Data   RW         7661    .data               receiver.o
    0x240000f4        -       0x000003f8   Zero   RW           27    .bss                main.o
    0x240004ec        -       0x00000078   Zero   RW           28    .bss                main.o
    0x24000564        -       0x00000078   Zero   RW           29    .bss                main.o
    0x240005dc        -       0x00000078   Zero   RW           30    .bss                main.o
    0x24000654        -       0x00000078   Zero   RW           31    .bss                main.o
    0x240006cc        -       0x00000078   Zero   RW           32    .bss                main.o
    0x24000744        -       0x00000254   Zero   RW          350    .bss                freertos.o
    0x24000998        -       0x0000004c   Zero   RW          584    .bss                stm32h7xx_hal_timebase_tim.o
    0x240009e4        -       0x00000238   Zero   RW         5535    .bss                fatfs.o
    0x24000c1c        -       0x00000230   Zero   RW         5536    .bss                fatfs.o
    0x24000e4c        -       0x00000020   Zero   RW         5695    .bss                ff.o
    0x24000e6c        -       0x0000000c   Zero   RW         6022    .bss                ff_gen_drv.o
    0x24000e78        -       0x00000040   Zero   RW         6318    .bss                queue.o
    0x24000eb8        -       0x000002e4   Zero   RW         6674    .bss                tasks.o
    0x2400119c        -       0x00003c00   Zero   RW         7323    .bss                heap_1.o
    0x24004d9c        -       0x000002c0   Zero   RW         7454    .bss                navigation.o
    0x2400505c        -       0x00000020   Zero   RW         7456    .bss                navigation.o
    0x2400507c   0x0800d14c   0x00000004   PAD
    0x24005080        -       0x00000038   Zero   RW         7457    .bss                navigation.o
    0x240050b8        -       0x00000030   Zero   RW         7458    .bss                navigation.o
    0x240050e8        -       0x00000058   Zero   RW         7459    .bss                navigation.o
    0x24005140        -       0x00000010   Zero   RW         7460    .bss                navigation.o
    0x24005150        -       0x0000000c   Zero   RW         7461    .bss                navigation.o
    0x2400515c        -       0x0000000c   Zero   RW         7462    .bss                navigation.o
    0x24005168        -       0x0000000c   Zero   RW         7463    .bss                navigation.o
    0x24005174        -       0x00000010   Zero   RW         7464    .bss                navigation.o
    0x24005184        -       0x00000030   Zero   RW         7465    .bss                navigation.o
    0x240051b4   0x0800d14c   0x00000004   PAD
    0x240051b8        -       0x00000050   Zero   RW         7466    .bss                navigation.o
    0x24005208        -       0x0000000c   Zero   RW         7467    .bss                navigation.o
    0x24005214        -       0x0000007a   Zero   RW         7468    .bss                navigation.o
    0x2400528e   0x0800d14c   0x00000002   PAD
    0x24005290        -       0x00000020   Zero   RW         7469    .bss                navigation.o
    0x240052b0        -       0x00000018   Zero   RW         7470    .bss                navigation.o
    0x240052c8        -       0x00000010   Zero   RW         7471    .bss                navigation.o
    0x240052d8        -       0x0000000c   Zero   RW         7472    .bss                navigation.o
    0x240052e4        -       0x0000000c   Zero   RW         7473    .bss                navigation.o
    0x240052f0        -       0x0000000c   Zero   RW         7474    .bss                navigation.o
    0x240052fc        -       0x00000010   Zero   RW         7475    .bss                navigation.o
    0x2400530c        -       0x0000000c   Zero   RW         7476    .bss                navigation.o
    0x24005318        -       0x00000010   Zero   RW         7477    .bss                navigation.o
    0x24005328        -       0x00000024   Zero   RW         7478    .bss                navigation.o
    0x2400534c        -       0x0000000c   Zero   RW         7479    .bss                navigation.o
    0x24005358        -       0x0000000c   Zero   RW         7480    .bss                navigation.o
    0x24005364   0x0800d14c   0x00000004   PAD
    0x24005368        -       0x00000040   Zero   RW         7481    .bss                navigation.o
    0x240053a8        -       0x00000028   Zero   RW         7482    .bss                navigation.o
    0x240053d0        -       0x00000018   Zero   RW         7483    .bss                navigation.o
    0x240053e8        -       0x00000010   Zero   RW         7484    .bss                navigation.o
    0x240053f8        -       0x00000200   Zero   RW         7614    .bss                tf.o
    0x240055f8        -       0x00000019   Zero   RW         7656    .bss                receiver.o
    0x24005611        -       0x00000019   Zero   RW         7657    .bss                receiver.o
    0x2400562a        -       0x00000020   Zero   RW         7658    .bss                receiver.o
    0x2400564a   0x0800d14c   0x00000002   PAD
    0x2400564c        -       0x00000060   Zero   RW         7964    .bss                c_w.l(libspace.o)
    0x240056ac   0x0800d14c   0x00000004   PAD
    0x240056b0        -       0x00001000   Zero   RW            2    HEAP                startup_stm32h743xx.o
    0x240066b0        -       0x00002000   Zero   RW            1    STACK               startup_stm32h743xx.o


==============================================================================

Image component sizes


      Code (inc. data)   RO Data    RW Data    ZI Data      Debug   Object Name

       178         22          0          0          0       5113   bsp_driver_sd.o
       240         22        942          0          0       2823   ccsbcs.o
       836         36          0          0          0      36382   cmsis_os.o
        72         10       1792          0          0       2229   crc_table.o
       160         26          0          0          0       3761   diskio.o
         0          0          0          0          0      18944   event_groups.o
        32         12          0          5       1128       1584   fatfs.o
        24          4          0          0          0        557   fatfs_platform.o
       616        248          0          0          0       1938   fdi_send.o
       314         10          0          0          0      14433   fdilink.o
      8682        180        170          8         32      53800   ff.o
        78          4          0          0         12       1603   ff_gen_drv.o
        24          6          0          0        596       1344   freertos.o
       102         10          0          8      15360       4983   heap_1.o
       148          0          0          0          0       3642   list.o
      1740        130         40          4       1616    1387055   main.o
        52         12          0         46       1614       3328   navigation.o
       818         96          0         12          0      11957   port.o
      2352         28          0          0         64      24011   queue.o
       316          6          0          4         82       2227   receiver.o
       578         40         36          8          0       9545   sd_diskio.o
        72         30        664          0      12288        836   startup_stm32h743xx.o
       168         36          0         12          0      22685   stm32h7xx_hal.o
       316         28          0          0          0      40984   stm32h7xx_hal_cortex.o
      5992        246          8          0          0      12381   stm32h7xx_hal_dma.o
       592         50          0          0          0       3576   stm32h7xx_hal_gpio.o
      1320        120          0          0          0       4851   stm32h7xx_hal_msp.o
        84          6          0          0          0        777   stm32h7xx_hal_pwr_ex.o
      2558        110          0          0          0       7793   stm32h7xx_hal_rcc.o
      4776        172          0          0          0      10479   stm32h7xx_hal_rcc_ex.o
      3346         66          0          0          0      18796   stm32h7xx_hal_sd.o
      2350        236          0          0          0      17078   stm32h7xx_hal_tim.o
       170         30          0          0          0       3176   stm32h7xx_hal_tim_ex.o
       132         22          0          0         76       1547   stm32h7xx_hal_timebase_tim.o
      3296        160         24          0          0      36084   stm32h7xx_hal_uart.o
       290          6         16          0          0       5430   stm32h7xx_hal_uart_ex.o
       396         92          0          0          0      12446   stm32h7xx_it.o
      1790         72          0          0          0      24198   stm32h7xx_ll_sdmmc.o
         0          0          0          0          0        412   stream_buffer.o
        66          0          0          0          0       3476   syscall.o
       276         48         16          8          0       1969   system_stm32h7xx.o
       382        122          0         60          0       3892   taskinit.o
      2702        238          0         60        740      30839   tasks.o
       156         52          0          1        512       1178   tf.o

    ----------------------------------------------------------------------
     48680       2844       3740        244      34136    1856142   Object Totals
         0          0         32          0          0          0   (incl. Generated)
        88          0          0          8         16          0   (incl. Padding)

    ----------------------------------------------------------------------

      Code (inc. data)   RO Data    RW Data    ZI Data      Debug   Library Member Name

         8          0          0          0          0         68   __main.o
         0          0          0          0          0          0   __rtentry.o
        12          0          0          0          0          0   __rtentry2.o
         6          0          0          0          0          0   __rtentry4.o
        52          8          0          0          0          0   __scatter.o
        26          0          0          0          0          0   __scatter_copy.o
        28          0          0          0          0          0   __scatter_zi.o
        18          0          0          0          0         80   exit.o
         6          0          0          0          0        152   heapauxi.o
         0          0          0          0          0          0   indicate_semi.o
         2          0          0          0          0          0   libinit.o
         6          0          0          0          0          0   libinit2.o
         2          0          0          0          0          0   libshutdown.o
         2          0          0          0          0          0   libshutdown2.o
         8          4          0          0         96         68   libspace.o
       238          0          0          0          0        100   lludivv7m.o
        68          0          0          0          0         68   rt_memclr.o
        78          0          0          0          0         80   rt_memclr_w.o
       138          0          0          0          0         68   rt_memcpy_v6.o
       100          0          0          0          0         80   rt_memcpy_w.o
         2          0          0          0          0          0   rtexit.o
        10          0          0          0          0          0   rtexit2.o
        12          4          0          0          0         68   sys_exit.o
        74          0          0          0          0         80   sys_stackheap_outer.o
         2          0          0          0          0         68   use_no_semi.o
        10          0          0          0          0        116   fpinit.o

    ----------------------------------------------------------------------
       916         16          0          0        100       1096   Library Totals
         8          0          0          0          4          0   (incl. Padding)

    ----------------------------------------------------------------------

      Code (inc. data)   RO Data    RW Data    ZI Data      Debug   Library Name

       898         16          0          0         96        980   c_w.l
        10          0          0          0          0        116   fz_wv.l

    ----------------------------------------------------------------------
       916         16          0          0        100       1096   Library Totals

    ----------------------------------------------------------------------

==============================================================================


      Code (inc. data)   RO Data    RW Data    ZI Data      Debug   

     49596       2860       3740        244      34236    1821622   Grand Totals
     49596       2860       3740        244      34236    1821622   ELF Image Totals
     49596       2860       3740        244          0          0   ROM Totals

==============================================================================

    Total RO  Size (Code + RO Data)                53336 (  52.09kB)
    Total RW  Size (RW Data + ZI Data)             34480 (  33.67kB)
    Total ROM Size (Code + RO Data + RW Data)      53580 (  52.32kB)

==============================================================================

